10.250.100.186 - - [07/Nov/2024:11:52:52 +0100] "GET /wordpress/wp-admin/js/site-health.min.js?ver=6.6.2 HTTP/1.1" 200 6282 "http://www.bedrift6.d3-101.usn/wordpress/wp-admin/" "Mozilla/5.0 (Windows NT 10.0; Win64; x64) AppleWebKit/537.36 (KHTML, like Gecko) Chrome/130.0.0.0 Safari/537.36"
10.250.100.186 - - [07/Nov/2024:11:52:52 +0100] "GET /wordpress/wp-includes/js/wp-ajax-response.min.js?ver=6.6.2 HTTP/1.1" 200 2505 "http://www.bedrift6.d3-101.usn/wordpress/wp-admin/" "Mozilla/5.0 (Windows NT 10.0; Win64; x64) AppleWebKit/537.36 (KHTML, like Gecko) Chrome/130.0.0.0 Safari/537.36"
10.250.100.186 - - [07/Nov/2024:11:52:52 +0100] "GET /wordpress/wp-includes/js/jquery/jquery.color.min.js?ver=2.2.0 HTTP/1.1" 200 7047 "http://www.bedrift6.d3-101.usn/wordpress/wp-admin/" "Mozilla/5.0 (Windows NT 10.0; Win64; x64) AppleWebKit/537.36 (KHTML, like Gecko) Chrome/130.0.0.0 Safari/537.36"
10.250.100.186 - - [07/Nov/2024:11:52:53 +0100] "GET /wordpress/wp-includes/js/wp-lists.min.js?ver=6.6.2 HTTP/1.1" 200 7521 "http://www.bedrift6.d3-101.usn/wordpress/wp-admin/" "Mozilla/5.0 (Windows NT 10.0; Win64; x64) AppleWebKit/537.36 (KHTML, like Gecko) Chrome/130.0.0.0 Safari/537.36"
10.250.100.186 - - [07/Nov/2024:11:52:53 +0100] "GET /wordpress/wp-includes/js/quicktags.min.js?ver=6.6.2 HTTP/1.1" 200 11132 "http://www.bedrift6.d3-101.usn/wordpress/wp-admin/" "Mozilla/5.0 (Windows NT 10.0; Win64; x64) AppleWebKit/537.36 (KHTML, like Gecko) Chrome/130.0.0.0 Safari/537.36"
10.250.100.186 - - [07/Nov/2024:11:52:53 +0100] "GET /wordpress/wp-includes/js/jquery/jquery.query.js?ver=2.2.3 HTTP/1.1" 200 3694 "http://www.bedrift6.d3-101.usn/wordpress/wp-admin/" "Mozilla/5.0 (Windows NT 10.0; Win64; x64) AppleWebKit/537.36 (KHTML, like Gecko) Chrome/130.0.0.0 Safari/537.36"
10.250.100.186 - - [07/Nov/2024:11:52:53 +0100] "GET /wordpress/wp-admin/js/edit-comments.min.js?ver=6.6.2 HTTP/1.1" 200 15349 "http://www.bedrift6.d3-101.usn/wordpress/wp-admin/" "Mozilla/5.0 (Windows NT 10.0; Win64; x64) AppleWebKit/537.36 (KHTML, like Gecko) Chrome/130.0.0.0 Safari/537.36"
10.250.100.186 - - [07/Nov/2024:11:52:53 +0100] "GET /wordpress/wp-includes/js/jquery/ui/core.min.js?ver=1.13.3 HTTP/1.1" 200 21464 "http://www.bedrift6.d3-101.usn/wordpress/wp-admin/" "Mozilla/5.0 (Windows NT 10.0; Win64; x64) AppleWebKit/537.36 (KHTML, like Gecko) Chrome/130.0.0.0 Safari/537.36"
10.250.100.186 - - [07/Nov/2024:11:52:53 +0100] "GET /wordpress/wp-includes/js/jquery/ui/mouse.min.js?ver=1.13.3 HTTP/1.1" 200 3428 "http://www.bedrift6.d3-101.usn/wordpress/wp-admin/" "Mozilla/5.0 (Windows NT 10.0; Win64; x64) AppleWebKit/537.36 (KHTML, like Gecko) Chrome/130.0.0.0 Safari/537.36"
10.250.100.186 - - [07/Nov/2024:11:52:53 +0100] "GET /wordpress/wp-includes/js/jquery/ui/sortable.min.js?ver=1.13.3 HTTP/1.1" 200 25504 "http://www.bedrift6.d3-101.usn/wordpress/wp-admin/" "Mozilla/5.0 (Windows NT 10.0; Win64; x64) AppleWebKit/537.36 (KHTML, like Gecko) Chrome/130.0.0.0 Safari/537.36"
10.250.100.186 - - [07/Nov/2024:11:52:53 +0100] "GET /wordpress/wp-admin/js/postbox.min.js?ver=6.6.2 HTTP/1.1" 200 6705 "http://www.bedrift6.d3-101.usn/wordpress/wp-admin/" "Mozilla/5.0 (Windows NT 10.0; Win64; x64) AppleWebKit/537.36 (KHTML, like Gecko) Chrome/130.0.0.0 Safari/537.36"
10.250.100.186 - - [07/Nov/2024:11:52:53 +0100] "GET /wordpress/wp-includes/js/dist/deprecated.min.js?ver=e1f84915c5e8ae38964c HTTP/1.1" 200 684 "http://www.bedrift6.d3-101.usn/wordpress/wp-admin/" "Mozilla/5.0 (Windows NT 10.0; Win64; x64) AppleWebKit/537.36 (KHTML, like Gecko) Chrome/130.0.0.0 Safari/537.36"
10.250.100.186 - - [07/Nov/2024:11:52:53 +0100] "GET /wordpress/wp-includes/js/dist/vendor/moment.min.js?ver=2.29.4 HTTP/1.1" 200 57925 "http://www.bedrift6.d3-101.usn/wordpress/wp-admin/" "Mozilla/5.0 (Windows NT 10.0; Win64; x64) AppleWebKit/537.36 (KHTML, like Gecko) Chrome/130.0.0.0 Safari/537.36"
10.250.100.186 - - [07/Nov/2024:11:52:53 +0100] "GET /wordpress/wp-admin/js/dashboard.min.js?ver=6.6.2 HTTP/1.1" 200 8797 "http://www.bedrift6.d3-101.usn/wordpress/wp-admin/" "Mozilla/5.0 (Windows NT 10.0; Win64; x64) AppleWebKit/537.36 (KHTML, like Gecko) Chrome/130.0.0.0 Safari/537.36"
10.250.100.186 - - [07/Nov/2024:11:52:53 +0100] "GET /wordpress/wp-includes/js/thickbox/thickbox.js?ver=3.1-20121105 HTTP/1.1" 200 13332 "http://www.bedrift6.d3-101.usn/wordpress/wp-admin/" "Mozilla/5.0 (Windows NT 10.0; Win64; x64) AppleWebKit/537.36 (KHTML, like Gecko) Chrome/130.0.0.0 Safari/537.36"
10.250.100.186 - - [07/Nov/2024:11:52:53 +0100] "GET /wordpress/wp-admin/js/plugin-install.min.js?ver=6.6.2 HTTP/1.1" 200 2403 "http://www.bedrift6.d3-101.usn/wordpress/wp-admin/" "Mozilla/5.0 (Windows NT 10.0; Win64; x64) AppleWebKit/537.36 (KHTML, like Gecko) Chrome/130.0.0.0 Safari/537.36"
10.250.100.186 - - [07/Nov/2024:11:52:53 +0100] "GET /wordpress/wp-includes/js/wp-sanitize.min.js?ver=6.6.2 HTTP/1.1" 200 458 "http://www.bedrift6.d3-101.usn/wordpress/wp-admin/" "Mozilla/5.0 (Windows NT 10.0; Win64; x64) AppleWebKit/537.36 (KHTML, like Gecko) Chrome/130.0.0.0 Safari/537.36"
10.250.100.186 - - [07/Nov/2024:11:52:53 +0100] "GET /wordpress/wp-includes/js/shortcode.min.js?ver=6.6.2 HTTP/1.1" 200 2643 "http://www.bedrift6.d3-101.usn/wordpress/wp-admin/" "Mozilla/5.0 (Windows NT 10.0; Win64; x64) AppleWebKit/537.36 (KHTML, like Gecko) Chrome/130.0.0.0 Safari/537.36"
10.250.100.186 - - [07/Nov/2024:11:52:53 +0100] "GET /wordpress/wp-admin/js/updates.min.js?ver=6.6.2 HTTP/1.1" 200 48230 "http://www.bedrift6.d3-101.usn/wordpress/wp-admin/" "Mozilla/5.0 (Windows NT 10.0; Win64; x64) AppleWebKit/537.36 (KHTML, like Gecko) Chrome/130.0.0.0 Safari/537.36"
10.250.100.186 - - [07/Nov/2024:11:52:53 +0100] "GET /wordpress/wp-admin/js/media-upload.min.js?ver=6.6.2 HTTP/1.1" 200 1152 "http://www.bedrift6.d3-101.usn/wordpress/wp-admin/" "Mozilla/5.0 (Windows NT 10.0; Win64; x64) AppleWebKit/537.36 (KHTML, like Gecko) Chrome/130.0.0.0 Safari/537.36"
10.250.100.186 - - [07/Nov/2024:11:52:53 +0100] "GET /wordpress/wp-admin/js/svg-painter.js?ver=6.6.2 HTTP/1.1" 200 5522 "http://www.bedrift6.d3-101.usn/wordpress/wp-admin/" "Mozilla/5.0 (Windows NT 10.0; Win64; x64) AppleWebKit/537.36 (KHTML, like Gecko) Chrome/130.0.0.0 Safari/537.36"
10.250.100.186 - - [07/Nov/2024:11:52:53 +0100] "GET /wordpress/wp-includes/js/heartbeat.min.js?ver=6.6.2 HTTP/1.1" 200 6013 "http://www.bedrift6.d3-101.usn/wordpress/wp-admin/" "Mozilla/5.0 (Windows NT 10.0; Win64; x64) AppleWebKit/537.36 (KHTML, like Gecko) Chrome/130.0.0.0 Safari/537.36"
10.250.100.186 - - [07/Nov/2024:11:52:53 +0100] "GET /wordpress/wp-includes/js/wp-auth-check.min.js?ver=6.6.2 HTTP/1.1" 200 1658 "http://www.bedrift6.d3-101.usn/wordpress/wp-admin/" "Mozilla/5.0 (Windows NT 10.0; Win64; x64) AppleWebKit/537.36 (KHTML, like Gecko) Chrome/130.0.0.0 Safari/537.36"
10.250.100.186 - - [07/Nov/2024:11:52:53 +0100] "GET /wordpress/wp-includes/js/wplink.min.js?ver=6.6.2 HTTP/1.1" 200 11332 "http://www.bedrift6.d3-101.usn/wordpress/wp-admin/" "Mozilla/5.0 (Windows NT 10.0; Win64; x64) AppleWebKit/537.36 (KHTML, like Gecko) Chrome/130.0.0.0 Safari/537.36"
10.250.100.186 - - [07/Nov/2024:11:52:53 +0100] "GET /wordpress/wp-includes/js/jquery/ui/menu.min.js?ver=1.13.3 HTTP/1.1" 200 10199 "http://www.bedrift6.d3-101.usn/wordpress/wp-admin/" "Mozilla/5.0 (Windows NT 10.0; Win64; x64) AppleWebKit/537.36 (KHTML, like Gecko) Chrome/130.0.0.0 Safari/537.36"
10.250.100.186 - - [07/Nov/2024:11:52:53 +0100] "GET /wordpress/wp-includes/js/dist/date.min.js?ver=aaca6387d1cf924acc51 HTTP/1.1" 200 783428 "http://www.bedrift6.d3-101.usn/wordpress/wp-admin/" "Mozilla/5.0 (Windows NT 10.0; Win64; x64) AppleWebKit/537.36 (KHTML, like Gecko) Chrome/130.0.0.0 Safari/537.36"
10.250.100.186 - - [07/Nov/2024:11:52:53 +0100] "GET /wordpress/wp-includes/js/jquery/ui/autocomplete.min.js?ver=1.13.3 HTTP/1.1" 200 8536 "http://www.bedrift6.d3-101.usn/wordpress/wp-admin/" "Mozilla/5.0 (Windows NT 10.0; Win64; x64) AppleWebKit/537.36 (KHTML, like Gecko) Chrome/130.0.0.0 Safari/537.36"
10.250.100.186 - - [07/Nov/2024:11:52:53 +0100] "GET /wordpress/wp-includes/js/wp-emoji-release.min.js?ver=6.6.2 HTTP/1.1" 200 18726 "http://www.bedrift6.d3-101.usn/wordpress/wp-admin/" "Mozilla/5.0 (Windows NT 10.0; Win64; x64) AppleWebKit/537.36 (KHTML, like Gecko) Chrome/130.0.0.0 Safari/537.36"
10.250.100.186 - - [07/Nov/2024:11:52:53 +0100] "GET /wordpress/wp-includes/js/thickbox/loadingAnimation.gif HTTP/1.1" 200 15238 "http://www.bedrift6.d3-101.usn/wordpress/wp-admin/" "Mozilla/5.0 (Windows NT 10.0; Win64; x64) AppleWebKit/537.36 (KHTML, like Gecko) Chrome/130.0.0.0 Safari/537.36"
10.250.100.186 - - [07/Nov/2024:11:52:53 +0100] "GET /wordpress/wp-admin/admin-ajax.php?action=wp-compression-test&test=1&_ajax_nonce=dd8f90a3b0&1730976771872 HTTP/1.1" 200 1114 "http://www.bedrift6.d3-101.usn/wordpress/wp-admin/" "Mozilla/5.0 (Windows NT 10.0; Win64; x64) AppleWebKit/537.36 (KHTML, like Gecko) Chrome/130.0.0.0 Safari/537.36"
10.250.100.186 - - [07/Nov/2024:11:52:53 +0100] "GET /wordpress/wp-admin/admin-ajax.php?action=wp-compression-test&test=2&_ajax_nonce=dd8f90a3b0&1730976771915 HTTP/1.1" 200 572 "http://www.bedrift6.d3-101.usn/wordpress/wp-admin/" "Mozilla/5.0 (Windows NT 10.0; Win64; x64) AppleWebKit/537.36 (KHTML, like Gecko) Chrome/130.0.0.0 Safari/537.36"
10.250.100.186 - - [07/Nov/2024:11:52:53 +0100] "GET /wordpress/wp-admin/admin-ajax.php?action=wp-compression-test&test=yes&_ajax_nonce=dd8f90a3b0&1730976771938 HTTP/1.1" 200 1 "http://www.bedrift6.d3-101.usn/wordpress/wp-admin/" "Mozilla/5.0 (Windows NT 10.0; Win64; x64) AppleWebKit/537.36 (KHTML, like Gecko) Chrome/130.0.0.0 Safari/537.36"
10.250.100.186 - - [07/Nov/2024:11:52:53 +0100] "POST /wordpress/wp-admin/admin-ajax.php HTTP/1.1" 200 101 "http://www.bedrift6.d3-101.usn/wordpress/wp-admin/" "Mozilla/5.0 (Windows NT 10.0; Win64; x64) AppleWebKit/537.36 (KHTML, like Gecko) Chrome/130.0.0.0 Safari/537.36"
10.250.100.186 - - [07/Nov/2024:11:52:53 +0100] "GET /wordpress/wp-admin/admin-ajax.php?action=dashboard-widgets&widget=dashboard_primary&pagenow=dashboard HTTP/1.1" 200 1055 "http://www.bedrift6.d3-101.usn/wordpress/wp-admin/" "Mozilla/5.0 (Windows NT 10.0; Win64; x64) AppleWebKit/537.36 (KHTML, like Gecko) Chrome/130.0.0.0 Safari/537.36"
10.250.100.56 - - [07/Nov/2024:11:53:04 +0100] "POST /mail/?_task=mail&_action=refresh HTTP/1.1" 200 124 "http://www.bedrift6.d3-101.usn/mail/?_task=mail&_mbox=INBOX" "Mozilla/5.0 (Windows NT 10.0; Win64; x64; rv:132.0) Gecko/20100101 Firefox/132.0"
10.250.100.186 - - [07/Nov/2024:11:53:19 +0100] "GET /wordpress/wp-admin/themes.php HTTP/1.1" 200 56344 "http://www.bedrift6.d3-101.usn/wordpress/wp-admin/" "Mozilla/5.0 (Windows NT 10.0; Win64; x64) AppleWebKit/537.36 (KHTML, like Gecko) Chrome/130.0.0.0 Safari/537.36"
10.250.100.186 - - [07/Nov/2024:11:53:19 +0100] "GET /wordpress/wp-content/themes/twentytwentythree/screenshot.png?ver=1.5 HTTP/1.1" 200 81654 "http://www.bedrift6.d3-101.usn/wordpress/wp-admin/themes.php" "Mozilla/5.0 (Windows NT 10.0; Win64; x64) AppleWebKit/537.36 (KHTML, like Gecko) Chrome/130.0.0.0 Safari/537.36"
10.250.100.186 - - [07/Nov/2024:11:53:19 +0100] "GET /wordpress/wp-admin/load-scripts.php?c=1&load%5Bchunk_0%5D=jquery-core,jquery-migrate,utils&ver=6.6.2 HTTP/1.1" 200 102997 "http://www.bedrift6.d3-101.usn/wordpress/wp-admin/themes.php" "Mozilla/5.0 (Windows NT 10.0; Win64; x64) AppleWebKit/537.36 (KHTML, like Gecko) Chrome/130.0.0.0 Safari/537.36"
10.250.100.186 - - [07/Nov/2024:11:53:19 +0100] "GET /wordpress/wp-content/themes/twentytwentytwo/screenshot.png?ver=1.8 HTTP/1.1" 200 160517 "http://www.bedrift6.d3-101.usn/wordpress/wp-admin/themes.php" "Mozilla/5.0 (Windows NT 10.0; Win64; x64) AppleWebKit/537.36 (KHTML, like Gecko) Chrome/130.0.0.0 Safari/537.36"
10.250.100.186 - - [07/Nov/2024:11:53:19 +0100] "GET /wordpress/wp-admin/load-styles.php?c=1&dir=ltr&load%5Bchunk_0%5D=dashicons,admin-bar,common,forms,admin-menu,dashboard,list-tables,edit,revisions,media,themes,about,nav-menus,wp-pointer,widgets&load%5Bchunk_1%5D=,site-icon,l10n,buttons,wp-auth-check&ver=6.6.2 HTTP/1.1" 200 395280 "http://www.bedrift6.d3-101.usn/wordpress/wp-admin/themes.php" "Mozilla/5.0 (Windows NT 10.0; Win64; x64) AppleWebKit/537.36 (KHTML, like Gecko) Chrome/130.0.0.0 Safari/537.36"
10.250.100.186 - - [07/Nov/2024:11:53:19 +0100] "GET /wordpress/wp-admin/load-scripts.php?c=1&load%5Bchunk_0%5D=hoverIntent,wp-hooks&ver=6.6.2 HTTP/1.1" 200 5808 "http://www.bedrift6.d3-101.usn/wordpress/wp-admin/themes.php" "Mozilla/5.0 (Windows NT 10.0; Win64; x64) AppleWebKit/537.36 (KHTML, like Gecko) Chrome/130.0.0.0 Safari/537.36"
10.250.100.186 - - [07/Nov/2024:11:53:19 +0100] "GET /wordpress/wp-content/themes/twentytwentyfour/screenshot.png?ver=1.2 HTTP/1.1" 200 721059 "http://www.bedrift6.d3-101.usn/wordpress/wp-admin/themes.php" "Mozilla/5.0 (Windows NT 10.0; Win64; x64) AppleWebKit/537.36 (KHTML, like Gecko) Chrome/130.0.0.0 Safari/537.36"
10.250.100.186 - - [07/Nov/2024:11:53:19 +0100] "GET /wordpress/wp-includes/js/backbone.min.js?ver=1.5.0 HTTP/1.1" 200 24140 "http://www.bedrift6.d3-101.usn/wordpress/wp-admin/themes.php" "Mozilla/5.0 (Windows NT 10.0; Win64; x64) AppleWebKit/537.36 (KHTML, like Gecko) Chrome/130.0.0.0 Safari/537.36"
10.250.100.186 - - [07/Nov/2024:11:53:19 +0100] "GET /wordpress/wp-includes/js/wp-backbone.min.js?ver=6.6.2 HTTP/1.1" 200 3039 "http://www.bedrift6.d3-101.usn/wordpress/wp-admin/themes.php" "Mozilla/5.0 (Windows NT 10.0; Win64; x64) AppleWebKit/537.36 (KHTML, like Gecko) Chrome/130.0.0.0 Safari/537.36"
10.250.100.186 - - [07/Nov/2024:11:53:19 +0100] "GET /wordpress/wp-includes/js/customize-base.min.js?ver=6.6.2 HTTP/1.1" 200 7852 "http://www.bedrift6.d3-101.usn/wordpress/wp-admin/themes.php" "Mozilla/5.0 (Windows NT 10.0; Win64; x64) AppleWebKit/537.36 (KHTML, like Gecko) Chrome/130.0.0.0 Safari/537.36"
10.250.100.186 - - [07/Nov/2024:11:53:19 +0100] "GET /wordpress/wp-admin/js/theme.min.js?ver=6.6.2 HTTP/1.1" 200 27037 "http://www.bedrift6.d3-101.usn/wordpress/wp-admin/themes.php" "Mozilla/5.0 (Windows NT 10.0; Win64; x64) AppleWebKit/537.36 (KHTML, like Gecko) Chrome/130.0.0.0 Safari/537.36"
10.250.100.186 - - [07/Nov/2024:11:53:33 +0100] "GET /wordpress/wp-admin/theme-install.php HTTP/1.1" 200 48879 "http://www.bedrift6.d3-101.usn/wordpress/wp-admin/themes.php" "Mozilla/5.0 (Windows NT 10.0; Win64; x64) AppleWebKit/537.36 (KHTML, like Gecko) Chrome/130.0.0.0 Safari/537.36"
10.250.100.186 - - [07/Nov/2024:11:53:34 +0100] "GET /wordpress/wp-admin/images/spinner.gif HTTP/1.1" 200 3656 "http://www.bedrift6.d3-101.usn/wordpress/wp-admin/load-styles.php?c=1&dir=ltr&load%5Bchunk_0%5D=dashicons,admin-bar,common,forms,admin-menu,dashboard,list-tables,edit,revisions,media,themes,about,nav-menus,wp-pointer,widgets&load%5Bchunk_1%5D=,site-icon,l10n,buttons,wp-auth-check&ver=6.6.2" "Mozilla/5.0 (Windows NT 10.0; Win64; x64) AppleWebKit/537.36 (KHTML, like Gecko) Chrome/130.0.0.0 Safari/537.36"
10.250.100.186 - - [07/Nov/2024:11:53:34 +0100] "POST /wordpress/wp-admin/admin-ajax.php HTTP/1.1" 200 215857 "http://www.bedrift6.d3-101.usn/wordpress/wp-admin/theme-install.php?browse=popular" "Mozilla/5.0 (Windows NT 10.0; Win64; x64) AppleWebKit/537.36 (KHTML, like Gecko) Chrome/130.0.0.0 Safari/537.36"
10.250.100.186 - - [07/Nov/2024:11:53:45 +0100] "POST /wordpress/wp-admin/admin-ajax.php HTTP/1.1" 200 77 "http://www.bedrift6.d3-101.usn/wordpress/wp-admin/theme-install.php?browse=popular" "Mozilla/5.0 (Windows NT 10.0; Win64; x64) AppleWebKit/537.36 (KHTML, like Gecko) Chrome/130.0.0.0 Safari/537.36"
10.250.100.186 - - [07/Nov/2024:11:53:48 +0100] "POST /wordpress/wp-admin/admin-ajax.php HTTP/1.1" 200 237088 "http://www.bedrift6.d3-101.usn/wordpress/wp-admin/theme-install.php?search=rizz" "Mozilla/5.0 (Windows NT 10.0; Win64; x64) AppleWebKit/537.36 (KHTML, like Gecko) Chrome/130.0.0.0 Safari/537.36"
10.250.100.186 - - [07/Nov/2024:11:53:56 +0100] "POST /wordpress/wp-admin/admin-ajax.php HTTP/1.1" 200 260365 "http://www.bedrift6.d3-101.usn/wordpress/wp-admin/theme-install.php?search=" "Mozilla/5.0 (Windows NT 10.0; Win64; x64) AppleWebKit/537.36 (KHTML, like Gecko) Chrome/130.0.0.0 Safari/537.36"
10.250.100.186 - - [07/Nov/2024:11:54:01 +0100] "POST /wordpress/wp-admin/admin-ajax.php HTTP/1.1" 200 314988 "http://www.bedrift6.d3-101.usn/wordpress/wp-admin/theme-install.php?search=profess" "Mozilla/5.0 (Windows NT 10.0; Win64; x64) AppleWebKit/537.36 (KHTML, like Gecko) Chrome/130.0.0.0 Safari/537.36"
10.250.100.56 - - [07/Nov/2024:11:54:05 +0100] "POST /mail/?_task=mail&_action=refresh HTTP/1.1" 200 124 "http://www.bedrift6.d3-101.usn/mail/?_task=mail&_mbox=INBOX" "Mozilla/5.0 (Windows NT 10.0; Win64; x64; rv:132.0) Gecko/20100101 Firefox/132.0"
10.250.100.186 - - [07/Nov/2024:11:54:19 +0100] "POST /wordpress/wp-admin/admin-ajax.php HTTP/1.1" 200 241856 "http://www.bedrift6.d3-101.usn/wordpress/wp-admin/theme-install.php?search=network" "Mozilla/5.0 (Windows NT 10.0; Win64; x64) AppleWebKit/537.36 (KHTML, like Gecko) Chrome/130.0.0.0 Safari/537.36"
10.250.100.186 - - [07/Nov/2024:11:54:22 +0100] "POST /wordpress/wp-admin/admin-ajax.php HTTP/1.1" 200 243393 "http://www.bedrift6.d3-101.usn/wordpress/wp-admin/theme-install.php?search=s" "Mozilla/5.0 (Windows NT 10.0; Win64; x64) AppleWebKit/537.36 (KHTML, like Gecko) Chrome/130.0.0.0 Safari/537.36"
10.250.100.186 - - [07/Nov/2024:11:54:34 +0100] "POST /wordpress/wp-admin/admin-ajax.php HTTP/1.1" 200 47 "http://www.bedrift6.d3-101.usn/wordpress/wp-admin/theme-install.php?search=security" "Mozilla/5.0 (Windows NT 10.0; Win64; x64) AppleWebKit/537.36 (KHTML, like Gecko) Chrome/130.0.0.0 Safari/537.36"
10.250.100.56 - - [07/Nov/2024:11:55:07 +0100] "POST /mail/?_task=mail&_action=refresh HTTP/1.1" 200 124 "http://www.bedrift6.d3-101.usn/mail/?_task=mail&_mbox=INBOX" "Mozilla/5.0 (Windows NT 10.0; Win64; x64; rv:132.0) Gecko/20100101 Firefox/132.0"
10.250.100.186 - - [07/Nov/2024:11:55:34 +0100] "POST /wordpress/wp-admin/admin-ajax.php HTTP/1.1" 200 47 "http://www.bedrift6.d3-101.usn/wordpress/wp-admin/theme-install.php?search=security" "Mozilla/5.0 (Windows NT 10.0; Win64; x64) AppleWebKit/537.36 (KHTML, like Gecko) Chrome/130.0.0.0 Safari/537.36"
10.250.100.56 - - [07/Nov/2024:11:56:07 +0100] "POST /mail/?_task=mail&_action=refresh HTTP/1.1" 200 125 "http://www.bedrift6.d3-101.usn/mail/?_task=mail&_mbox=INBOX" "Mozilla/5.0 (Windows NT 10.0; Win64; x64; rv:132.0) Gecko/20100101 Firefox/132.0"
10.250.100.186 - - [07/Nov/2024:11:56:13 +0100] "POST /wordpress/wp-admin/admin-ajax.php HTTP/1.1" 200 200 "http://www.bedrift6.d3-101.usn/wordpress/wp-admin/theme-install.php?search=security" "Mozilla/5.0 (Windows NT 10.0; Win64; x64) AppleWebKit/537.36 (KHTML, like Gecko) Chrome/130.0.0.0 Safari/537.36"
10.250.100.186 - - [07/Nov/2024:11:56:21 +0100] "POST /wordpress/wp-admin/admin-ajax.php HTTP/1.1" 200 200 "http://www.bedrift6.d3-101.usn/wordpress/wp-admin/theme-install.php?search=security" "Mozilla/5.0 (Windows NT 10.0; Win64; x64) AppleWebKit/537.36 (KHTML, like Gecko) Chrome/130.0.0.0 Safari/537.36"
10.250.100.186 - - [07/Nov/2024:11:56:34 +0100] "POST /wordpress/wp-admin/admin-ajax.php HTTP/1.1" 200 47 "http://www.bedrift6.d3-101.usn/wordpress/wp-admin/theme-install.php?search=security" "Mozilla/5.0 (Windows NT 10.0; Win64; x64) AppleWebKit/537.36 (KHTML, like Gecko) Chrome/130.0.0.0 Safari/537.36"
10.250.100.56 - - [07/Nov/2024:11:57:07 +0100] "POST /mail/?_task=mail&_action=refresh HTTP/1.1" 200 124 "http://www.bedrift6.d3-101.usn/mail/?_task=mail&_mbox=INBOX" "Mozilla/5.0 (Windows NT 10.0; Win64; x64; rv:132.0) Gecko/20100101 Firefox/132.0"
10.250.100.186 - - [07/Nov/2024:11:57:34 +0100] "POST /wordpress/wp-admin/admin-ajax.php HTTP/1.1" 200 47 "http://www.bedrift6.d3-101.usn/wordpress/wp-admin/theme-install.php?search=security" "Mozilla/5.0 (Windows NT 10.0; Win64; x64) AppleWebKit/537.36 (KHTML, like Gecko) Chrome/130.0.0.0 Safari/537.36"
10.250.100.56 - - [07/Nov/2024:11:58:08 +0100] "POST /mail/?_task=mail&_action=refresh HTTP/1.1" 200 124 "http://www.bedrift6.d3-101.usn/mail/?_task=mail&_mbox=INBOX" "Mozilla/5.0 (Windows NT 10.0; Win64; x64; rv:132.0) Gecko/20100101 Firefox/132.0"
10.250.100.186 - - [07/Nov/2024:11:58:34 +0100] "POST /wordpress/wp-admin/admin-ajax.php HTTP/1.1" 200 47 "http://www.bedrift6.d3-101.usn/wordpress/wp-admin/theme-install.php?search=security" "Mozilla/5.0 (Windows NT 10.0; Win64; x64) AppleWebKit/537.36 (KHTML, like Gecko) Chrome/130.0.0.0 Safari/537.36"
10.250.100.56 - - [07/Nov/2024:11:59:08 +0100] "POST /mail/?_task=mail&_action=refresh HTTP/1.1" 200 123 "http://www.bedrift6.d3-101.usn/mail/?_task=mail&_mbox=INBOX" "Mozilla/5.0 (Windows NT 10.0; Win64; x64; rv:132.0) Gecko/20100101 Firefox/132.0"
10.250.100.186 - - [07/Nov/2024:11:59:11 +0100] "POST /wordpress/wp-admin/admin-ajax.php HTTP/1.1" 200 200 "http://www.bedrift6.d3-101.usn/wordpress/wp-admin/theme-install.php?search=security" "Mozilla/5.0 (Windows NT 10.0; Win64; x64) AppleWebKit/537.36 (KHTML, like Gecko) Chrome/130.0.0.0 Safari/537.36"
10.250.100.186 - - [07/Nov/2024:11:59:18 +0100] "POST /wordpress/wp-admin/admin-ajax.php HTTP/1.1" 200 200 "http://www.bedrift6.d3-101.usn/wordpress/wp-admin/theme-install.php?search=security" "Mozilla/5.0 (Windows NT 10.0; Win64; x64) AppleWebKit/537.36 (KHTML, like Gecko) Chrome/130.0.0.0 Safari/537.36"
10.250.100.186 - - [07/Nov/2024:11:59:34 +0100] "POST /wordpress/wp-admin/admin-ajax.php HTTP/1.1" 200 47 "http://www.bedrift6.d3-101.usn/wordpress/wp-admin/theme-install.php?search=security" "Mozilla/5.0 (Windows NT 10.0; Win64; x64) AppleWebKit/537.36 (KHTML, like Gecko) Chrome/130.0.0.0 Safari/537.36"
10.250.100.56 - - [07/Nov/2024:12:00:08 +0100] "POST /mail/?_task=mail&_action=refresh HTTP/1.1" 200 124 "http://www.bedrift6.d3-101.usn/mail/?_task=mail&_mbox=INBOX" "Mozilla/5.0 (Windows NT 10.0; Win64; x64; rv:132.0) Gecko/20100101 Firefox/132.0"
10.250.100.186 - - [07/Nov/2024:12:00:35 +0100] "POST /wordpress/wp-admin/admin-ajax.php HTTP/1.1" 200 47 "http://www.bedrift6.d3-101.usn/wordpress/wp-admin/theme-install.php?search=security" "Mozilla/5.0 (Windows NT 10.0; Win64; x64) AppleWebKit/537.36 (KHTML, like Gecko) Chrome/130.0.0.0 Safari/537.36"
10.250.100.56 - - [07/Nov/2024:12:01:09 +0100] "POST /mail/?_task=mail&_action=refresh HTTP/1.1" 200 124 "http://www.bedrift6.d3-101.usn/mail/?_task=mail&_mbox=INBOX" "Mozilla/5.0 (Windows NT 10.0; Win64; x64; rv:132.0) Gecko/20100101 Firefox/132.0"
10.250.100.186 - - [07/Nov/2024:12:01:12 +0100] "POST /wordpress/wp-admin/admin-ajax.php HTTP/1.1" 200 200 "http://www.bedrift6.d3-101.usn/wordpress/wp-admin/theme-install.php?search=security" "Mozilla/5.0 (Windows NT 10.0; Win64; x64) AppleWebKit/537.36 (KHTML, like Gecko) Chrome/130.0.0.0 Safari/537.36"
10.250.100.186 - - [07/Nov/2024:12:01:36 +0100] "POST /wordpress/wp-admin/admin-ajax.php HTTP/1.1" 200 47 "http://www.bedrift6.d3-101.usn/wordpress/wp-admin/theme-install.php?search=security" "Mozilla/5.0 (Windows NT 10.0; Win64; x64) AppleWebKit/537.36 (KHTML, like Gecko) Chrome/130.0.0.0 Safari/537.36"
10.250.100.186 - - [07/Nov/2024:12:02:06 +0100] "POST /wordpress/wp-admin/admin-ajax.php HTTP/1.1" 200 200 "http://www.bedrift6.d3-101.usn/wordpress/wp-admin/theme-install.php?search=security" "Mozilla/5.0 (Windows NT 10.0; Win64; x64) AppleWebKit/537.36 (KHTML, like Gecko) Chrome/130.0.0.0 Safari/537.36"
10.250.100.56 - - [07/Nov/2024:12:02:09 +0100] "POST /mail/?_task=mail&_action=refresh HTTP/1.1" 200 311 "http://www.bedrift6.d3-101.usn/mail/?_task=mail&_mbox=INBOX" "Mozilla/5.0 (Windows NT 10.0; Win64; x64; rv:132.0) Gecko/20100101 Firefox/132.0"
10.250.100.186 - - [07/Nov/2024:12:02:37 +0100] "POST /wordpress/wp-admin/admin-ajax.php HTTP/1.1" 200 47 "http://www.bedrift6.d3-101.usn/wordpress/wp-admin/theme-install.php?search=security" "Mozilla/5.0 (Windows NT 10.0; Win64; x64) AppleWebKit/537.36 (KHTML, like Gecko) Chrome/130.0.0.0 Safari/537.36"
10.250.100.186 - - [07/Nov/2024:12:02:46 +0100] "POST /wordpress/wp-admin/admin-ajax.php HTTP/1.1" 200 200 "http://www.bedrift6.d3-101.usn/wordpress/wp-admin/theme-install.php?search=security" "Mozilla/5.0 (Windows NT 10.0; Win64; x64) AppleWebKit/537.36 (KHTML, like Gecko) Chrome/130.0.0.0 Safari/537.36"
10.250.100.56 - - [07/Nov/2024:12:03:09 +0100] "POST /mail/?_task=mail&_action=refresh HTTP/1.1" 200 242 "http://www.bedrift6.d3-101.usn/mail/?_task=mail&_mbox=INBOX" "Mozilla/5.0 (Windows NT 10.0; Win64; x64; rv:132.0) Gecko/20100101 Firefox/132.0"
10.250.100.186 - - [07/Nov/2024:12:03:38 +0100] "POST /wordpress/wp-admin/admin-ajax.php HTTP/1.1" 200 47 "http://www.bedrift6.d3-101.usn/wordpress/wp-admin/theme-install.php?search=security" "Mozilla/5.0 (Windows NT 10.0; Win64; x64) AppleWebKit/537.36 (KHTML, like Gecko) Chrome/130.0.0.0 Safari/537.36"
10.250.100.186 - - [07/Nov/2024:12:04:06 +0100] "POST /wordpress/wp-admin/admin-ajax.php HTTP/1.1" 200 200 "http://www.bedrift6.d3-101.usn/wordpress/wp-admin/theme-install.php?search=security" "Mozilla/5.0 (Windows NT 10.0; Win64; x64) AppleWebKit/537.36 (KHTML, like Gecko) Chrome/130.0.0.0 Safari/537.36"
10.250.100.56 - - [07/Nov/2024:12:04:10 +0100] "POST /mail/?_task=mail&_action=refresh HTTP/1.1" 200 241 "http://www.bedrift6.d3-101.usn/mail/?_task=mail&_mbox=INBOX" "Mozilla/5.0 (Windows NT 10.0; Win64; x64; rv:132.0) Gecko/20100101 Firefox/132.0"
10.250.100.186 - - [07/Nov/2024:12:04:38 +0100] "POST /wordpress/wp-admin/admin-ajax.php HTTP/1.1" 200 47 "http://www.bedrift6.d3-101.usn/wordpress/wp-admin/theme-install.php?search=security" "Mozilla/5.0 (Windows NT 10.0; Win64; x64) AppleWebKit/537.36 (KHTML, like Gecko) Chrome/130.0.0.0 Safari/537.36"
10.250.100.56 - - [07/Nov/2024:12:05:10 +0100] "POST /mail/?_task=mail&_action=refresh HTTP/1.1" 200 242 "http://www.bedrift6.d3-101.usn/mail/?_task=mail&_mbox=INBOX" "Mozilla/5.0 (Windows NT 10.0; Win64; x64; rv:132.0) Gecko/20100101 Firefox/132.0"
10.250.100.186 - - [07/Nov/2024:12:05:38 +0100] "POST /wordpress/wp-admin/admin-ajax.php HTTP/1.1" 200 47 "http://www.bedrift6.d3-101.usn/wordpress/wp-admin/theme-install.php?search=security" "Mozilla/5.0 (Windows NT 10.0; Win64; x64) AppleWebKit/537.36 (KHTML, like Gecko) Chrome/130.0.0.0 Safari/537.36"
10.250.100.56 - - [07/Nov/2024:12:06:10 +0100] "POST /mail/?_task=mail&_action=refresh HTTP/1.1" 200 243 "http://www.bedrift6.d3-101.usn/mail/?_task=mail&_mbox=INBOX" "Mozilla/5.0 (Windows NT 10.0; Win64; x64; rv:132.0) Gecko/20100101 Firefox/132.0"
10.250.100.186 - - [07/Nov/2024:12:06:39 +0100] "POST /wordpress/wp-admin/admin-ajax.php HTTP/1.1" 200 47 "http://www.bedrift6.d3-101.usn/wordpress/wp-admin/theme-install.php?search=security" "Mozilla/5.0 (Windows NT 10.0; Win64; x64) AppleWebKit/537.36 (KHTML, like Gecko) Chrome/130.0.0.0 Safari/537.36"
10.250.100.186 - - [07/Nov/2024:12:07:01 +0100] "POST /wordpress/wp-admin/admin-ajax.php HTTP/1.1" 200 200 "http://www.bedrift6.d3-101.usn/wordpress/wp-admin/theme-install.php?search=security" "Mozilla/5.0 (Windows NT 10.0; Win64; x64) AppleWebKit/537.36 (KHTML, like Gecko) Chrome/130.0.0.0 Safari/537.36"
10.250.100.56 - - [07/Nov/2024:12:07:11 +0100] "POST /mail/?_task=mail&_action=refresh HTTP/1.1" 200 243 "http://www.bedrift6.d3-101.usn/mail/?_task=mail&_mbox=INBOX" "Mozilla/5.0 (Windows NT 10.0; Win64; x64; rv:132.0) Gecko/20100101 Firefox/132.0"
10.250.100.186 - - [07/Nov/2024:12:07:31 +0100] "GET /wordpress/wp-admin/index.php HTTP/1.1" 200 73131 "http://www.bedrift6.d3-101.usn/wordpress/wp-admin/theme-install.php?browse=popular" "Mozilla/5.0 (Windows NT 10.0; Win64; x64) AppleWebKit/537.36 (KHTML, like Gecko) Chrome/130.0.0.0 Safari/537.36"
10.250.100.186 - - [07/Nov/2024:12:07:31 +0100] "GET /wordpress/wp-admin/load-styles.php?c=1&dir=ltr&load%5Bchunk_0%5D=dashicons,admin-bar,site-health,common,forms,admin-menu,dashboard,list-tables,edit,revisions,media,themes,about,nav-menus,wp-poi&load%5Bchunk_1%5D=nter,widgets,site-icon,l10n,buttons,wp-auth-check&ver=6.6.2 HTTP/1.1" 200 400455 "http://www.bedrift6.d3-101.usn/wordpress/wp-admin/index.php" "Mozilla/5.0 (Windows NT 10.0; Win64; x64) AppleWebKit/537.36 (KHTML, like Gecko) Chrome/130.0.0.0 Safari/537.36"
10.250.100.186 - - [07/Nov/2024:12:07:36 +0100] "GET /wordpress/wp-admin/themes.php HTTP/1.1" 200 56370 "http://www.bedrift6.d3-101.usn/wordpress/wp-admin/index.php" "Mozilla/5.0 (Windows NT 10.0; Win64; x64) AppleWebKit/537.36 (KHTML, like Gecko) Chrome/130.0.0.0 Safari/537.36"
10.250.100.186 - - [07/Nov/2024:12:07:40 +0100] "GET /wordpress/wp-admin/themes.php?action=activate&stylesheet=twentytwentytwo&_wpnonce=11849c2b4f HTTP/1.1" 302 - "http://www.bedrift6.d3-101.usn/wordpress/wp-admin/themes.php" "Mozilla/5.0 (Windows NT 10.0; Win64; x64) AppleWebKit/537.36 (KHTML, like Gecko) Chrome/130.0.0.0 Safari/537.36"
10.250.100.186 - - [07/Nov/2024:12:07:40 +0100] "GET /wordpress/wp-admin/themes.php?activated=true HTTP/1.1" 200 56152 "http://www.bedrift6.d3-101.usn/wordpress/wp-admin/themes.php" "Mozilla/5.0 (Windows NT 10.0; Win64; x64) AppleWebKit/537.36 (KHTML, like Gecko) Chrome/130.0.0.0 Safari/537.36"
10.250.100.186 - - [07/Nov/2024:12:07:45 +0100] "GET /wordpress/wp-includes/js/mediaelement/mediaelementplayer-legacy.min.css?ver=4.2.17 HTTP/1.1" 200 11256 "http://www.bedrift6.d3-101.usn/wordpress/wp-admin/site-editor.php?return=http%3A%2F%2Fwww.bedrift6.d3-101.usn%2Fwordpress%2Fwp-admin%2Fthemes.php%3Ftheme%3Dtwentytwentytwo" "Mozilla/5.0 (Windows NT 10.0; Win64; x64) AppleWebKit/537.36 (KHTML, like Gecko) Chrome/130.0.0.0 Safari/537.36"
10.250.100.186 - - [07/Nov/2024:12:07:45 +0100] "GET /wordpress/wp-includes/js/mediaelement/wp-mediaelement.min.css?ver=6.6.2 HTTP/1.1" 200 4186 "http://www.bedrift6.d3-101.usn/wordpress/wp-admin/site-editor.php?return=http%3A%2F%2Fwww.bedrift6.d3-101.usn%2Fwordpress%2Fwp-admin%2Fthemes.php%3Ftheme%3Dtwentytwentytwo" "Mozilla/5.0 (Windows NT 10.0; Win64; x64) AppleWebKit/537.36 (KHTML, like Gecko) Chrome/130.0.0.0 Safari/537.36"
10.250.100.186 - - [07/Nov/2024:12:07:45 +0100] "GET /wordpress/wp-includes/js/imgareaselect/imgareaselect.css?ver=0.9.8 HTTP/1.1" 200 790 "http://www.bedrift6.d3-101.usn/wordpress/wp-admin/site-editor.php?return=http%3A%2F%2Fwww.bedrift6.d3-101.usn%2Fwordpress%2Fwp-admin%2Fthemes.php%3Ftheme%3Dtwentytwentytwo" "Mozilla/5.0 (Windows NT 10.0; Win64; x64) AppleWebKit/537.36 (KHTML, like Gecko) Chrome/130.0.0.0 Safari/537.36"
10.250.100.186 - - [07/Nov/2024:12:07:44 +0100] "GET /wordpress/wp-admin/site-editor.php?return=http%3A%2F%2Fwww.bedrift6.d3-101.usn%2Fwordpress%2Fwp-admin%2Fthemes.php%3Ftheme%3Dtwentytwentytwo HTTP/1.1" 200 391152 "http://www.bedrift6.d3-101.usn/wordpress/wp-admin/themes.php?theme=twentytwentytwo" "Mozilla/5.0 (Windows NT 10.0; Win64; x64) AppleWebKit/537.36 (KHTML, like Gecko) Chrome/130.0.0.0 Safari/537.36"
10.250.100.186 - - [07/Nov/2024:12:07:45 +0100] "GET /wordpress/wp-includes/js/dist/vendor/react.min.js?ver=18.3.1 HTTP/1.1" 200 6682 "http://www.bedrift6.d3-101.usn/wordpress/wp-admin/site-editor.php?return=http%3A%2F%2Fwww.bedrift6.d3-101.usn%2Fwordpress%2Fwp-admin%2Fthemes.php%3Ftheme%3Dtwentytwentytwo" "Mozilla/5.0 (Windows NT 10.0; Win64; x64) AppleWebKit/537.36 (KHTML, like Gecko) Chrome/130.0.0.0 Safari/537.36"
10.250.100.186 - - [07/Nov/2024:12:07:45 +0100] "GET /wordpress/wp-includes/js/dist/vendor/react-dom.min.js?ver=18.3.1 HTTP/1.1" 200 133233 "http://www.bedrift6.d3-101.usn/wordpress/wp-admin/site-editor.php?return=http%3A%2F%2Fwww.bedrift6.d3-101.usn%2Fwordpress%2Fwp-admin%2Fthemes.php%3Ftheme%3Dtwentytwentytwo" "Mozilla/5.0 (Windows NT 10.0; Win64; x64) AppleWebKit/537.36 (KHTML, like Gecko) Chrome/130.0.0.0 Safari/537.36"
10.250.100.186 - - [07/Nov/2024:12:07:45 +0100] "GET /wordpress/wp-admin/load-scripts.php?c=1&load%5Bchunk_0%5D=jquery-core,jquery-migrate,utils,moxiejs,plupload&ver=6.6.2 HTTP/1.1" 200 205998 "http://www.bedrift6.d3-101.usn/wordpress/wp-admin/site-editor.php?return=http%3A%2F%2Fwww.bedrift6.d3-101.usn%2Fwordpress%2Fwp-admin%2Fthemes.php%3Ftheme%3Dtwentytwentytwo" "Mozilla/5.0 (Windows NT 10.0; Win64; x64) AppleWebKit/537.36 (KHTML, like Gecko) Chrome/130.0.0.0 Safari/537.36"
10.250.100.186 - - [07/Nov/2024:12:07:45 +0100] "GET /wordpress/wp-includes/js/dist/vendor/react-jsx-runtime.min.js?ver=18.3.1 HTTP/1.1" 200 900 "http://www.bedrift6.d3-101.usn/wordpress/wp-admin/site-editor.php?return=http%3A%2F%2Fwww.bedrift6.d3-101.usn%2Fwordpress%2Fwp-admin%2Fthemes.php%3Ftheme%3Dtwentytwentytwo" "Mozilla/5.0 (Windows NT 10.0; Win64; x64) AppleWebKit/537.36 (KHTML, like Gecko) Chrome/130.0.0.0 Safari/537.36"
10.250.100.186 - - [07/Nov/2024:12:07:45 +0100] "GET /wordpress/wp-includes/js/dist/api-fetch.min.js?ver=4c185334c5ec26e149cc HTTP/1.1" 200 5496 "http://www.bedrift6.d3-101.usn/wordpress/wp-admin/site-editor.php?return=http%3A%2F%2Fwww.bedrift6.d3-101.usn%2Fwordpress%2Fwp-admin%2Fthemes.php%3Ftheme%3Dtwentytwentytwo" "Mozilla/5.0 (Windows NT 10.0; Win64; x64) AppleWebKit/537.36 (KHTML, like Gecko) Chrome/130.0.0.0 Safari/537.36"
10.250.100.186 - - [07/Nov/2024:12:07:45 +0100] "GET /wordpress/wp-includes/js/dist/blob.min.js?ver=9113eed771d446f4a556 HTTP/1.1" 200 1108 "http://www.bedrift6.d3-101.usn/wordpress/wp-admin/site-editor.php?return=http%3A%2F%2Fwww.bedrift6.d3-101.usn%2Fwordpress%2Fwp-admin%2Fthemes.php%3Ftheme%3Dtwentytwentytwo" "Mozilla/5.0 (Windows NT 10.0; Win64; x64) AppleWebKit/537.36 (KHTML, like Gecko) Chrome/130.0.0.0 Safari/537.36"
10.250.100.186 - - [07/Nov/2024:12:07:45 +0100] "GET /wordpress/wp-includes/js/dist/autop.min.js?ver=9fb50649848277dd318d HTTP/1.1" 200 5614 "http://www.bedrift6.d3-101.usn/wordpress/wp-admin/site-editor.php?return=http%3A%2F%2Fwww.bedrift6.d3-101.usn%2Fwordpress%2Fwp-admin%2Fthemes.php%3Ftheme%3Dtwentytwentytwo" "Mozilla/5.0 (Windows NT 10.0; Win64; x64) AppleWebKit/537.36 (KHTML, like Gecko) Chrome/130.0.0.0 Safari/537.36"
10.250.100.186 - - [07/Nov/2024:12:07:45 +0100] "GET /wordpress/wp-includes/js/dist/block-serialization-default-parser.min.js?ver=14d44daebf663d05d330 HTTP/1.1" 200 2400 "http://www.bedrift6.d3-101.usn/wordpress/wp-admin/site-editor.php?return=http%3A%2F%2Fwww.bedrift6.d3-101.usn%2Fwordpress%2Fwp-admin%2Fthemes.php%3Ftheme%3Dtwentytwentytwo" "Mozilla/5.0 (Windows NT 10.0; Win64; x64) AppleWebKit/537.36 (KHTML, like Gecko) Chrome/130.0.0.0 Safari/537.36"
10.250.100.186 - - [07/Nov/2024:12:07:45 +0100] "GET /wordpress/wp-includes/js/dist/dom.min.js?ver=4ecffbffba91b10c5c7a HTTP/1.1" 200 12487 "http://www.bedrift6.d3-101.usn/wordpress/wp-admin/site-editor.php?return=http%3A%2F%2Fwww.bedrift6.d3-101.usn%2Fwordpress%2Fwp-admin%2Fthemes.php%3Ftheme%3Dtwentytwentytwo" "Mozilla/5.0 (Windows NT 10.0; Win64; x64) AppleWebKit/537.36 (KHTML, like Gecko) Chrome/130.0.0.0 Safari/537.36"
10.250.100.186 - - [07/Nov/2024:12:07:45 +0100] "GET /wordpress/wp-includes/js/dist/escape-html.min.js?ver=6561a406d2d232a6fbd2 HTTP/1.1" 200 1000 "http://www.bedrift6.d3-101.usn/wordpress/wp-admin/site-editor.php?return=http%3A%2F%2Fwww.bedrift6.d3-101.usn%2Fwordpress%2Fwp-admin%2Fthemes.php%3Ftheme%3Dtwentytwentytwo" "Mozilla/5.0 (Windows NT 10.0; Win64; x64) AppleWebKit/537.36 (KHTML, like Gecko) Chrome/130.0.0.0 Safari/537.36"
10.250.100.186 - - [07/Nov/2024:12:07:45 +0100] "GET /wordpress/wp-includes/js/dist/element.min.js?ver=cb762d190aebbec25b27 HTTP/1.1" 200 11978 "http://www.bedrift6.d3-101.usn/wordpress/wp-admin/site-editor.php?return=http%3A%2F%2Fwww.bedrift6.d3-101.usn%2Fwordpress%2Fwp-admin%2Fthemes.php%3Ftheme%3Dtwentytwentytwo" "Mozilla/5.0 (Windows NT 10.0; Win64; x64) AppleWebKit/537.36 (KHTML, like Gecko) Chrome/130.0.0.0 Safari/537.36"
10.250.100.186 - - [07/Nov/2024:12:07:45 +0100] "GET /wordpress/wp-includes/js/dist/is-shallow-equal.min.js?ver=e0f9f1d78d83f5196979 HTTP/1.1" 200 1018 "http://www.bedrift6.d3-101.usn/wordpress/wp-admin/site-editor.php?return=http%3A%2F%2Fwww.bedrift6.d3-101.usn%2Fwordpress%2Fwp-admin%2Fthemes.php%3Ftheme%3Dtwentytwentytwo" "Mozilla/5.0 (Windows NT 10.0; Win64; x64) AppleWebKit/537.36 (KHTML, like Gecko) Chrome/130.0.0.0 Safari/537.36"
10.250.100.186 - - [07/Nov/2024:12:07:45 +0100] "GET /wordpress/wp-includes/js/dist/keycodes.min.js?ver=034ff647a54b018581d3 HTTP/1.1" 200 2642 "http://www.bedrift6.d3-101.usn/wordpress/wp-admin/site-editor.php?return=http%3A%2F%2Fwww.bedrift6.d3-101.usn%2Fwordpress%2Fwp-admin%2Fthemes.php%3Ftheme%3Dtwentytwentytwo" "Mozilla/5.0 (Windows NT 10.0; Win64; x64) AppleWebKit/537.36 (KHTML, like Gecko) Chrome/130.0.0.0 Safari/537.36"
10.250.100.186 - - [07/Nov/2024:12:07:45 +0100] "GET /wordpress/wp-includes/js/dist/priority-queue.min.js?ver=9c21c957c7e50ffdbf48 HTTP/1.1" 200 3378 "http://www.bedrift6.d3-101.usn/wordpress/wp-admin/site-editor.php?return=http%3A%2F%2Fwww.bedrift6.d3-101.usn%2Fwordpress%2Fwp-admin%2Fthemes.php%3Ftheme%3Dtwentytwentytwo" "Mozilla/5.0 (Windows NT 10.0; Win64; x64) AppleWebKit/537.36 (KHTML, like Gecko) Chrome/130.0.0.0 Safari/537.36"
10.250.100.186 - - [07/Nov/2024:12:07:45 +0100] "GET /wordpress/wp-includes/js/dist/compose.min.js?ver=b8d54449305350b51869 HTTP/1.1" 200 37489 "http://www.bedrift6.d3-101.usn/wordpress/wp-admin/site-editor.php?return=http%3A%2F%2Fwww.bedrift6.d3-101.usn%2Fwordpress%2Fwp-admin%2Fthemes.php%3Ftheme%3Dtwentytwentytwo" "Mozilla/5.0 (Windows NT 10.0; Win64; x64) AppleWebKit/537.36 (KHTML, like Gecko) Chrome/130.0.0.0 Safari/537.36"
10.250.100.186 - - [07/Nov/2024:12:07:45 +0100] "GET /wordpress/wp-includes/js/dist/private-apis.min.js?ver=17a2e640b653d742da6e HTTP/1.1" 200 2786 "http://www.bedrift6.d3-101.usn/wordpress/wp-admin/site-editor.php?return=http%3A%2F%2Fwww.bedrift6.d3-101.usn%2Fwordpress%2Fwp-admin%2Fthemes.php%3Ftheme%3Dtwentytwentytwo" "Mozilla/5.0 (Windows NT 10.0; Win64; x64) AppleWebKit/537.36 (KHTML, like Gecko) Chrome/130.0.0.0 Safari/537.36"
10.250.100.186 - - [07/Nov/2024:12:07:45 +0100] "GET /wordpress/wp-includes/js/dist/redux-routine.min.js?ver=a0a172871afaeb261566 HTTP/1.1" 200 8900 "http://www.bedrift6.d3-101.usn/wordpress/wp-admin/site-editor.php?return=http%3A%2F%2Fwww.bedrift6.d3-101.usn%2Fwordpress%2Fwp-admin%2Fthemes.php%3Ftheme%3Dtwentytwentytwo" "Mozilla/5.0 (Windows NT 10.0; Win64; x64) AppleWebKit/537.36 (KHTML, like Gecko) Chrome/130.0.0.0 Safari/537.36"
10.250.100.186 - - [07/Nov/2024:12:07:45 +0100] "GET /wordpress/wp-includes/js/dist/html-entities.min.js?ver=2cd3358363e0675638fb HTTP/1.1" 200 788 "http://www.bedrift6.d3-101.usn/wordpress/wp-admin/site-editor.php?return=http%3A%2F%2Fwww.bedrift6.d3-101.usn%2Fwordpress%2Fwp-admin%2Fthemes.php%3Ftheme%3Dtwentytwentytwo" "Mozilla/5.0 (Windows NT 10.0; Win64; x64) AppleWebKit/537.36 (KHTML, like Gecko) Chrome/130.0.0.0 Safari/537.36"
10.250.100.186 - - [07/Nov/2024:12:07:45 +0100] "GET /wordpress/wp-includes/js/dist/data.min.js?ver=7c62e39de0308c73d50c HTTP/1.1" 200 27095 "http://www.bedrift6.d3-101.usn/wordpress/wp-admin/site-editor.php?return=http%3A%2F%2Fwww.bedrift6.d3-101.usn%2Fwordpress%2Fwp-admin%2Fthemes.php%3Ftheme%3Dtwentytwentytwo" "Mozilla/5.0 (Windows NT 10.0; Win64; x64) AppleWebKit/537.36 (KHTML, like Gecko) Chrome/130.0.0.0 Safari/537.36"
10.250.100.186 - - [07/Nov/2024:12:07:45 +0100] "GET /wordpress/wp-includes/js/dist/rich-text.min.js?ver=4021b9e4e9ef4d3cd868 HTTP/1.1" 200 29805 "http://www.bedrift6.d3-101.usn/wordpress/wp-admin/site-editor.php?return=http%3A%2F%2Fwww.bedrift6.d3-101.usn%2Fwordpress%2Fwp-admin%2Fthemes.php%3Ftheme%3Dtwentytwentytwo" "Mozilla/5.0 (Windows NT 10.0; Win64; x64) AppleWebKit/537.36 (KHTML, like Gecko) Chrome/130.0.0.0 Safari/537.36"
10.250.100.186 - - [07/Nov/2024:12:07:45 +0100] "GET /wordpress/wp-includes/js/dist/shortcode.min.js?ver=b7747eee0efafd2f0c3b HTTP/1.1" 200 2900 "http://www.bedrift6.d3-101.usn/wordpress/wp-admin/site-editor.php?return=http%3A%2F%2Fwww.bedrift6.d3-101.usn%2Fwordpress%2Fwp-admin%2Fthemes.php%3Ftheme%3Dtwentytwentytwo" "Mozilla/5.0 (Windows NT 10.0; Win64; x64) AppleWebKit/537.36 (KHTML, like Gecko) Chrome/130.0.0.0 Safari/537.36"
10.250.100.186 - - [07/Nov/2024:12:07:45 +0100] "GET /wordpress/wp-includes/js/dist/primitives.min.js?ver=aef2543ab60c8c9bb609 HTTP/1.1" 200 1655 "http://www.bedrift6.d3-101.usn/wordpress/wp-admin/site-editor.php?return=http%3A%2F%2Fwww.bedrift6.d3-101.usn%2Fwordpress%2Fwp-admin%2Fthemes.php%3Ftheme%3Dtwentytwentytwo" "Mozilla/5.0 (Windows NT 10.0; Win64; x64) AppleWebKit/537.36 (KHTML, like Gecko) Chrome/130.0.0.0 Safari/537.36"
10.250.100.186 - - [07/Nov/2024:12:07:45 +0100] "GET /wordpress/wp-includes/js/dist/warning.min.js?ver=ed7c8b0940914f4fe44b HTTP/1.1" 200 311 "http://www.bedrift6.d3-101.usn/wordpress/wp-admin/site-editor.php?return=http%3A%2F%2Fwww.bedrift6.d3-101.usn%2Fwordpress%2Fwp-admin%2Fthemes.php%3Ftheme%3Dtwentytwentytwo" "Mozilla/5.0 (Windows NT 10.0; Win64; x64) AppleWebKit/537.36 (KHTML, like Gecko) Chrome/130.0.0.0 Safari/537.36"
10.250.100.186 - - [07/Nov/2024:12:07:45 +0100] "GET /wordpress/wp-includes/js/dist/blocks.min.js?ver=0d232d232463200f5cfd HTTP/1.1" 200 171256 "http://www.bedrift6.d3-101.usn/wordpress/wp-admin/site-editor.php?return=http%3A%2F%2Fwww.bedrift6.d3-101.usn%2Fwordpress%2Fwp-admin%2Fthemes.php%3Ftheme%3Dtwentytwentytwo" "Mozilla/5.0 (Windows NT 10.0; Win64; x64) AppleWebKit/537.36 (KHTML, like Gecko) Chrome/130.0.0.0 Safari/537.36"
10.250.100.186 - - [07/Nov/2024:12:07:45 +0100] "GET /wordpress/wp-includes/js/dist/keyboard-shortcuts.min.js?ver=32686e58e84193ce808b HTTP/1.1" 200 3017 "http://www.bedrift6.d3-101.usn/wordpress/wp-admin/site-editor.php?return=http%3A%2F%2Fwww.bedrift6.d3-101.usn%2Fwordpress%2Fwp-admin%2Fthemes.php%3Ftheme%3Dtwentytwentytwo" "Mozilla/5.0 (Windows NT 10.0; Win64; x64) AppleWebKit/537.36 (KHTML, like Gecko) Chrome/130.0.0.0 Safari/537.36"
10.250.100.186 - - [07/Nov/2024:12:07:45 +0100] "GET /wordpress/wp-includes/js/dist/commands.min.js?ver=73d702f6367f60b06d89 HTTP/1.1" 200 46289 "http://www.bedrift6.d3-101.usn/wordpress/wp-admin/site-editor.php?return=http%3A%2F%2Fwww.bedrift6.d3-101.usn%2Fwordpress%2Fwp-admin%2Fthemes.php%3Ftheme%3Dtwentytwentytwo" "Mozilla/5.0 (Windows NT 10.0; Win64; x64) AppleWebKit/537.36 (KHTML, like Gecko) Chrome/130.0.0.0 Safari/537.36"
10.250.100.186 - - [07/Nov/2024:12:07:45 +0100] "GET /wordpress/wp-includes/js/dist/notices.min.js?ver=673a68a7ac2f556ed50b HTTP/1.1" 200 2070 "http://www.bedrift6.d3-101.usn/wordpress/wp-admin/site-editor.php?return=http%3A%2F%2Fwww.bedrift6.d3-101.usn%2Fwordpress%2Fwp-admin%2Fthemes.php%3Ftheme%3Dtwentytwentytwo" "Mozilla/5.0 (Windows NT 10.0; Win64; x64) AppleWebKit/537.36 (KHTML, like Gecko) Chrome/130.0.0.0 Safari/537.36"
10.250.100.186 - - [07/Nov/2024:12:07:45 +0100] "GET /wordpress/wp-admin/load-styles.php?c=1&dir=ltr&load%5Bchunk_0%5D=dashicons,admin-bar,wp-components,wp-preferences,wp-block-editor,wp-reusable-blocks,wp-patterns,wp-editor,common,forms,wp-reset-&load%5Bchunk_1%5D=editor-styles,wp-block-library,wp-block-editor-content,wp-edit-blocks,wp-commands,wp-edit-site,wp-format-library,buttons,media-v&load%5Bchunk_2%5D=iews,wp-block-directory,admin-menu,dashboard,list-tables,edit,revisions,media,themes,about,nav-menus,wp-pointer,widgets,site-ico&load%5Bchunk_3%5D=n,l10n,wp-auth-check,wp-block-library-theme&ver=6.6.2 HTTP/1.1" 200 1016956 "http://www.bedrift6.d3-101.usn/wordpress/wp-admin/site-editor.php?return=http%3A%2F%2Fwww.bedrift6.d3-101.usn%2Fwordpress%2Fwp-admin%2Fthemes.php%3Ftheme%3Dtwentytwentytwo" "Mozilla/5.0 (Windows NT 10.0; Win64; x64) AppleWebKit/537.36 (KHTML, like Gecko) Chrome/130.0.0.0 Safari/537.36"
10.250.100.186 - - [07/Nov/2024:12:07:45 +0100] "GET /wordpress/wp-includes/js/dist/preferences-persistence.min.js?ver=9307a8c9e3254140a223 HTTP/1.1" 200 5625 "http://www.bedrift6.d3-101.usn/wordpress/wp-admin/site-editor.php?return=http%3A%2F%2Fwww.bedrift6.d3-101.usn%2Fwordpress%2Fwp-admin%2Fthemes.php%3Ftheme%3Dtwentytwentytwo" "Mozilla/5.0 (Windows NT 10.0; Win64; x64) AppleWebKit/537.36 (KHTML, like Gecko) Chrome/130.0.0.0 Safari/537.36"
10.250.100.186 - - [07/Nov/2024:12:07:45 +0100] "GET /wordpress/wp-includes/js/dist/preferences.min.js?ver=e7b06b8f8bdd714600e9 HTTP/1.1" 200 7078 "http://www.bedrift6.d3-101.usn/wordpress/wp-admin/site-editor.php?return=http%3A%2F%2Fwww.bedrift6.d3-101.usn%2Fwordpress%2Fwp-admin%2Fthemes.php%3Ftheme%3Dtwentytwentytwo" "Mozilla/5.0 (Windows NT 10.0; Win64; x64) AppleWebKit/537.36 (KHTML, like Gecko) Chrome/130.0.0.0 Safari/537.36"
10.250.100.186 - - [07/Nov/2024:12:07:45 +0100] "GET /wordpress/wp-includes/js/dist/style-engine.min.js?ver=86ba6721a03e5b921dfe HTTP/1.1" 200 5928 "http://www.bedrift6.d3-101.usn/wordpress/wp-admin/site-editor.php?return=http%3A%2F%2Fwww.bedrift6.d3-101.usn%2Fwordpress%2Fwp-admin%2Fthemes.php%3Ftheme%3Dtwentytwentytwo" "Mozilla/5.0 (Windows NT 10.0; Win64; x64) AppleWebKit/537.36 (KHTML, like Gecko) Chrome/130.0.0.0 Safari/537.36"
10.250.100.186 - - [07/Nov/2024:12:07:45 +0100] "GET /wordpress/wp-includes/js/dist/token-list.min.js?ver=05f8a6df6258f0081718 HTTP/1.1" 200 1264 "http://www.bedrift6.d3-101.usn/wordpress/wp-admin/site-editor.php?return=http%3A%2F%2Fwww.bedrift6.d3-101.usn%2Fwordpress%2Fwp-admin%2Fthemes.php%3Ftheme%3Dtwentytwentytwo" "Mozilla/5.0 (Windows NT 10.0; Win64; x64) AppleWebKit/537.36 (KHTML, like Gecko) Chrome/130.0.0.0 Safari/537.36"
10.250.100.186 - - [07/Nov/2024:12:08:30 +0100] "GET /wordpress/wp-includes/js/dist/router.min.js?ver=e4887fecc16ef03e908f HTTP/1.1" 200 4390 "http://www.bedrift6.d3-101.usn/wordpress/wp-admin/site-editor.php?return=http%3A%2F%2Fwww.bedrift6.d3-101.usn%2Fwordpress%2Fwp-admin%2Fthemes.php%3Ftheme%3Dtwentytwentytwo" "Mozilla/5.0 (Windows NT 10.0; Win64; x64) AppleWebKit/537.36 (KHTML, like Gecko) Chrome/130.0.0.0 Safari/537.36"
10.250.100.186 - - [07/Nov/2024:12:08:30 +0100] "GET /wordpress/wp-includes/js/dist/core-commands.min.js?ver=c81574a3c95e631df2a9 HTTP/1.1" 200 8109 "http://www.bedrift6.d3-101.usn/wordpress/wp-admin/site-editor.php?return=http%3A%2F%2Fwww.bedrift6.d3-101.usn%2Fwordpress%2Fwp-admin%2Fthemes.php%3Ftheme%3Dtwentytwentytwo" "Mozilla/5.0 (Windows NT 10.0; Win64; x64) AppleWebKit/537.36 (KHTML, like Gecko) Chrome/130.0.0.0 Safari/537.36"
10.250.100.186 - - [07/Nov/2024:12:08:30 +0100] "GET / HTTP/1.1" 304 - "-" "Mozilla/5.0 (Windows NT 10.0; Win64; x64) AppleWebKit/537.36 (KHTML, like Gecko) Chrome/130.0.0.0 Safari/537.36"
10.250.100.186 - - [07/Nov/2024:12:08:30 +0100] "GET /wordpress/wp-includes/js/dist/media-utils.min.js?ver=1cf582d3c080c8694c8c HTTP/1.1" 200 7362 "http://www.bedrift6.d3-101.usn/wordpress/wp-admin/site-editor.php?return=http%3A%2F%2Fwww.bedrift6.d3-101.usn%2Fwordpress%2Fwp-admin%2Fthemes.php%3Ftheme%3Dtwentytwentytwo" "Mozilla/5.0 (Windows NT 10.0; Win64; x64) AppleWebKit/537.36 (KHTML, like Gecko) Chrome/130.0.0.0 Safari/537.36"
10.250.100.186 - - [07/Nov/2024:12:08:30 +0100] "GET /wordpress/wp-includes/js/dist/plugins.min.js?ver=ef6da4a9b2747b62c09c HTTP/1.1" 200 4146 "http://www.bedrift6.d3-101.usn/wordpress/wp-admin/site-editor.php?return=http%3A%2F%2Fwww.bedrift6.d3-101.usn%2Fwordpress%2Fwp-admin%2Fthemes.php%3Ftheme%3Dtwentytwentytwo" "Mozilla/5.0 (Windows NT 10.0; Win64; x64) AppleWebKit/537.36 (KHTML, like Gecko) Chrome/130.0.0.0 Safari/537.36"
10.250.100.186 - - [07/Nov/2024:12:08:30 +0100] "GET /wordpress/wp-includes/js/dist/widgets.min.js?ver=53f9d5d5df6f21e39834 HTTP/1.1" 200 20147 "http://www.bedrift6.d3-101.usn/wordpress/wp-admin/site-editor.php?return=http%3A%2F%2Fwww.bedrift6.d3-101.usn%2Fwordpress%2Fwp-admin%2Fthemes.php%3Ftheme%3Dtwentytwentytwo" "Mozilla/5.0 (Windows NT 10.0; Win64; x64) AppleWebKit/537.36 (KHTML, like Gecko) Chrome/130.0.0.0 Safari/537.36"
10.250.100.186 - - [07/Nov/2024:12:08:30 +0100] "GET /wordpress/wp-includes/js/dist/format-library.min.js?ver=e3618e6d17a1146f03e4 HTTP/1.1" 200 22834 "http://www.bedrift6.d3-101.usn/wordpress/wp-admin/site-editor.php?return=http%3A%2F%2Fwww.bedrift6.d3-101.usn%2Fwordpress%2Fwp-admin%2Fthemes.php%3Ftheme%3Dtwentytwentytwo" "Mozilla/5.0 (Windows NT 10.0; Win64; x64) AppleWebKit/537.36 (KHTML, like Gecko) Chrome/130.0.0.0 Safari/537.36"
10.250.100.186 - - [07/Nov/2024:12:08:30 +0100] "GET /wordpress/wp-includes/js/media-models.min.js?ver=6.6.2 HTTP/1.1" 200 13288 "http://www.bedrift6.d3-101.usn/wordpress/wp-admin/site-editor.php?return=http%3A%2F%2Fwww.bedrift6.d3-101.usn%2Fwordpress%2Fwp-admin%2Fthemes.php%3Ftheme%3Dtwentytwentytwo" "Mozilla/5.0 (Windows NT 10.0; Win64; x64) AppleWebKit/537.36 (KHTML, like Gecko) Chrome/130.0.0.0 Safari/537.36"
10.250.100.186 - - [07/Nov/2024:12:08:30 +0100] "GET /wordpress/wp-includes/js/plupload/wp-plupload.min.js?ver=6.6.2 HTTP/1.1" 200 6036 "http://www.bedrift6.d3-101.usn/wordpress/wp-admin/site-editor.php?return=http%3A%2F%2Fwww.bedrift6.d3-101.usn%2Fwordpress%2Fwp-admin%2Fthemes.php%3Ftheme%3Dtwentytwentytwo" "Mozilla/5.0 (Windows NT 10.0; Win64; x64) AppleWebKit/537.36 (KHTML, like Gecko) Chrome/130.0.0.0 Safari/537.36"
10.250.100.186 - - [07/Nov/2024:12:08:30 +0100] "GET /wordpress/wp-includes/js/dist/editor.min.js?ver=9b9729953f3754e74846 HTTP/1.1" 200 326065 "http://www.bedrift6.d3-101.usn/wordpress/wp-admin/site-editor.php?return=http%3A%2F%2Fwww.bedrift6.d3-101.usn%2Fwordpress%2Fwp-admin%2Fthemes.php%3Ftheme%3Dtwentytwentytwo" "Mozilla/5.0 (Windows NT 10.0; Win64; x64) AppleWebKit/537.36 (KHTML, like Gecko) Chrome/130.0.0.0 Safari/537.36"
10.250.100.186 - - [07/Nov/2024:12:08:30 +0100] "GET /wordpress/wp-includes/js/mediaelement/mediaelement-migrate.min.js?ver=6.6.2 HTTP/1.1" 200 1191 "http://www.bedrift6.d3-101.usn/wordpress/wp-admin/site-editor.php?return=http%3A%2F%2Fwww.bedrift6.d3-101.usn%2Fwordpress%2Fwp-admin%2Fthemes.php%3Ftheme%3Dtwentytwentytwo" "Mozilla/5.0 (Windows NT 10.0; Win64; x64) AppleWebKit/537.36 (KHTML, like Gecko) Chrome/130.0.0.0 Safari/537.36"
