10.250.100.186 - - [07/Nov/2024:12:22:33 +0100] "POST /wordpress/wp-admin/admin-ajax.php HTTP/1.1" 200 47 "http://www.bedrift6.d3-101.usn/wordpress/wp-admin/site-editor.php?postType=wp_template&postId=twentytwentytwo%2F%2Fpage&canvas=edit" "Mozilla/5.0 (Windows NT 10.0; Win64; x64) AppleWebKit/537.36 (KHTML, like Gecko) Chrome/130.0.0.0 Safari/537.36"
10.250.100.56 - - [07/Nov/2024:12:22:33 +0100] "GET / HTTP/1.1" 200 52363 "-" "Mozilla/5.0 (Windows NT 10.0; Win64; x64; rv:132.0) Gecko/20100101 Firefox/132.0"
10.250.100.186 - - [07/Nov/2024:12:22:33 +0100] "POST /wordpress/index.php?rest_route=%2Fwp%2Fv2%2Fnavigation%2F7&_locale=user HTTP/1.1" 200 2046 "http://www.bedrift6.d3-101.usn/wordpress/wp-admin/site-editor.php?postType=wp_template&postId=twentytwentytwo%2F%2Fpage&canvas=edit" "Mozilla/5.0 (Windows NT 10.0; Win64; x64) AppleWebKit/537.36 (KHTML, like Gecko) Chrome/130.0.0.0 Safari/537.36"
10.250.100.186 - - [07/Nov/2024:12:22:33 +0100] "GET /wordpress/index.php?rest_route=%2Fwp%2Fv2%2Fnavigation&context=edit&per_page=100&status%5B0%5D=publish&status%5B1%5D=draft&order=desc&orderby=date&_locale=user HTTP/1.1" 200 3775 "http://www.bedrift6.d3-101.usn/wordpress/wp-admin/site-editor.php?postType=wp_template&postId=twentytwentytwo%2F%2Fpage&canvas=edit" "Mozilla/5.0 (Windows NT 10.0; Win64; x64) AppleWebKit/537.36 (KHTML, like Gecko) Chrome/130.0.0.0 Safari/537.36"
10.250.100.56 - - [07/Nov/2024:12:22:33 +0100] "GET / HTTP/1.1" 200 52343 "-" "Mozilla/5.0 (Windows NT 10.0; Win64; x64; rv:132.0) Gecko/20100101 Firefox/132.0"
10.250.100.186 - - [07/Nov/2024:12:22:33 +0100] "POST /wordpress/index.php?rest_route=%2Fwp%2Fv2%2Ftemplate-parts%2Ftwentytwentytwo%2F%2Fheader&_locale=user HTTP/1.1" 200 3009 "http://www.bedrift6.d3-101.usn/wordpress/wp-admin/site-editor.php?postType=wp_template&postId=twentytwentytwo%2F%2Fpage&canvas=edit" "Mozilla/5.0 (Windows NT 10.0; Win64; x64) AppleWebKit/537.36 (KHTML, like Gecko) Chrome/130.0.0.0 Safari/537.36"
10.250.100.56 - - [07/Nov/2024:12:22:34 +0100] "GET / HTTP/1.1" 200 52343 "-" "Mozilla/5.0 (Windows NT 10.0; Win64; x64; rv:132.0) Gecko/20100101 Firefox/132.0"
10.250.100.56 - - [07/Nov/2024:12:22:34 +0100] "GET / HTTP/1.1" 200 52343 "-" "Mozilla/5.0 (Windows NT 10.0; Win64; x64; rv:132.0) Gecko/20100101 Firefox/132.0"
10.250.100.56 - - [07/Nov/2024:12:22:36 +0100] "GET /mail/ HTTP/1.1" 200 2106 "http://www.bedrift6.d3-101.usn/" "Mozilla/5.0 (Windows NT 10.0; Win64; x64; rv:132.0) Gecko/20100101 Firefox/132.0"
10.250.100.56 - - [07/Nov/2024:12:22:36 +0100] "GET /mail/skins/elastic/deps/bootstrap.min.css?s=1601206732 HTTP/1.1" 200 23198 "http://www.bedrift6.d3-101.usn/mail/" "Mozilla/5.0 (Windows NT 10.0; Win64; x64; rv:132.0) Gecko/20100101 Firefox/132.0"
10.250.100.186 - - [07/Nov/2024:12:22:44 +0100] "POST /wordpress/index.php?rest_route=%2Fwp%2Fv2%2Ftemplate-parts%2Ftwentytwentytwo%2F%2Fheader&_locale=user HTTP/1.1" 200 3183 "http://www.bedrift6.d3-101.usn/wordpress/wp-admin/site-editor.php?postType=wp_template&postId=twentytwentytwo%2F%2Fpage&canvas=edit" "Mozilla/5.0 (Windows NT 10.0; Win64; x64) AppleWebKit/537.36 (KHTML, like Gecko) Chrome/130.0.0.0 Safari/537.36"
10.250.100.56 - - [07/Nov/2024:12:22:46 +0100] "GET / HTTP/1.1" 200 52345 "-" "Mozilla/5.0 (Windows NT 10.0; Win64; x64; rv:132.0) Gecko/20100101 Firefox/132.0"
10.250.100.56 - - [07/Nov/2024:12:22:48 +0100] "GET / HTTP/1.1" 200 52345 "-" "Mozilla/5.0 (Windows NT 10.0; Win64; x64; rv:132.0) Gecko/20100101 Firefox/132.0"
10.250.100.56 - - [07/Nov/2024:12:22:49 +0100] "GET / HTTP/1.1" 200 52345 "-" "Mozilla/5.0 (Windows NT 10.0; Win64; x64; rv:132.0) Gecko/20100101 Firefox/132.0"
10.250.100.56 - - [07/Nov/2024:12:22:49 +0100] "GET / HTTP/1.1" 200 52345 "-" "Mozilla/5.0 (Windows NT 10.0; Win64; x64; rv:132.0) Gecko/20100101 Firefox/132.0"
10.250.100.56 - - [07/Nov/2024:12:22:50 +0100] "GET / HTTP/1.1" 200 52345 "-" "Mozilla/5.0 (Windows NT 10.0; Win64; x64; rv:132.0) Gecko/20100101 Firefox/132.0"
10.250.100.56 - - [07/Nov/2024:12:22:50 +0100] "GET / HTTP/1.1" 200 52345 "-" "Mozilla/5.0 (Windows NT 10.0; Win64; x64; rv:132.0) Gecko/20100101 Firefox/132.0"
10.250.100.186 - - [07/Nov/2024:12:22:50 +0100] "POST /wordpress/index.php?rest_route=%2Fwp%2Fv2%2Ftemplate-parts%2Ftwentytwentytwo%2F%2Fheader&_locale=user HTTP/1.1" 200 3192 "http://www.bedrift6.d3-101.usn/wordpress/wp-admin/site-editor.php?postType=wp_template&postId=twentytwentytwo%2F%2Fpage&canvas=edit" "Mozilla/5.0 (Windows NT 10.0; Win64; x64) AppleWebKit/537.36 (KHTML, like Gecko) Chrome/130.0.0.0 Safari/537.36"
10.250.100.56 - - [07/Nov/2024:12:22:50 +0100] "GET / HTTP/1.1" 200 52357 "-" "Mozilla/5.0 (Windows NT 10.0; Win64; x64; rv:132.0) Gecko/20100101 Firefox/132.0"
10.250.100.56 - - [07/Nov/2024:12:22:51 +0100] "GET / HTTP/1.1" 200 52357 "-" "Mozilla/5.0 (Windows NT 10.0; Win64; x64; rv:132.0) Gecko/20100101 Firefox/132.0"
10.250.100.186 - - [07/Nov/2024:12:22:51 +0100] "POST /wordpress/wp-admin/admin-ajax.php HTTP/1.1" 200 47 "http://www.bedrift6.d3-101.usn/wordpress/wp-admin/site-editor.php?return=http%3A%2F%2Fwww.bedrift6.d3-101.usn%2Fwordpress%2Fwp-admin%2Fthemes.php&canvas=edit" "Mozilla/5.0 (Windows NT 10.0; Win64; x64) AppleWebKit/537.36 (KHTML, like Gecko) Chrome/130.0.0.0 Safari/537.36"
10.250.100.56 - - [07/Nov/2024:12:22:51 +0100] "GET / HTTP/1.1" 200 52357 "-" "Mozilla/5.0 (Windows NT 10.0; Win64; x64; rv:132.0) Gecko/20100101 Firefox/132.0"
10.250.100.56 - - [07/Nov/2024:12:22:51 +0100] "GET / HTTP/1.1" 200 52357 "-" "Mozilla/5.0 (Windows NT 10.0; Win64; x64; rv:132.0) Gecko/20100101 Firefox/132.0"
10.250.100.56 - - [07/Nov/2024:12:22:51 +0100] "GET / HTTP/1.1" 200 52357 "-" "Mozilla/5.0 (Windows NT 10.0; Win64; x64; rv:132.0) Gecko/20100101 Firefox/132.0"
10.250.100.56 - - [07/Nov/2024:12:22:52 +0100] "GET / HTTP/1.1" 200 52357 "-" "Mozilla/5.0 (Windows NT 10.0; Win64; x64; rv:132.0) Gecko/20100101 Firefox/132.0"
10.250.100.56 - - [07/Nov/2024:12:22:55 +0100] "GET /mail/ HTTP/1.1" 200 2106 "http://www.bedrift6.d3-101.usn/" "Mozilla/5.0 (Windows NT 10.0; Win64; x64; rv:132.0) Gecko/20100101 Firefox/132.0"
10.250.100.56 - - [07/Nov/2024:12:23:13 +0100] "GET / HTTP/1.1" 200 52357 "-" "Mozilla/5.0 (Windows NT 10.0; Win64; x64; rv:132.0) Gecko/20100101 Firefox/132.0"
10.250.100.56 - - [07/Nov/2024:12:23:13 +0100] "GET / HTTP/1.1" 200 52357 "-" "Mozilla/5.0 (Windows NT 10.0; Win64; x64; rv:132.0) Gecko/20100101 Firefox/132.0"
10.250.100.56 - - [07/Nov/2024:12:23:13 +0100] "GET / HTTP/1.1" 200 52357 "-" "Mozilla/5.0 (Windows NT 10.0; Win64; x64; rv:132.0) Gecko/20100101 Firefox/132.0"
10.250.100.56 - - [07/Nov/2024:12:23:13 +0100] "GET / HTTP/1.1" 200 52357 "-" "Mozilla/5.0 (Windows NT 10.0; Win64; x64; rv:132.0) Gecko/20100101 Firefox/132.0"
10.250.100.56 - - [07/Nov/2024:12:23:14 +0100] "GET / HTTP/1.1" 200 52357 "-" "Mozilla/5.0 (Windows NT 10.0; Win64; x64; rv:132.0) Gecko/20100101 Firefox/132.0"
10.250.100.56 - - [07/Nov/2024:12:23:14 +0100] "GET / HTTP/1.1" 200 52357 "-" "Mozilla/5.0 (Windows NT 10.0; Win64; x64; rv:132.0) Gecko/20100101 Firefox/132.0"
10.250.100.56 - - [07/Nov/2024:12:23:14 +0100] "GET / HTTP/1.1" 200 52357 "-" "Mozilla/5.0 (Windows NT 10.0; Win64; x64; rv:132.0) Gecko/20100101 Firefox/132.0"
10.250.100.56 - - [07/Nov/2024:12:23:15 +0100] "GET / HTTP/1.1" 200 52357 "-" "Mozilla/5.0 (Windows NT 10.0; Win64; x64; rv:132.0) Gecko/20100101 Firefox/132.0"
10.250.100.56 - - [07/Nov/2024:12:23:15 +0100] "GET / HTTP/1.1" 200 52357 "-" "Mozilla/5.0 (Windows NT 10.0; Win64; x64; rv:132.0) Gecko/20100101 Firefox/132.0"
10.250.100.56 - - [07/Nov/2024:12:23:15 +0100] "GET / HTTP/1.1" 200 52357 "-" "Mozilla/5.0 (Windows NT 10.0; Win64; x64; rv:132.0) Gecko/20100101 Firefox/132.0"
10.250.100.56 - - [07/Nov/2024:12:23:15 +0100] "GET / HTTP/1.1" 200 52357 "-" "Mozilla/5.0 (Windows NT 10.0; Win64; x64; rv:132.0) Gecko/20100101 Firefox/132.0"
10.250.100.56 - - [07/Nov/2024:12:23:15 +0100] "GET / HTTP/1.1" 200 52357 "-" "Mozilla/5.0 (Windows NT 10.0; Win64; x64; rv:132.0) Gecko/20100101 Firefox/132.0"
10.250.100.56 - - [07/Nov/2024:12:23:16 +0100] "GET / HTTP/1.1" 200 52357 "-" "Mozilla/5.0 (Windows NT 10.0; Win64; x64; rv:132.0) Gecko/20100101 Firefox/132.0"
10.250.100.56 - - [07/Nov/2024:12:23:16 +0100] "GET / HTTP/1.1" 200 52357 "-" "Mozilla/5.0 (Windows NT 10.0; Win64; x64; rv:132.0) Gecko/20100101 Firefox/132.0"
10.250.100.56 - - [07/Nov/2024:12:23:16 +0100] "GET / HTTP/1.1" 200 52357 "-" "Mozilla/5.0 (Windows NT 10.0; Win64; x64; rv:132.0) Gecko/20100101 Firefox/132.0"
10.250.100.56 - - [07/Nov/2024:12:23:16 +0100] "GET / HTTP/1.1" 200 52357 "-" "Mozilla/5.0 (Windows NT 10.0; Win64; x64; rv:132.0) Gecko/20100101 Firefox/132.0"
10.250.100.56 - - [07/Nov/2024:12:23:17 +0100] "GET / HTTP/1.1" 200 52357 "-" "Mozilla/5.0 (Windows NT 10.0; Win64; x64; rv:132.0) Gecko/20100101 Firefox/132.0"
10.250.100.56 - - [07/Nov/2024:12:23:17 +0100] "GET / HTTP/1.1" 200 52357 "-" "Mozilla/5.0 (Windows NT 10.0; Win64; x64; rv:132.0) Gecko/20100101 Firefox/132.0"
10.250.100.56 - - [07/Nov/2024:12:23:17 +0100] "GET / HTTP/1.1" 200 52357 "-" "Mozilla/5.0 (Windows NT 10.0; Win64; x64; rv:132.0) Gecko/20100101 Firefox/132.0"
10.250.100.56 - - [07/Nov/2024:12:23:19 +0100] "GET / HTTP/1.1" 200 52357 "-" "Mozilla/5.0 (Windows NT 10.0; Win64; x64; rv:132.0) Gecko/20100101 Firefox/132.0"
10.250.100.186 - - [07/Nov/2024:12:23:27 +0100] "GET /wordpress/index.php?rest_route=/wp/v2/template-parts&context=edit&per_page=100&_locale=user HTTP/1.1" 200 11275 "http://www.bedrift6.d3-101.usn/wordpress/wp-admin/site-editor.php?postType=wp_template&postId=twentytwentytwo%2F%2Fpage&canvas=edit" "Mozilla/5.0 (Windows NT 10.0; Win64; x64) AppleWebKit/537.36 (KHTML, like Gecko) Chrome/130.0.0.0 Safari/537.36"
10.250.100.56 - - [07/Nov/2024:12:23:29 +0100] "GET / HTTP/1.1" 200 52357 "-" "Mozilla/5.0 (Windows NT 10.0; Win64; x64; rv:132.0) Gecko/20100101 Firefox/132.0"
10.250.100.56 - - [07/Nov/2024:12:23:30 +0100] "GET / HTTP/1.1" 200 52357 "-" "Mozilla/5.0 (Windows NT 10.0; Win64; x64; rv:132.0) Gecko/20100101 Firefox/132.0"
10.250.100.186 - - [07/Nov/2024:12:23:30 +0100] "POST /wordpress/index.php?rest_route=%2Fwp%2Fv2%2Ftemplate-parts%2Ftwentytwentytwo%2F%2Fheader&_locale=user HTTP/1.1" 200 3060 "http://www.bedrift6.d3-101.usn/wordpress/wp-admin/site-editor.php?postType=wp_template&postId=twentytwentytwo%2F%2Fpage&canvas=edit" "Mozilla/5.0 (Windows NT 10.0; Win64; x64) AppleWebKit/537.36 (KHTML, like Gecko) Chrome/130.0.0.0 Safari/537.36"
10.250.100.56 - - [07/Nov/2024:12:23:30 +0100] "GET / HTTP/1.1" 200 48504 "-" "Mozilla/5.0 (Windows NT 10.0; Win64; x64; rv:132.0) Gecko/20100101 Firefox/132.0"
10.250.100.186 - - [07/Nov/2024:12:23:30 +0100] "POST /wordpress/index.php?rest_route=%2Fwp%2Fv2%2Fnavigation%2F7&_locale=user HTTP/1.1" 200 2040 "http://www.bedrift6.d3-101.usn/wordpress/wp-admin/site-editor.php?postType=wp_template&postId=twentytwentytwo%2F%2Fpage&canvas=edit" "Mozilla/5.0 (Windows NT 10.0; Win64; x64) AppleWebKit/537.36 (KHTML, like Gecko) Chrome/130.0.0.0 Safari/537.36"
10.250.100.186 - - [07/Nov/2024:12:23:30 +0100] "GET /wordpress/index.php?rest_route=%2Fwp%2Fv2%2Fnavigation&context=edit&per_page=100&status%5B0%5D=publish&status%5B1%5D=draft&order=desc&orderby=date&_locale=user HTTP/1.1" 200 3769 "http://www.bedrift6.d3-101.usn/wordpress/wp-admin/site-editor.php?postType=wp_template&postId=twentytwentytwo%2F%2Fpage&canvas=edit" "Mozilla/5.0 (Windows NT 10.0; Win64; x64) AppleWebKit/537.36 (KHTML, like Gecko) Chrome/130.0.0.0 Safari/537.36"
10.250.100.56 - - [07/Nov/2024:12:23:30 +0100] "GET / HTTP/1.1" 200 48504 "-" "Mozilla/5.0 (Windows NT 10.0; Win64; x64; rv:132.0) Gecko/20100101 Firefox/132.0"
10.250.100.56 - - [07/Nov/2024:12:23:30 +0100] "GET / HTTP/1.1" 200 48504 "-" "Mozilla/5.0 (Windows NT 10.0; Win64; x64; rv:132.0) Gecko/20100101 Firefox/132.0"
10.250.100.186 - - [07/Nov/2024:12:23:33 +0100] "POST /wordpress/wp-admin/admin-ajax.php HTTP/1.1" 200 47 "http://www.bedrift6.d3-101.usn/wordpress/wp-admin/site-editor.php?postType=wp_template&postId=twentytwentytwo%2F%2Fpage&canvas=edit" "Mozilla/5.0 (Windows NT 10.0; Win64; x64) AppleWebKit/537.36 (KHTML, like Gecko) Chrome/130.0.0.0 Safari/537.36"
10.250.100.56 - - [07/Nov/2024:12:23:38 +0100] "GET / HTTP/1.1" 200 48504 "-" "Mozilla/5.0 (Windows NT 10.0; Win64; x64; rv:132.0) Gecko/20100101 Firefox/132.0"
10.250.100.186 - - [07/Nov/2024:12:23:42 +0100] "POST /wordpress/index.php?rest_route=%2Fwp%2Fv2%2Ftemplate-parts%2Ftwentytwentytwo%2F%2Fheader&_locale=user HTTP/1.1" 200 3112 "http://www.bedrift6.d3-101.usn/wordpress/wp-admin/site-editor.php?postType=wp_template&postId=twentytwentytwo%2F%2Fpage&canvas=edit" "Mozilla/5.0 (Windows NT 10.0; Win64; x64) AppleWebKit/537.36 (KHTML, like Gecko) Chrome/130.0.0.0 Safari/537.36"
10.250.100.56 - - [07/Nov/2024:12:23:43 +0100] "GET / HTTP/1.1" 200 48521 "-" "Mozilla/5.0 (Windows NT 10.0; Win64; x64; rv:132.0) Gecko/20100101 Firefox/132.0"
10.250.100.56 - - [07/Nov/2024:12:23:49 +0100] "GET /wordpress/ HTTP/1.1" 200 48521 "http://www.bedrift6.d3-101.usn/" "Mozilla/5.0 (Windows NT 10.0; Win64; x64; rv:132.0) Gecko/20100101 Firefox/132.0"
10.250.100.56 - - [07/Nov/2024:12:23:51 +0100] "GET /wordpress/ HTTP/1.1" 200 48521 "http://www.bedrift6.d3-101.usn/" "Mozilla/5.0 (Windows NT 10.0; Win64; x64; rv:132.0) Gecko/20100101 Firefox/132.0"
10.250.100.186 - - [07/Nov/2024:12:23:53 +0100] "POST /wordpress/index.php?rest_route=%2Fwp%2Fv2%2Fusers%2Fme&_locale=user HTTP/1.1" 200 2420 "http://www.bedrift6.d3-101.usn/wordpress/wp-admin/site-editor.php?postType=wp_template&postId=twentytwentytwo%2F%2Fpage&canvas=edit" "Mozilla/5.0 (Windows NT 10.0; Win64; x64) AppleWebKit/537.36 (KHTML, like Gecko) Chrome/130.0.0.0 Safari/537.36"
10.250.100.186 - - [07/Nov/2024:12:24:17 +0100] "GET /wordpress/index.php?rest_route=%2Fwp%2Fv2%2Fsearch&search=www&per_page=20&type=post&_locale=user HTTP/1.1" 200 479 "http://www.bedrift6.d3-101.usn/wordpress/wp-admin/site-editor.php?postType=wp_template&postId=twentytwentytwo%2F%2Fpage&canvas=edit" "Mozilla/5.0 (Windows NT 10.0; Win64; x64) AppleWebKit/537.36 (KHTML, like Gecko) Chrome/130.0.0.0 Safari/537.36"
10.250.100.186 - - [07/Nov/2024:12:24:17 +0100] "GET /wordpress/index.php?rest_route=%2Fwp%2Fv2%2Fmedia&search=www&per_page=20&_locale=user HTTP/1.1" 200 2 "http://www.bedrift6.d3-101.usn/wordpress/wp-admin/site-editor.php?postType=wp_template&postId=twentytwentytwo%2F%2Fpage&canvas=edit" "Mozilla/5.0 (Windows NT 10.0; Win64; x64) AppleWebKit/537.36 (KHTML, like Gecko) Chrome/130.0.0.0 Safari/537.36"
10.250.100.186 - - [07/Nov/2024:12:24:17 +0100] "GET /wordpress/index.php?rest_route=%2Fwp%2Fv2%2Fsearch&search=www&per_page=20&type=post-format&_locale=user HTTP/1.1" 200 2 "http://www.bedrift6.d3-101.usn/wordpress/wp-admin/site-editor.php?postType=wp_template&postId=twentytwentytwo%2F%2Fpage&canvas=edit" "Mozilla/5.0 (Windows NT 10.0; Win64; x64) AppleWebKit/537.36 (KHTML, like Gecko) Chrome/130.0.0.0 Safari/537.36"
10.250.100.186 - - [07/Nov/2024:12:24:17 +0100] "GET /wordpress/index.php?rest_route=%2Fwp%2Fv2%2Fsearch&search=www&per_page=20&type=term&_locale=user HTTP/1.1" 200 2 "http://www.bedrift6.d3-101.usn/wordpress/wp-admin/site-editor.php?postType=wp_template&postId=twentytwentytwo%2F%2Fpage&canvas=edit" "Mozilla/5.0 (Windows NT 10.0; Win64; x64) AppleWebKit/537.36 (KHTML, like Gecko) Chrome/130.0.0.0 Safari/537.36"
10.250.100.56 - - [07/Nov/2024:12:24:18 +0100] "GET /wordpress/ HTTP/1.1" 200 48521 "http://www.bedrift6.d3-101.usn/" "Mozilla/5.0 (Windows NT 10.0; Win64; x64; rv:132.0) Gecko/20100101 Firefox/132.0"
10.250.100.186 - - [07/Nov/2024:12:24:18 +0100] "GET /wordpress/index.php?rest_route=%2Fwp%2Fv2%2Fsearch&search=www.&per_page=20&type=term&_locale=user HTTP/1.1" 200 2 "http://www.bedrift6.d3-101.usn/wordpress/wp-admin/site-editor.php?postType=wp_template&postId=twentytwentytwo%2F%2Fpage&canvas=edit" "Mozilla/5.0 (Windows NT 10.0; Win64; x64) AppleWebKit/537.36 (KHTML, like Gecko) Chrome/130.0.0.0 Safari/537.36"
10.250.100.186 - - [07/Nov/2024:12:24:18 +0100] "GET /wordpress/index.php?rest_route=%2Fwp%2Fv2%2Fsearch&search=www.&per_page=20&type=post-format&_locale=user HTTP/1.1" 200 2 "http://www.bedrift6.d3-101.usn/wordpress/wp-admin/site-editor.php?postType=wp_template&postId=twentytwentytwo%2F%2Fpage&canvas=edit" "Mozilla/5.0 (Windows NT 10.0; Win64; x64) AppleWebKit/537.36 (KHTML, like Gecko) Chrome/130.0.0.0 Safari/537.36"
10.250.100.186 - - [07/Nov/2024:12:24:18 +0100] "GET /wordpress/index.php?rest_route=%2Fwp%2Fv2%2Fsearch&search=www.&per_page=20&type=post&_locale=user HTTP/1.1" 200 479 "http://www.bedrift6.d3-101.usn/wordpress/wp-admin/site-editor.php?postType=wp_template&postId=twentytwentytwo%2F%2Fpage&canvas=edit" "Mozilla/5.0 (Windows NT 10.0; Win64; x64) AppleWebKit/537.36 (KHTML, like Gecko) Chrome/130.0.0.0 Safari/537.36"
10.250.100.186 - - [07/Nov/2024:12:24:18 +0100] "GET /wordpress/index.php?rest_route=%2Fwp%2Fv2%2Fmedia&search=www.&per_page=20&_locale=user HTTP/1.1" 200 2 "http://www.bedrift6.d3-101.usn/wordpress/wp-admin/site-editor.php?postType=wp_template&postId=twentytwentytwo%2F%2Fpage&canvas=edit" "Mozilla/5.0 (Windows NT 10.0; Win64; x64) AppleWebKit/537.36 (KHTML, like Gecko) Chrome/130.0.0.0 Safari/537.36"
10.250.100.56 - - [07/Nov/2024:12:24:18 +0100] "GET /wordpress/ HTTP/1.1" 200 48521 "http://www.bedrift6.d3-101.usn/" "Mozilla/5.0 (Windows NT 10.0; Win64; x64; rv:132.0) Gecko/20100101 Firefox/132.0"
10.250.100.56 - - [07/Nov/2024:12:24:18 +0100] "GET /wordpress/ HTTP/1.1" 200 48521 "http://www.bedrift6.d3-101.usn/" "Mozilla/5.0 (Windows NT 10.0; Win64; x64; rv:132.0) Gecko/20100101 Firefox/132.0"
10.250.100.56 - - [07/Nov/2024:12:24:18 +0100] "GET /wordpress/ HTTP/1.1" 200 48521 "http://www.bedrift6.d3-101.usn/" "Mozilla/5.0 (Windows NT 10.0; Win64; x64; rv:132.0) Gecko/20100101 Firefox/132.0"
10.250.100.186 - - [07/Nov/2024:12:24:18 +0100] "GET /wordpress/index.php?rest_route=%2Fwp%2Fv2%2Fsearch&search=www.bed&per_page=20&type=post-format&_locale=user HTTP/1.1" 200 2 "http://www.bedrift6.d3-101.usn/wordpress/wp-admin/site-editor.php?postType=wp_template&postId=twentytwentytwo%2F%2Fpage&canvas=edit" "Mozilla/5.0 (Windows NT 10.0; Win64; x64) AppleWebKit/537.36 (KHTML, like Gecko) Chrome/130.0.0.0 Safari/537.36"
10.250.100.186 - - [07/Nov/2024:12:24:18 +0100] "GET /wordpress/index.php?rest_route=%2Fwp%2Fv2%2Fsearch&search=www.bed&per_page=20&type=term&_locale=user HTTP/1.1" 200 2 "http://www.bedrift6.d3-101.usn/wordpress/wp-admin/site-editor.php?postType=wp_template&postId=twentytwentytwo%2F%2Fpage&canvas=edit" "Mozilla/5.0 (Windows NT 10.0; Win64; x64) AppleWebKit/537.36 (KHTML, like Gecko) Chrome/130.0.0.0 Safari/537.36"
10.250.100.186 - - [07/Nov/2024:12:24:18 +0100] "GET /wordpress/index.php?rest_route=%2Fwp%2Fv2%2Fsearch&search=www.bed&per_page=20&type=post&_locale=user HTTP/1.1" 200 479 "http://www.bedrift6.d3-101.usn/wordpress/wp-admin/site-editor.php?postType=wp_template&postId=twentytwentytwo%2F%2Fpage&canvas=edit" "Mozilla/5.0 (Windows NT 10.0; Win64; x64) AppleWebKit/537.36 (KHTML, like Gecko) Chrome/130.0.0.0 Safari/537.36"
10.250.100.186 - - [07/Nov/2024:12:24:18 +0100] "GET /wordpress/index.php?rest_route=%2Fwp%2Fv2%2Fmedia&search=www.bed&per_page=20&_locale=user HTTP/1.1" 200 2 "http://www.bedrift6.d3-101.usn/wordpress/wp-admin/site-editor.php?postType=wp_template&postId=twentytwentytwo%2F%2Fpage&canvas=edit" "Mozilla/5.0 (Windows NT 10.0; Win64; x64) AppleWebKit/537.36 (KHTML, like Gecko) Chrome/130.0.0.0 Safari/537.36"
10.250.100.56 - - [07/Nov/2024:12:24:19 +0100] "GET /wordpress/ HTTP/1.1" 200 48521 "http://www.bedrift6.d3-101.usn/" "Mozilla/5.0 (Windows NT 10.0; Win64; x64; rv:132.0) Gecko/20100101 Firefox/132.0"
10.250.100.56 - - [07/Nov/2024:12:24:19 +0100] "GET /wordpress/ HTTP/1.1" 200 48521 "http://www.bedrift6.d3-101.usn/" "Mozilla/5.0 (Windows NT 10.0; Win64; x64; rv:132.0) Gecko/20100101 Firefox/132.0"
10.250.100.56 - - [07/Nov/2024:12:24:19 +0100] "GET /wordpress/ HTTP/1.1" 200 48521 "http://www.bedrift6.d3-101.usn/" "Mozilla/5.0 (Windows NT 10.0; Win64; x64; rv:132.0) Gecko/20100101 Firefox/132.0"
10.250.100.186 - - [07/Nov/2024:12:24:19 +0100] "GET /wordpress/index.php?rest_route=%2Fwp%2Fv2%2Fsearch&search=www.bedrift&per_page=20&type=post&_locale=user HTTP/1.1" 200 479 "http://www.bedrift6.d3-101.usn/wordpress/wp-admin/site-editor.php?postType=wp_template&postId=twentytwentytwo%2F%2Fpage&canvas=edit" "Mozilla/5.0 (Windows NT 10.0; Win64; x64) AppleWebKit/537.36 (KHTML, like Gecko) Chrome/130.0.0.0 Safari/537.36"
10.250.100.186 - - [07/Nov/2024:12:24:19 +0100] "GET /wordpress/index.php?rest_route=%2Fwp%2Fv2%2Fsearch&search=www.bedrift&per_page=20&type=post-format&_locale=user HTTP/1.1" 200 2 "http://www.bedrift6.d3-101.usn/wordpress/wp-admin/site-editor.php?postType=wp_template&postId=twentytwentytwo%2F%2Fpage&canvas=edit" "Mozilla/5.0 (Windows NT 10.0; Win64; x64) AppleWebKit/537.36 (KHTML, like Gecko) Chrome/130.0.0.0 Safari/537.36"
10.250.100.186 - - [07/Nov/2024:12:24:19 +0100] "GET /wordpress/index.php?rest_route=%2Fwp%2Fv2%2Fsearch&search=www.bedrift&per_page=20&type=term&_locale=user HTTP/1.1" 200 2 "http://www.bedrift6.d3-101.usn/wordpress/wp-admin/site-editor.php?postType=wp_template&postId=twentytwentytwo%2F%2Fpage&canvas=edit" "Mozilla/5.0 (Windows NT 10.0; Win64; x64) AppleWebKit/537.36 (KHTML, like Gecko) Chrome/130.0.0.0 Safari/537.36"
10.250.100.186 - - [07/Nov/2024:12:24:19 +0100] "GET /wordpress/index.php?rest_route=%2Fwp%2Fv2%2Fmedia&search=www.bedrift&per_page=20&_locale=user HTTP/1.1" 200 2 "http://www.bedrift6.d3-101.usn/wordpress/wp-admin/site-editor.php?postType=wp_template&postId=twentytwentytwo%2F%2Fpage&canvas=edit" "Mozilla/5.0 (Windows NT 10.0; Win64; x64) AppleWebKit/537.36 (KHTML, like Gecko) Chrome/130.0.0.0 Safari/537.36"
10.250.100.56 - - [07/Nov/2024:12:24:19 +0100] "GET /wordpress/ HTTP/1.1" 200 48521 "http://www.bedrift6.d3-101.usn/" "Mozilla/5.0 (Windows NT 10.0; Win64; x64; rv:132.0) Gecko/20100101 Firefox/132.0"
10.250.100.186 - - [07/Nov/2024:12:24:19 +0100] "GET /wordpress/index.php?rest_route=%2Fwp%2Fv2%2Fsearch&search=www.bedrift6&per_page=20&type=post-format&_locale=user HTTP/1.1" 200 2 "http://www.bedrift6.d3-101.usn/wordpress/wp-admin/site-editor.php?postType=wp_template&postId=twentytwentytwo%2F%2Fpage&canvas=edit" "Mozilla/5.0 (Windows NT 10.0; Win64; x64) AppleWebKit/537.36 (KHTML, like Gecko) Chrome/130.0.0.0 Safari/537.36"
10.250.100.186 - - [07/Nov/2024:12:24:19 +0100] "GET /wordpress/index.php?rest_route=%2Fwp%2Fv2%2Fsearch&search=www.bedrift6&per_page=20&type=term&_locale=user HTTP/1.1" 200 2 "http://www.bedrift6.d3-101.usn/wordpress/wp-admin/site-editor.php?postType=wp_template&postId=twentytwentytwo%2F%2Fpage&canvas=edit" "Mozilla/5.0 (Windows NT 10.0; Win64; x64) AppleWebKit/537.36 (KHTML, like Gecko) Chrome/130.0.0.0 Safari/537.36"
10.250.100.186 - - [07/Nov/2024:12:24:19 +0100] "GET /wordpress/index.php?rest_route=%2Fwp%2Fv2%2Fmedia&search=www.bedrift6&per_page=20&_locale=user HTTP/1.1" 200 2 "http://www.bedrift6.d3-101.usn/wordpress/wp-admin/site-editor.php?postType=wp_template&postId=twentytwentytwo%2F%2Fpage&canvas=edit" "Mozilla/5.0 (Windows NT 10.0; Win64; x64) AppleWebKit/537.36 (KHTML, like Gecko) Chrome/130.0.0.0 Safari/537.36"
10.250.100.186 - - [07/Nov/2024:12:24:19 +0100] "GET /wordpress/index.php?rest_route=%2Fwp%2Fv2%2Fsearch&search=www.bedrift6&per_page=20&type=post&_locale=user HTTP/1.1" 200 479 "http://www.bedrift6.d3-101.usn/wordpress/wp-admin/site-editor.php?postType=wp_template&postId=twentytwentytwo%2F%2Fpage&canvas=edit" "Mozilla/5.0 (Windows NT 10.0; Win64; x64) AppleWebKit/537.36 (KHTML, like Gecko) Chrome/130.0.0.0 Safari/537.36"
10.250.100.56 - - [07/Nov/2024:12:24:20 +0100] "GET /wordpress/ HTTP/1.1" 200 48521 "http://www.bedrift6.d3-101.usn/" "Mozilla/5.0 (Windows NT 10.0; Win64; x64; rv:132.0) Gecko/20100101 Firefox/132.0"
10.250.100.186 - - [07/Nov/2024:12:24:20 +0100] "GET /wordpress/index.php?rest_route=%2Fwp%2Fv2%2Fsearch&search=www.bedrift6.&per_page=20&type=term&_locale=user HTTP/1.1" 200 2 "http://www.bedrift6.d3-101.usn/wordpress/wp-admin/site-editor.php?postType=wp_template&postId=twentytwentytwo%2F%2Fpage&canvas=edit" "Mozilla/5.0 (Windows NT 10.0; Win64; x64) AppleWebKit/537.36 (KHTML, like Gecko) Chrome/130.0.0.0 Safari/537.36"
10.250.100.186 - - [07/Nov/2024:12:24:20 +0100] "GET /wordpress/index.php?rest_route=%2Fwp%2Fv2%2Fsearch&search=www.bedrift6.&per_page=20&type=post-format&_locale=user HTTP/1.1" 200 2 "http://www.bedrift6.d3-101.usn/wordpress/wp-admin/site-editor.php?postType=wp_template&postId=twentytwentytwo%2F%2Fpage&canvas=edit" "Mozilla/5.0 (Windows NT 10.0; Win64; x64) AppleWebKit/537.36 (KHTML, like Gecko) Chrome/130.0.0.0 Safari/537.36"
10.250.100.186 - - [07/Nov/2024:12:24:20 +0100] "GET /wordpress/index.php?rest_route=%2Fwp%2Fv2%2Fmedia&search=www.bedrift6.&per_page=20&_locale=user HTTP/1.1" 200 2 "http://www.bedrift6.d3-101.usn/wordpress/wp-admin/site-editor.php?postType=wp_template&postId=twentytwentytwo%2F%2Fpage&canvas=edit" "Mozilla/5.0 (Windows NT 10.0; Win64; x64) AppleWebKit/537.36 (KHTML, like Gecko) Chrome/130.0.0.0 Safari/537.36"
10.250.100.56 - - [07/Nov/2024:12:24:20 +0100] "GET /wordpress/ HTTP/1.1" 200 48521 "http://www.bedrift6.d3-101.usn/" "Mozilla/5.0 (Windows NT 10.0; Win64; x64; rv:132.0) Gecko/20100101 Firefox/132.0"
10.250.100.186 - - [07/Nov/2024:12:24:20 +0100] "GET /wordpress/index.php?rest_route=%2Fwp%2Fv2%2Fsearch&search=www.bedrift6.&per_page=20&type=post&_locale=user HTTP/1.1" 200 479 "http://www.bedrift6.d3-101.usn/wordpress/wp-admin/site-editor.php?postType=wp_template&postId=twentytwentytwo%2F%2Fpage&canvas=edit" "Mozilla/5.0 (Windows NT 10.0; Win64; x64) AppleWebKit/537.36 (KHTML, like Gecko) Chrome/130.0.0.0 Safari/537.36"
10.250.100.56 - - [07/Nov/2024:12:24:20 +0100] "GET /wordpress/ HTTP/1.1" 200 48521 "http://www.bedrift6.d3-101.usn/" "Mozilla/5.0 (Windows NT 10.0; Win64; x64; rv:132.0) Gecko/20100101 Firefox/132.0"
10.250.100.56 - - [07/Nov/2024:12:24:20 +0100] "GET /wordpress/ HTTP/1.1" 200 48521 "http://www.bedrift6.d3-101.usn/" "Mozilla/5.0 (Windows NT 10.0; Win64; x64; rv:132.0) Gecko/20100101 Firefox/132.0"
10.250.100.56 - - [07/Nov/2024:12:24:21 +0100] "GET /wordpress/ HTTP/1.1" 200 48521 "http://www.bedrift6.d3-101.usn/" "Mozilla/5.0 (Windows NT 10.0; Win64; x64; rv:132.0) Gecko/20100101 Firefox/132.0"
10.250.100.186 - - [07/Nov/2024:12:24:21 +0100] "GET /wordpress/index.php?rest_route=%2Fwp%2Fv2%2Fsearch&search=www.bedrift6.d3-101&per_page=20&type=post-format&_locale=user HTTP/1.1" 200 2 "http://www.bedrift6.d3-101.usn/wordpress/wp-admin/site-editor.php?postType=wp_template&postId=twentytwentytwo%2F%2Fpage&canvas=edit" "Mozilla/5.0 (Windows NT 10.0; Win64; x64) AppleWebKit/537.36 (KHTML, like Gecko) Chrome/130.0.0.0 Safari/537.36"
10.250.100.186 - - [07/Nov/2024:12:24:21 +0100] "GET /wordpress/index.php?rest_route=%2Fwp%2Fv2%2Fsearch&search=www.bedrift6.d3-101&per_page=20&type=post&_locale=user HTTP/1.1" 200 479 "http://www.bedrift6.d3-101.usn/wordpress/wp-admin/site-editor.php?postType=wp_template&postId=twentytwentytwo%2F%2Fpage&canvas=edit" "Mozilla/5.0 (Windows NT 10.0; Win64; x64) AppleWebKit/537.36 (KHTML, like Gecko) Chrome/130.0.0.0 Safari/537.36"
10.250.100.186 - - [07/Nov/2024:12:24:21 +0100] "GET /wordpress/index.php?rest_route=%2Fwp%2Fv2%2Fmedia&search=www.bedrift6.d3-101&per_page=20&_locale=user HTTP/1.1" 200 2 "http://www.bedrift6.d3-101.usn/wordpress/wp-admin/site-editor.php?postType=wp_template&postId=twentytwentytwo%2F%2Fpage&canvas=edit" "Mozilla/5.0 (Windows NT 10.0; Win64; x64) AppleWebKit/537.36 (KHTML, like Gecko) Chrome/130.0.0.0 Safari/537.36"
10.250.100.186 - - [07/Nov/2024:12:24:21 +0100] "GET /wordpress/index.php?rest_route=%2Fwp%2Fv2%2Fsearch&search=www.bedrift6.d3-101&per_page=20&type=term&_locale=user HTTP/1.1" 200 2 "http://www.bedrift6.d3-101.usn/wordpress/wp-admin/site-editor.php?postType=wp_template&postId=twentytwentytwo%2F%2Fpage&canvas=edit" "Mozilla/5.0 (Windows NT 10.0; Win64; x64) AppleWebKit/537.36 (KHTML, like Gecko) Chrome/130.0.0.0 Safari/537.36"
10.250.100.56 - - [07/Nov/2024:12:24:21 +0100] "GET /wordpress/ HTTP/1.1" 200 48521 "http://www.bedrift6.d3-101.usn/" "Mozilla/5.0 (Windows NT 10.0; Win64; x64; rv:132.0) Gecko/20100101 Firefox/132.0"
10.250.100.56 - - [07/Nov/2024:12:24:21 +0100] "GET /wordpress/ HTTP/1.1" 200 48521 "http://www.bedrift6.d3-101.usn/" "Mozilla/5.0 (Windows NT 10.0; Win64; x64; rv:132.0) Gecko/20100101 Firefox/132.0"
10.250.100.56 - - [07/Nov/2024:12:24:21 +0100] "GET /wordpress/ HTTP/1.1" 200 48521 "http://www.bedrift6.d3-101.usn/" "Mozilla/5.0 (Windows NT 10.0; Win64; x64; rv:132.0) Gecko/20100101 Firefox/132.0"
10.250.100.56 - - [07/Nov/2024:12:24:21 +0100] "GET /wordpress/ HTTP/1.1" 200 48521 "http://www.bedrift6.d3-101.usn/" "Mozilla/5.0 (Windows NT 10.0; Win64; x64; rv:132.0) Gecko/20100101 Firefox/132.0"
10.250.100.56 - - [07/Nov/2024:12:24:22 +0100] "GET /wordpress/ HTTP/1.1" 200 48521 "http://www.bedrift6.d3-101.usn/" "Mozilla/5.0 (Windows NT 10.0; Win64; x64; rv:132.0) Gecko/20100101 Firefox/132.0"
10.250.100.56 - - [07/Nov/2024:12:24:22 +0100] "GET /wordpress/ HTTP/1.1" 200 48521 "http://www.bedrift6.d3-101.usn/" "Mozilla/5.0 (Windows NT 10.0; Win64; x64; rv:132.0) Gecko/20100101 Firefox/132.0"
10.250.100.186 - - [07/Nov/2024:12:24:22 +0100] "GET /wordpress/index.php?rest_route=%2Fwp%2Fv2%2Fsearch&search=www.bedrift6.d3-101.&per_page=20&type=post&_locale=user HTTP/1.1" 200 479 "http://www.bedrift6.d3-101.usn/wordpress/wp-admin/site-editor.php?postType=wp_template&postId=twentytwentytwo%2F%2Fpage&canvas=edit" "Mozilla/5.0 (Windows NT 10.0; Win64; x64) AppleWebKit/537.36 (KHTML, like Gecko) Chrome/130.0.0.0 Safari/537.36"
10.250.100.186 - - [07/Nov/2024:12:24:22 +0100] "GET /wordpress/index.php?rest_route=%2Fwp%2Fv2%2Fsearch&search=www.bedrift6.d3-101.&per_page=20&type=term&_locale=user HTTP/1.1" 200 2 "http://www.bedrift6.d3-101.usn/wordpress/wp-admin/site-editor.php?postType=wp_template&postId=twentytwentytwo%2F%2Fpage&canvas=edit" "Mozilla/5.0 (Windows NT 10.0; Win64; x64) AppleWebKit/537.36 (KHTML, like Gecko) Chrome/130.0.0.0 Safari/537.36"
10.250.100.186 - - [07/Nov/2024:12:24:22 +0100] "GET /wordpress/index.php?rest_route=%2Fwp%2Fv2%2Fsearch&search=www.bedrift6.d3-101.&per_page=20&type=post-format&_locale=user HTTP/1.1" 200 2 "http://www.bedrift6.d3-101.usn/wordpress/wp-admin/site-editor.php?postType=wp_template&postId=twentytwentytwo%2F%2Fpage&canvas=edit" "Mozilla/5.0 (Windows NT 10.0; Win64; x64) AppleWebKit/537.36 (KHTML, like Gecko) Chrome/130.0.0.0 Safari/537.36"
10.250.100.186 - - [07/Nov/2024:12:24:22 +0100] "GET /wordpress/index.php?rest_route=%2Fwp%2Fv2%2Fmedia&search=www.bedrift6.d3-101.&per_page=20&_locale=user HTTP/1.1" 200 2 "http://www.bedrift6.d3-101.usn/wordpress/wp-admin/site-editor.php?postType=wp_template&postId=twentytwentytwo%2F%2Fpage&canvas=edit" "Mozilla/5.0 (Windows NT 10.0; Win64; x64) AppleWebKit/537.36 (KHTML, like Gecko) Chrome/130.0.0.0 Safari/537.36"
10.250.100.56 - - [07/Nov/2024:12:24:22 +0100] "GET /wordpress/ HTTP/1.1" 200 48521 "http://www.bedrift6.d3-101.usn/" "Mozilla/5.0 (Windows NT 10.0; Win64; x64; rv:132.0) Gecko/20100101 Firefox/132.0"
10.250.100.56 - - [07/Nov/2024:12:24:22 +0100] "GET /wordpress/ HTTP/1.1" 200 48521 "http://www.bedrift6.d3-101.usn/" "Mozilla/5.0 (Windows NT 10.0; Win64; x64; rv:132.0) Gecko/20100101 Firefox/132.0"
10.250.100.56 - - [07/Nov/2024:12:24:22 +0100] "GET /wordpress/ HTTP/1.1" 200 48521 "http://www.bedrift6.d3-101.usn/" "Mozilla/5.0 (Windows NT 10.0; Win64; x64; rv:132.0) Gecko/20100101 Firefox/132.0"
10.250.100.56 - - [07/Nov/2024:12:24:22 +0100] "GET /favicon.ico HTTP/1.1" 404 196 "http://www.bedrift6.d3-101.usn/wordpress/" "Mozilla/5.0 (Windows NT 10.0; Win64; x64; rv:132.0) Gecko/20100101 Firefox/132.0"
10.250.100.56 - - [07/Nov/2024:12:24:22 +0100] "GET /wordpress/ HTTP/1.1" 200 48521 "http://www.bedrift6.d3-101.usn/" "Mozilla/5.0 (Windows NT 10.0; Win64; x64; rv:132.0) Gecko/20100101 Firefox/132.0"
10.250.100.186 - - [07/Nov/2024:12:24:22 +0100] "GET /wordpress/index.php?rest_route=%2Fwp%2Fv2%2Fsearch&search=www.bedrift6.d3-101.usn&per_page=20&type=post-format&_locale=user HTTP/1.1" 200 2 "http://www.bedrift6.d3-101.usn/wordpress/wp-admin/site-editor.php?postType=wp_template&postId=twentytwentytwo%2F%2Fpage&canvas=edit" "Mozilla/5.0 (Windows NT 10.0; Win64; x64) AppleWebKit/537.36 (KHTML, like Gecko) Chrome/130.0.0.0 Safari/537.36"
10.250.100.186 - - [07/Nov/2024:12:24:22 +0100] "GET /wordpress/index.php?rest_route=%2Fwp%2Fv2%2Fsearch&search=www.bedrift6.d3-101.usn&per_page=20&type=term&_locale=user HTTP/1.1" 200 2 "http://www.bedrift6.d3-101.usn/wordpress/wp-admin/site-editor.php?postType=wp_template&postId=twentytwentytwo%2F%2Fpage&canvas=edit" "Mozilla/5.0 (Windows NT 10.0; Win64; x64) AppleWebKit/537.36 (KHTML, like Gecko) Chrome/130.0.0.0 Safari/537.36"
10.250.100.186 - - [07/Nov/2024:12:24:22 +0100] "GET /wordpress/index.php?rest_route=%2Fwp%2Fv2%2Fmedia&search=www.bedrift6.d3-101.usn&per_page=20&_locale=user HTTP/1.1" 200 2 "http://www.bedrift6.d3-101.usn/wordpress/wp-admin/site-editor.php?postType=wp_template&postId=twentytwentytwo%2F%2Fpage&canvas=edit" "Mozilla/5.0 (Windows NT 10.0; Win64; x64) AppleWebKit/537.36 (KHTML, like Gecko) Chrome/130.0.0.0 Safari/537.36"
10.250.100.186 - - [07/Nov/2024:12:24:22 +0100] "GET /wordpress/index.php?rest_route=%2Fwp%2Fv2%2Fsearch&search=www.bedrift6.d3-101.usn&per_page=20&type=post&_locale=user HTTP/1.1" 200 479 "http://www.bedrift6.d3-101.usn/wordpress/wp-admin/site-editor.php?postType=wp_template&postId=twentytwentytwo%2F%2Fpage&canvas=edit" "Mozilla/5.0 (Windows NT 10.0; Win64; x64) AppleWebKit/537.36 (KHTML, like Gecko) Chrome/130.0.0.0 Safari/537.36"
10.250.100.56 - - [07/Nov/2024:12:24:22 +0100] "GET /wordpress/ HTTP/1.1" 200 48521 "http://www.bedrift6.d3-101.usn/" "Mozilla/5.0 (Windows NT 10.0; Win64; x64; rv:132.0) Gecko/20100101 Firefox/132.0"
10.250.100.56 - - [07/Nov/2024:12:24:23 +0100] "GET /wordpress/ HTTP/1.1" 200 48521 "http://www.bedrift6.d3-101.usn/" "Mozilla/5.0 (Windows NT 10.0; Win64; x64; rv:132.0) Gecko/20100101 Firefox/132.0"
10.250.100.56 - - [07/Nov/2024:12:24:23 +0100] "GET /wordpress/ HTTP/1.1" 200 48521 "http://www.bedrift6.d3-101.usn/" "Mozilla/5.0 (Windows NT 10.0; Win64; x64; rv:132.0) Gecko/20100101 Firefox/132.0"
10.250.100.56 - - [07/Nov/2024:12:24:23 +0100] "GET /wordpress/ HTTP/1.1" 200 48521 "http://www.bedrift6.d3-101.usn/" "Mozilla/5.0 (Windows NT 10.0; Win64; x64; rv:132.0) Gecko/20100101 Firefox/132.0"
10.250.100.186 - - [07/Nov/2024:12:24:23 +0100] "GET /wordpress/index.php?rest_route=%2Fwp%2Fv2%2Fsearch&search=www.bedrift6.d3-101.usn%2F&per_page=20&type=post-format&_locale=user HTTP/1.1" 200 2 "http://www.bedrift6.d3-101.usn/wordpress/wp-admin/site-editor.php?postType=wp_template&postId=twentytwentytwo%2F%2Fpage&canvas=edit" "Mozilla/5.0 (Windows NT 10.0; Win64; x64) AppleWebKit/537.36 (KHTML, like Gecko) Chrome/130.0.0.0 Safari/537.36"
10.250.100.186 - - [07/Nov/2024:12:24:23 +0100] "GET /wordpress/index.php?rest_route=%2Fwp%2Fv2%2Fsearch&search=www.bedrift6.d3-101.usn%2F&per_page=20&type=term&_locale=user HTTP/1.1" 200 2 "http://www.bedrift6.d3-101.usn/wordpress/wp-admin/site-editor.php?postType=wp_template&postId=twentytwentytwo%2F%2Fpage&canvas=edit" "Mozilla/5.0 (Windows NT 10.0; Win64; x64) AppleWebKit/537.36 (KHTML, like Gecko) Chrome/130.0.0.0 Safari/537.36"
10.250.100.186 - - [07/Nov/2024:12:24:23 +0100] "GET /wordpress/index.php?rest_route=%2Fwp%2Fv2%2Fmedia&search=www.bedrift6.d3-101.usn%2F&per_page=20&_locale=user HTTP/1.1" 200 2 "http://www.bedrift6.d3-101.usn/wordpress/wp-admin/site-editor.php?postType=wp_template&postId=twentytwentytwo%2F%2Fpage&canvas=edit" "Mozilla/5.0 (Windows NT 10.0; Win64; x64) AppleWebKit/537.36 (KHTML, like Gecko) Chrome/130.0.0.0 Safari/537.36"
10.250.100.186 - - [07/Nov/2024:12:24:23 +0100] "GET /wordpress/index.php?rest_route=%2Fwp%2Fv2%2Fsearch&search=www.bedrift6.d3-101.usn%2F&per_page=20&type=post&_locale=user HTTP/1.1" 200 479 "http://www.bedrift6.d3-101.usn/wordpress/wp-admin/site-editor.php?postType=wp_template&postId=twentytwentytwo%2F%2Fpage&canvas=edit" "Mozilla/5.0 (Windows NT 10.0; Win64; x64) AppleWebKit/537.36 (KHTML, like Gecko) Chrome/130.0.0.0 Safari/537.36"
10.250.100.56 - - [07/Nov/2024:12:24:23 +0100] "GET /wordpress/ HTTP/1.1" 200 48521 "http://www.bedrift6.d3-101.usn/" "Mozilla/5.0 (Windows NT 10.0; Win64; x64; rv:132.0) Gecko/20100101 Firefox/132.0"
10.250.100.186 - - [07/Nov/2024:12:24:24 +0100] "GET /wordpress/index.php?rest_route=%2Fwp%2Fv2%2Fmedia&search=www.bedrift6.d3-101.usn%2Fmail&per_page=20&_locale=user HTTP/1.1" 200 2 "http://www.bedrift6.d3-101.usn/wordpress/wp-admin/site-editor.php?postType=wp_template&postId=twentytwentytwo%2F%2Fpage&canvas=edit" "Mozilla/5.0 (Windows NT 10.0; Win64; x64) AppleWebKit/537.36 (KHTML, like Gecko) Chrome/130.0.0.0 Safari/537.36"
10.250.100.186 - - [07/Nov/2024:12:24:24 +0100] "GET /wordpress/index.php?rest_route=%2Fwp%2Fv2%2Fsearch&search=www.bedrift6.d3-101.usn%2Fmail&per_page=20&type=post-format&_locale=user HTTP/1.1" 200 2 "http://www.bedrift6.d3-101.usn/wordpress/wp-admin/site-editor.php?postType=wp_template&postId=twentytwentytwo%2F%2Fpage&canvas=edit" "Mozilla/5.0 (Windows NT 10.0; Win64; x64) AppleWebKit/537.36 (KHTML, like Gecko) Chrome/130.0.0.0 Safari/537.36"
10.250.100.186 - - [07/Nov/2024:12:24:24 +0100] "GET /wordpress/index.php?rest_route=%2Fwp%2Fv2%2Fsearch&search=www.bedrift6.d3-101.usn%2Fmail&per_page=20&type=post&_locale=user HTTP/1.1" 200 2 "http://www.bedrift6.d3-101.usn/wordpress/wp-admin/site-editor.php?postType=wp_template&postId=twentytwentytwo%2F%2Fpage&canvas=edit" "Mozilla/5.0 (Windows NT 10.0; Win64; x64) AppleWebKit/537.36 (KHTML, like Gecko) Chrome/130.0.0.0 Safari/537.36"
10.250.100.186 - - [07/Nov/2024:12:24:24 +0100] "GET /wordpress/index.php?rest_route=%2Fwp%2Fv2%2Fsearch&search=www.bedrift6.d3-101.usn%2Fmail&per_page=20&type=term&_locale=user HTTP/1.1" 200 2 "http://www.bedrift6.d3-101.usn/wordpress/wp-admin/site-editor.php?postType=wp_template&postId=twentytwentytwo%2F%2Fpage&canvas=edit" "Mozilla/5.0 (Windows NT 10.0; Win64; x64) AppleWebKit/537.36 (KHTML, like Gecko) Chrome/130.0.0.0 Safari/537.36"
10.250.100.56 - - [07/Nov/2024:12:24:24 +0100] "GET /wordpress/ HTTP/1.1" 200 48521 "http://www.bedrift6.d3-101.usn/" "Mozilla/5.0 (Windows NT 10.0; Win64; x64; rv:132.0) Gecko/20100101 Firefox/132.0"
10.250.100.56 - - [07/Nov/2024:12:24:24 +0100] "GET /wordpress/ HTTP/1.1" 200 48521 "http://www.bedrift6.d3-101.usn/" "Mozilla/5.0 (Windows NT 10.0; Win64; x64; rv:132.0) Gecko/20100101 Firefox/132.0"
10.250.100.56 - - [07/Nov/2024:12:24:24 +0100] "GET /wordpress/ HTTP/1.1" 200 48521 "http://www.bedrift6.d3-101.usn/" "Mozilla/5.0 (Windows NT 10.0; Win64; x64; rv:132.0) Gecko/20100101 Firefox/132.0"
10.250.100.56 - - [07/Nov/2024:12:24:24 +0100] "GET /wordpress/ HTTP/1.1" 200 48521 "http://www.bedrift6.d3-101.usn/" "Mozilla/5.0 (Windows NT 10.0; Win64; x64; rv:132.0) Gecko/20100101 Firefox/132.0"
10.250.100.56 - - [07/Nov/2024:12:24:25 +0100] "GET /wordpress/ HTTP/1.1" 200 48521 "http://www.bedrift6.d3-101.usn/" "Mozilla/5.0 (Windows NT 10.0; Win64; x64; rv:132.0) Gecko/20100101 Firefox/132.0"
10.250.100.56 - - [07/Nov/2024:12:24:25 +0100] "GET /wordpress/ HTTP/1.1" 200 48521 "http://www.bedrift6.d3-101.usn/" "Mozilla/5.0 (Windows NT 10.0; Win64; x64; rv:132.0) Gecko/20100101 Firefox/132.0"
10.250.100.56 - - [07/Nov/2024:12:24:25 +0100] "GET /wordpress/ HTTP/1.1" 200 48521 "http://www.bedrift6.d3-101.usn/" "Mozilla/5.0 (Windows NT 10.0; Win64; x64; rv:132.0) Gecko/20100101 Firefox/132.0"
10.250.100.56 - - [07/Nov/2024:12:24:26 +0100] "GET /wordpress/ HTTP/1.1" 200 48521 "http://www.bedrift6.d3-101.usn/" "Mozilla/5.0 (Windows NT 10.0; Win64; x64; rv:132.0) Gecko/20100101 Firefox/132.0"
10.250.100.56 - - [07/Nov/2024:12:24:26 +0100] "GET /wordpress/ HTTP/1.1" 200 48521 "http://www.bedrift6.d3-101.usn/" "Mozilla/5.0 (Windows NT 10.0; Win64; x64; rv:132.0) Gecko/20100101 Firefox/132.0"
10.250.100.56 - - [07/Nov/2024:12:24:26 +0100] "GET /wordpress/ HTTP/1.1" 200 48521 "http://www.bedrift6.d3-101.usn/" "Mozilla/5.0 (Windows NT 10.0; Win64; x64; rv:132.0) Gecko/20100101 Firefox/132.0"
10.250.100.56 - - [07/Nov/2024:12:24:26 +0100] "GET /wordpress/ HTTP/1.1" 200 48521 "http://www.bedrift6.d3-101.usn/" "Mozilla/5.0 (Windows NT 10.0; Win64; x64; rv:132.0) Gecko/20100101 Firefox/132.0"
10.250.100.56 - - [07/Nov/2024:12:24:27 +0100] "GET /wordpress/ HTTP/1.1" 200 48521 "http://www.bedrift6.d3-101.usn/" "Mozilla/5.0 (Windows NT 10.0; Win64; x64; rv:132.0) Gecko/20100101 Firefox/132.0"
10.250.100.56 - - [07/Nov/2024:12:24:28 +0100] "GET /wordpress/ HTTP/1.1" 200 48521 "http://www.bedrift6.d3-101.usn/" "Mozilla/5.0 (Windows NT 10.0; Win64; x64; rv:132.0) Gecko/20100101 Firefox/132.0"
10.250.100.56 - - [07/Nov/2024:12:24:28 +0100] "GET /favicon.ico HTTP/1.1" 404 196 "http://www.bedrift6.d3-101.usn/wordpress/" "Mozilla/5.0 (Windows NT 10.0; Win64; x64; rv:132.0) Gecko/20100101 Firefox/132.0"
10.250.100.56 - - [07/Nov/2024:12:24:28 +0100] "GET /wordpress/ HTTP/1.1" 200 48521 "http://www.bedrift6.d3-101.usn/" "Mozilla/5.0 (Windows NT 10.0; Win64; x64; rv:132.0) Gecko/20100101 Firefox/132.0"
10.250.100.186 - - [07/Nov/2024:12:24:28 +0100] "POST /wordpress/index.php?rest_route=%2Fwp%2Fv2%2Ftemplate-parts%2Ftwentytwentytwo%2F%2Fheader&_locale=user HTTP/1.1" 200 3223 "http://www.bedrift6.d3-101.usn/wordpress/wp-admin/site-editor.php?postType=wp_template&postId=twentytwentytwo%2F%2Fpage&canvas=edit" "Mozilla/5.0 (Windows NT 10.0; Win64; x64) AppleWebKit/537.36 (KHTML, like Gecko) Chrome/130.0.0.0 Safari/537.36"
10.250.100.56 - - [07/Nov/2024:12:24:28 +0100] "GET /wordpress/ HTTP/1.1" 200 48564 "http://www.bedrift6.d3-101.usn/" "Mozilla/5.0 (Windows NT 10.0; Win64; x64; rv:132.0) Gecko/20100101 Firefox/132.0"
10.250.100.56 - - [07/Nov/2024:12:24:28 +0100] "GET /wordpress/ HTTP/1.1" 200 48564 "http://www.bedrift6.d3-101.usn/" "Mozilla/5.0 (Windows NT 10.0; Win64; x64; rv:132.0) Gecko/20100101 Firefox/132.0"
10.250.100.56 - - [07/Nov/2024:12:24:29 +0100] "GET /wordpress/www.bedrift6.d3-101.usn/mail HTTP/1.1" 404 196 "http://www.bedrift6.d3-101.usn/wordpress/" "Mozilla/5.0 (Windows NT 10.0; Win64; x64; rv:132.0) Gecko/20100101 Firefox/132.0"
10.250.100.186 - - [07/Nov/2024:12:24:33 +0100] "POST /wordpress/wp-admin/admin-ajax.php HTTP/1.1" 200 47 "http://www.bedrift6.d3-101.usn/wordpress/wp-admin/site-editor.php?postType=wp_template&postId=twentytwentytwo%2F%2Fpage&canvas=edit" "Mozilla/5.0 (Windows NT 10.0; Win64; x64) AppleWebKit/537.36 (KHTML, like Gecko) Chrome/130.0.0.0 Safari/537.36"
10.250.100.56 - - [07/Nov/2024:12:24:34 +0100] "GET /wordpress/www.bedrift6.d3-101.usn/mail HTTP/1.1" 404 196 "http://www.bedrift6.d3-101.usn/wordpress/" "Mozilla/5.0 (Windows NT 10.0; Win64; x64; rv:132.0) Gecko/20100101 Firefox/132.0"
10.250.100.186 - - [07/Nov/2024:12:24:44 +0100] "GET /wordpress/wp-admin/www.bedrift6.d3-101.usn/mail HTTP/1.1" 404 196 "-" "Mozilla/5.0 (Windows NT 10.0; Win64; x64) AppleWebKit/537.36 (KHTML, like Gecko) Chrome/130.0.0.0 Safari/537.36"
10.250.100.56 - - [07/Nov/2024:12:24:48 +0100] "GET /wordpress/www.bedrift6.d3-101.usn/mail HTTP/1.1" 404 196 "http://www.bedrift6.d3-101.usn/wordpress/" "Mozilla/5.0 (Windows NT 10.0; Win64; x64; rv:132.0) Gecko/20100101 Firefox/132.0"
10.250.100.186 - - [07/Nov/2024:12:24:47 +0100] "GET /wordpress/index.php?rest_route=%2Fwp%2Fv2%2Fsearch&search=www.bedrift6.d3-101.usn%2Fmail&per_page=20&type=term&_locale=user HTTP/1.1" 200 2 "http://www.bedrift6.d3-101.usn/wordpress/wp-admin/site-editor.php?postType=wp_template&postId=twentytwentytwo%2F%2Fpage&canvas=edit" "Mozilla/5.0 (Windows NT 10.0; Win64; x64) AppleWebKit/537.36 (KHTML, like Gecko) Chrome/130.0.0.0 Safari/537.36"
10.250.100.186 - - [07/Nov/2024:12:24:47 +0100] "GET /wordpress/index.php?rest_route=%2Fwp%2Fv2%2Fsearch&search=www.bedrift6.d3-101.usn%2Fmail&per_page=20&type=post-format&_locale=user HTTP/1.1" 200 2 "http://www.bedrift6.d3-101.usn/wordpress/wp-admin/site-editor.php?postType=wp_template&postId=twentytwentytwo%2F%2Fpage&canvas=edit" "Mozilla/5.0 (Windows NT 10.0; Win64; x64) AppleWebKit/537.36 (KHTML, like Gecko) Chrome/130.0.0.0 Safari/537.36"
10.250.100.186 - - [07/Nov/2024:12:24:47 +0100] "GET /wordpress/index.php?rest_route=%2Fwp%2Fv2%2Fsearch&search=www.bedrift6.d3-101.usn%2Fmail&per_page=20&type=post&_locale=user HTTP/1.1" 200 2 "http://www.bedrift6.d3-101.usn/wordpress/wp-admin/site-editor.php?postType=wp_template&postId=twentytwentytwo%2F%2Fpage&canvas=edit" "Mozilla/5.0 (Windows NT 10.0; Win64; x64) AppleWebKit/537.36 (KHTML, like Gecko) Chrome/130.0.0.0 Safari/537.36"
10.250.100.186 - - [07/Nov/2024:12:24:47 +0100] "GET /wordpress/index.php?rest_route=%2Fwp%2Fv2%2Fmedia&search=www.bedrift6.d3-101.usn%2Fmail&per_page=20&_locale=user HTTP/1.1" 200 2 "http://www.bedrift6.d3-101.usn/wordpress/wp-admin/site-editor.php?postType=wp_template&postId=twentytwentytwo%2F%2Fpage&canvas=edit" "Mozilla/5.0 (Windows NT 10.0; Win64; x64) AppleWebKit/537.36 (KHTML, like Gecko) Chrome/130.0.0.0 Safari/537.36"
10.250.100.186 - - [07/Nov/2024:12:24:49 +0100] "GET /wordpress/index.php?rest_route=%2Fwp%2Fv2%2Fsearch&search=%2F(&per_page=20&type=post-format&_locale=user HTTP/1.1" 200 2 "http://www.bedrift6.d3-101.usn/wordpress/wp-admin/site-editor.php?postType=wp_template&postId=twentytwentytwo%2F%2Fpage&canvas=edit" "Mozilla/5.0 (Windows NT 10.0; Win64; x64) AppleWebKit/537.36 (KHTML, like Gecko) Chrome/130.0.0.0 Safari/537.36"
10.250.100.186 - - [07/Nov/2024:12:24:49 +0100] "GET /wordpress/index.php?rest_route=%2Fwp%2Fv2%2Fsearch&search=%2F(&per_page=20&type=post&_locale=user HTTP/1.1" 200 2 "http://www.bedrift6.d3-101.usn/wordpress/wp-admin/site-editor.php?postType=wp_template&postId=twentytwentytwo%2F%2Fpage&canvas=edit" "Mozilla/5.0 (Windows NT 10.0; Win64; x64) AppleWebKit/537.36 (KHTML, like Gecko) Chrome/130.0.0.0 Safari/537.36"
10.250.100.186 - - [07/Nov/2024:12:24:49 +0100] "GET /wordpress/index.php?rest_route=%2Fwp%2Fv2%2Fsearch&search=%2F(&per_page=20&type=term&_locale=user HTTP/1.1" 200 2 "http://www.bedrift6.d3-101.usn/wordpress/wp-admin/site-editor.php?postType=wp_template&postId=twentytwentytwo%2F%2Fpage&canvas=edit" "Mozilla/5.0 (Windows NT 10.0; Win64; x64) AppleWebKit/537.36 (KHTML, like Gecko) Chrome/130.0.0.0 Safari/537.36"
10.250.100.186 - - [07/Nov/2024:12:24:49 +0100] "GET /wordpress/index.php?rest_route=%2Fwp%2Fv2%2Fmedia&search=%2F(&per_page=20&_locale=user HTTP/1.1" 200 2 "http://www.bedrift6.d3-101.usn/wordpress/wp-admin/site-editor.php?postType=wp_template&postId=twentytwentytwo%2F%2Fpage&canvas=edit" "Mozilla/5.0 (Windows NT 10.0; Win64; x64) AppleWebKit/537.36 (KHTML, like Gecko) Chrome/130.0.0.0 Safari/537.36"
10.250.100.186 - - [07/Nov/2024:12:24:50 +0100] "GET /wordpress/index.php?rest_route=%2Fwp%2Fv2%2Fsearch&search=%2F(mai&per_page=20&type=post-format&_locale=user HTTP/1.1" 200 2 "http://www.bedrift6.d3-101.usn/wordpress/wp-admin/site-editor.php?postType=wp_template&postId=twentytwentytwo%2F%2Fpage&canvas=edit" "Mozilla/5.0 (Windows NT 10.0; Win64; x64) AppleWebKit/537.36 (KHTML, like Gecko) Chrome/130.0.0.0 Safari/537.36"
10.250.100.186 - - [07/Nov/2024:12:24:50 +0100] "GET /wordpress/index.php?rest_route=%2Fwp%2Fv2%2Fmedia&search=%2F(mai&per_page=20&_locale=user HTTP/1.1" 200 2 "http://www.bedrift6.d3-101.usn/wordpress/wp-admin/site-editor.php?postType=wp_template&postId=twentytwentytwo%2F%2Fpage&canvas=edit" "Mozilla/5.0 (Windows NT 10.0; Win64; x64) AppleWebKit/537.36 (KHTML, like Gecko) Chrome/130.0.0.0 Safari/537.36"
10.250.100.186 - - [07/Nov/2024:12:24:50 +0100] "GET /wordpress/index.php?rest_route=%2Fwp%2Fv2%2Fsearch&search=%2F(mai&per_page=20&type=post&_locale=user HTTP/1.1" 200 2 "http://www.bedrift6.d3-101.usn/wordpress/wp-admin/site-editor.php?postType=wp_template&postId=twentytwentytwo%2F%2Fpage&canvas=edit" "Mozilla/5.0 (Windows NT 10.0; Win64; x64) AppleWebKit/537.36 (KHTML, like Gecko) Chrome/130.0.0.0 Safari/537.36"
10.250.100.186 - - [07/Nov/2024:12:24:50 +0100] "GET /wordpress/index.php?rest_route=%2Fwp%2Fv2%2Fsearch&search=%2F(mai&per_page=20&type=term&_locale=user HTTP/1.1" 200 2 "http://www.bedrift6.d3-101.usn/wordpress/wp-admin/site-editor.php?postType=wp_template&postId=twentytwentytwo%2F%2Fpage&canvas=edit" "Mozilla/5.0 (Windows NT 10.0; Win64; x64) AppleWebKit/537.36 (KHTML, like Gecko) Chrome/130.0.0.0 Safari/537.36"
10.250.100.186 - - [07/Nov/2024:12:24:50 +0100] "GET /wordpress/index.php?rest_route=%2Fwp%2Fv2%2Fsearch&search=%2F(mail&per_page=20&type=term&_locale=user HTTP/1.1" 200 2 "http://www.bedrift6.d3-101.usn/wordpress/wp-admin/site-editor.php?postType=wp_template&postId=twentytwentytwo%2F%2Fpage&canvas=edit" "Mozilla/5.0 (Windows NT 10.0; Win64; x64) AppleWebKit/537.36 (KHTML, like Gecko) Chrome/130.0.0.0 Safari/537.36"
10.250.100.186 - - [07/Nov/2024:12:24:50 +0100] "GET /wordpress/index.php?rest_route=%2Fwp%2Fv2%2Fsearch&search=%2F(mail&per_page=20&type=post-format&_locale=user HTTP/1.1" 200 2 "http://www.bedrift6.d3-101.usn/wordpress/wp-admin/site-editor.php?postType=wp_template&postId=twentytwentytwo%2F%2Fpage&canvas=edit" "Mozilla/5.0 (Windows NT 10.0; Win64; x64) AppleWebKit/537.36 (KHTML, like Gecko) Chrome/130.0.0.0 Safari/537.36"
10.250.100.186 - - [07/Nov/2024:12:24:50 +0100] "GET /wordpress/index.php?rest_route=%2Fwp%2Fv2%2Fsearch&search=%2F(mail&per_page=20&type=post&_locale=user HTTP/1.1" 200 2 "http://www.bedrift6.d3-101.usn/wordpress/wp-admin/site-editor.php?postType=wp_template&postId=twentytwentytwo%2F%2Fpage&canvas=edit" "Mozilla/5.0 (Windows NT 10.0; Win64; x64) AppleWebKit/537.36 (KHTML, like Gecko) Chrome/130.0.0.0 Safari/537.36"
