10.250.100.56 - - [07/Nov/2024:10:49:41 +0100] "POST /mail/?_task=mail&_action=refresh HTTP/1.1" 200 124 "http://www.bedrift6.d3-101.usn/mail/?_task=mail&_mbox=INBOX" "Mozilla/5.0 (Windows NT 10.0; Win64; x64; rv:132.0) Gecko/20100101 Firefox/132.0"
10.250.100.56 - - [07/Nov/2024:10:50:41 +0100] "POST /mail/?_task=mail&_action=refresh HTTP/1.1" 200 124 "http://www.bedrift6.d3-101.usn/mail/?_task=mail&_mbox=INBOX" "Mozilla/5.0 (Windows NT 10.0; Win64; x64; rv:132.0) Gecko/20100101 Firefox/132.0"
10.250.100.56 - - [07/Nov/2024:10:51:41 +0100] "POST /mail/?_task=mail&_action=refresh HTTP/1.1" 200 123 "http://www.bedrift6.d3-101.usn/mail/?_task=mail&_mbox=INBOX" "Mozilla/5.0 (Windows NT 10.0; Win64; x64; rv:132.0) Gecko/20100101 Firefox/132.0"
10.250.100.56 - - [07/Nov/2024:10:52:42 +0100] "POST /mail/?_task=mail&_action=refresh HTTP/1.1" 200 123 "http://www.bedrift6.d3-101.usn/mail/?_task=mail&_mbox=INBOX" "Mozilla/5.0 (Windows NT 10.0; Win64; x64; rv:132.0) Gecko/20100101 Firefox/132.0"
10.250.100.56 - - [07/Nov/2024:10:53:42 +0100] "POST /mail/?_task=mail&_action=refresh HTTP/1.1" 200 124 "http://www.bedrift6.d3-101.usn/mail/?_task=mail&_mbox=INBOX" "Mozilla/5.0 (Windows NT 10.0; Win64; x64; rv:132.0) Gecko/20100101 Firefox/132.0"
10.250.100.56 - - [07/Nov/2024:10:54:42 +0100] "POST /mail/?_task=mail&_action=refresh HTTP/1.1" 200 124 "http://www.bedrift6.d3-101.usn/mail/?_task=mail&_mbox=INBOX" "Mozilla/5.0 (Windows NT 10.0; Win64; x64; rv:132.0) Gecko/20100101 Firefox/132.0"
10.250.100.56 - - [07/Nov/2024:10:55:43 +0100] "POST /mail/?_task=mail&_action=refresh HTTP/1.1" 200 123 "http://www.bedrift6.d3-101.usn/mail/?_task=mail&_mbox=INBOX" "Mozilla/5.0 (Windows NT 10.0; Win64; x64; rv:132.0) Gecko/20100101 Firefox/132.0"
10.250.100.56 - - [07/Nov/2024:10:56:43 +0100] "POST /mail/?_task=mail&_action=refresh HTTP/1.1" 200 124 "http://www.bedrift6.d3-101.usn/mail/?_task=mail&_mbox=INBOX" "Mozilla/5.0 (Windows NT 10.0; Win64; x64; rv:132.0) Gecko/20100101 Firefox/132.0"
10.250.100.56 - - [07/Nov/2024:10:57:43 +0100] "POST /mail/?_task=mail&_action=refresh HTTP/1.1" 200 124 "http://www.bedrift6.d3-101.usn/mail/?_task=mail&_mbox=INBOX" "Mozilla/5.0 (Windows NT 10.0; Win64; x64; rv:132.0) Gecko/20100101 Firefox/132.0"
10.250.100.56 - - [07/Nov/2024:10:58:44 +0100] "POST /mail/?_task=mail&_action=refresh HTTP/1.1" 200 124 "http://www.bedrift6.d3-101.usn/mail/?_task=mail&_mbox=INBOX" "Mozilla/5.0 (Windows NT 10.0; Win64; x64; rv:132.0) Gecko/20100101 Firefox/132.0"
10.250.100.56 - - [07/Nov/2024:10:59:44 +0100] "POST /mail/?_task=mail&_action=refresh HTTP/1.1" 200 124 "http://www.bedrift6.d3-101.usn/mail/?_task=mail&_mbox=INBOX" "Mozilla/5.0 (Windows NT 10.0; Win64; x64; rv:132.0) Gecko/20100101 Firefox/132.0"
10.250.100.56 - - [07/Nov/2024:11:00:44 +0100] "POST /mail/?_task=mail&_action=refresh HTTP/1.1" 200 124 "http://www.bedrift6.d3-101.usn/mail/?_task=mail&_mbox=INBOX" "Mozilla/5.0 (Windows NT 10.0; Win64; x64; rv:132.0) Gecko/20100101 Firefox/132.0"
10.250.100.56 - - [07/Nov/2024:11:01:45 +0100] "POST /mail/?_task=mail&_action=refresh HTTP/1.1" 200 124 "http://www.bedrift6.d3-101.usn/mail/?_task=mail&_mbox=INBOX" "Mozilla/5.0 (Windows NT 10.0; Win64; x64; rv:132.0) Gecko/20100101 Firefox/132.0"
10.250.100.56 - - [07/Nov/2024:11:02:45 +0100] "POST /mail/?_task=mail&_action=refresh HTTP/1.1" 200 125 "http://www.bedrift6.d3-101.usn/mail/?_task=mail&_mbox=INBOX" "Mozilla/5.0 (Windows NT 10.0; Win64; x64; rv:132.0) Gecko/20100101 Firefox/132.0"
10.250.100.56 - - [07/Nov/2024:11:03:45 +0100] "POST /mail/?_task=mail&_action=refresh HTTP/1.1" 200 124 "http://www.bedrift6.d3-101.usn/mail/?_task=mail&_mbox=INBOX" "Mozilla/5.0 (Windows NT 10.0; Win64; x64; rv:132.0) Gecko/20100101 Firefox/132.0"
10.250.100.56 - - [07/Nov/2024:11:04:46 +0100] "POST /mail/?_task=mail&_action=refresh HTTP/1.1" 200 124 "http://www.bedrift6.d3-101.usn/mail/?_task=mail&_mbox=INBOX" "Mozilla/5.0 (Windows NT 10.0; Win64; x64; rv:132.0) Gecko/20100101 Firefox/132.0"
10.250.100.56 - - [07/Nov/2024:11:05:46 +0100] "POST /mail/?_task=mail&_action=refresh HTTP/1.1" 200 124 "http://www.bedrift6.d3-101.usn/mail/?_task=mail&_mbox=INBOX" "Mozilla/5.0 (Windows NT 10.0; Win64; x64; rv:132.0) Gecko/20100101 Firefox/132.0"
10.250.100.56 - - [07/Nov/2024:11:06:46 +0100] "POST /mail/?_task=mail&_action=refresh HTTP/1.1" 200 124 "http://www.bedrift6.d3-101.usn/mail/?_task=mail&_mbox=INBOX" "Mozilla/5.0 (Windows NT 10.0; Win64; x64; rv:132.0) Gecko/20100101 Firefox/132.0"
10.250.100.56 - - [07/Nov/2024:11:07:47 +0100] "POST /mail/?_task=mail&_action=refresh HTTP/1.1" 200 124 "http://www.bedrift6.d3-101.usn/mail/?_task=mail&_mbox=INBOX" "Mozilla/5.0 (Windows NT 10.0; Win64; x64; rv:132.0) Gecko/20100101 Firefox/132.0"
10.250.100.56 - - [07/Nov/2024:11:08:47 +0100] "POST /mail/?_task=mail&_action=refresh HTTP/1.1" 200 124 "http://www.bedrift6.d3-101.usn/mail/?_task=mail&_mbox=INBOX" "Mozilla/5.0 (Windows NT 10.0; Win64; x64; rv:132.0) Gecko/20100101 Firefox/132.0"
10.250.100.56 - - [07/Nov/2024:11:09:47 +0100] "POST /mail/?_task=mail&_action=refresh HTTP/1.1" 200 124 "http://www.bedrift6.d3-101.usn/mail/?_task=mail&_mbox=INBOX" "Mozilla/5.0 (Windows NT 10.0; Win64; x64; rv:132.0) Gecko/20100101 Firefox/132.0"
10.250.100.56 - - [07/Nov/2024:11:10:48 +0100] "POST /mail/?_task=mail&_action=refresh HTTP/1.1" 200 124 "http://www.bedrift6.d3-101.usn/mail/?_task=mail&_mbox=INBOX" "Mozilla/5.0 (Windows NT 10.0; Win64; x64; rv:132.0) Gecko/20100101 Firefox/132.0"
10.250.100.56 - - [07/Nov/2024:11:11:48 +0100] "POST /mail/?_task=mail&_action=refresh HTTP/1.1" 200 125 "http://www.bedrift6.d3-101.usn/mail/?_task=mail&_mbox=INBOX" "Mozilla/5.0 (Windows NT 10.0; Win64; x64; rv:132.0) Gecko/20100101 Firefox/132.0"
10.250.100.56 - - [07/Nov/2024:11:12:48 +0100] "POST /mail/?_task=mail&_action=refresh HTTP/1.1" 200 125 "http://www.bedrift6.d3-101.usn/mail/?_task=mail&_mbox=INBOX" "Mozilla/5.0 (Windows NT 10.0; Win64; x64; rv:132.0) Gecko/20100101 Firefox/132.0"
10.250.100.186 - - [07/Nov/2024:11:13:11 +0100] "GET / HTTP/1.1" 200 4780 "-" "Mozilla/5.0 (Windows NT 10.0; Win64; x64) AppleWebKit/537.36 (KHTML, like Gecko) Chrome/130.0.0.0 Safari/537.36"
10.250.100.186 - - [07/Nov/2024:11:13:12 +0100] "GET /favicon.ico HTTP/1.1" 404 196 "http://www.bedrift6.d3-101.usn/" "Mozilla/5.0 (Windows NT 10.0; Win64; x64) AppleWebKit/537.36 (KHTML, like Gecko) Chrome/130.0.0.0 Safari/537.36"
10.250.100.186 - - [07/Nov/2024:11:13:24 +0100] "GET /mail HTTP/1.1" 301 244 "http://www.bedrift6.d3-101.usn/" "Mozilla/5.0 (Windows NT 10.0; Win64; x64) AppleWebKit/537.36 (KHTML, like Gecko) Chrome/130.0.0.0 Safari/537.36"
10.250.100.186 - - [07/Nov/2024:11:13:24 +0100] "GET /mail/ HTTP/1.1" 200 2106 "http://www.bedrift6.d3-101.usn/" "Mozilla/5.0 (Windows NT 10.0; Win64; x64) AppleWebKit/537.36 (KHTML, like Gecko) Chrome/130.0.0.0 Safari/537.36"
10.250.100.186 - - [07/Nov/2024:11:13:24 +0100] "GET /mail/skins/elastic/styles/styles.css?s=1601206718 HTTP/1.1" 200 19629 "http://www.bedrift6.d3-101.usn/mail/" "Mozilla/5.0 (Windows NT 10.0; Win64; x64) AppleWebKit/537.36 (KHTML, like Gecko) Chrome/130.0.0.0 Safari/537.36"
10.250.100.186 - - [07/Nov/2024:11:13:24 +0100] "GET /mail/skins/elastic/deps/bootstrap.min.css?s=1601206732 HTTP/1.1" 200 23198 "http://www.bedrift6.d3-101.usn/mail/" "Mozilla/5.0 (Windows NT 10.0; Win64; x64) AppleWebKit/537.36 (KHTML, like Gecko) Chrome/130.0.0.0 Safari/537.36"
10.250.100.186 - - [07/Nov/2024:11:13:24 +0100] "GET /mail/plugins/jqueryui/themes/elastic/jquery-ui.css?s=1601206717 HTTP/1.1" 200 8157 "http://www.bedrift6.d3-101.usn/mail/" "Mozilla/5.0 (Windows NT 10.0; Win64; x64) AppleWebKit/537.36 (KHTML, like Gecko) Chrome/130.0.0.0 Safari/537.36"
10.250.100.186 - - [07/Nov/2024:11:13:24 +0100] "GET /mail/program/js/common.min.js?s=1601206718 HTTP/1.1" 200 4890 "http://www.bedrift6.d3-101.usn/mail/" "Mozilla/5.0 (Windows NT 10.0; Win64; x64) AppleWebKit/537.36 (KHTML, like Gecko) Chrome/130.0.0.0 Safari/537.36"
10.250.100.186 - - [07/Nov/2024:11:13:24 +0100] "GET /mail/program/js/jquery.min.js?s=1601206727 HTTP/1.1" 200 31474 "http://www.bedrift6.d3-101.usn/mail/" "Mozilla/5.0 (Windows NT 10.0; Win64; x64) AppleWebKit/537.36 (KHTML, like Gecko) Chrome/130.0.0.0 Safari/537.36"
10.250.100.186 - - [07/Nov/2024:11:13:24 +0100] "GET /mail/program/js/jstz.min.js?s=1601206728 HTTP/1.1" 200 5013 "http://www.bedrift6.d3-101.usn/mail/" "Mozilla/5.0 (Windows NT 10.0; Win64; x64) AppleWebKit/537.36 (KHTML, like Gecko) Chrome/130.0.0.0 Safari/537.36"
10.250.100.186 - - [07/Nov/2024:11:13:24 +0100] "GET /mail/skins/elastic/images/logo.svg?s=1601206718 HTTP/1.1" 200 395 "http://www.bedrift6.d3-101.usn/mail/" "Mozilla/5.0 (Windows NT 10.0; Win64; x64) AppleWebKit/537.36 (KHTML, like Gecko) Chrome/130.0.0.0 Safari/537.36"
10.250.100.186 - - [07/Nov/2024:11:13:24 +0100] "GET /mail/skins/elastic/deps/bootstrap.bundle.min.js?s=1601206732 HTTP/1.1" 200 22259 "http://www.bedrift6.d3-101.usn/mail/" "Mozilla/5.0 (Windows NT 10.0; Win64; x64) AppleWebKit/537.36 (KHTML, like Gecko) Chrome/130.0.0.0 Safari/537.36"
10.250.100.186 - - [07/Nov/2024:11:13:24 +0100] "GET /mail/program/js/app.min.js?s=1601206718 HTTP/1.1" 200 49200 "http://www.bedrift6.d3-101.usn/mail/" "Mozilla/5.0 (Windows NT 10.0; Win64; x64) AppleWebKit/537.36 (KHTML, like Gecko) Chrome/130.0.0.0 Safari/537.36"
10.250.100.186 - - [07/Nov/2024:11:13:24 +0100] "GET /mail/skins/elastic/ui.min.js?s=1601206718 HTTP/1.1" 200 19428 "http://www.bedrift6.d3-101.usn/mail/" "Mozilla/5.0 (Windows NT 10.0; Win64; x64) AppleWebKit/537.36 (KHTML, like Gecko) Chrome/130.0.0.0 Safari/537.36"
10.250.100.186 - - [07/Nov/2024:11:13:24 +0100] "GET /mail/plugins/jqueryui/js/jquery-ui.min.js?s=1601206717 HTTP/1.1" 200 69640 "http://www.bedrift6.d3-101.usn/mail/" "Mozilla/5.0 (Windows NT 10.0; Win64; x64) AppleWebKit/537.36 (KHTML, like Gecko) Chrome/130.0.0.0 Safari/537.36"
10.250.100.186 - - [07/Nov/2024:11:13:24 +0100] "GET /mail/skins/elastic/fonts/roboto-v19-regular.woff2 HTTP/1.1" 200 51144 "http://www.bedrift6.d3-101.usn/mail/skins/elastic/styles/styles.css?s=1601206718" "Mozilla/5.0 (Windows NT 10.0; Win64; x64) AppleWebKit/537.36 (KHTML, like Gecko) Chrome/130.0.0.0 Safari/537.36"
10.250.100.186 - - [07/Nov/2024:11:13:24 +0100] "GET /mail/skins/elastic/fonts/fa-solid-900.woff2 HTTP/1.1" 200 75401 "http://www.bedrift6.d3-101.usn/mail/skins/elastic/styles/styles.css?s=1601206718" "Mozilla/5.0 (Windows NT 10.0; Win64; x64) AppleWebKit/537.36 (KHTML, like Gecko) Chrome/130.0.0.0 Safari/537.36"
10.250.100.186 - - [07/Nov/2024:11:13:24 +0100] "GET /mail/skins/elastic/images/favicon.ico?s=1601206718 HTTP/1.1" 200 573 "http://www.bedrift6.d3-101.usn/mail/" "Mozilla/5.0 (Windows NT 10.0; Win64; x64) AppleWebKit/537.36 (KHTML, like Gecko) Chrome/130.0.0.0 Safari/537.36"
10.250.100.56 - - [07/Nov/2024:11:13:49 +0100] "POST /mail/?_task=mail&_action=refresh HTTP/1.1" 200 125 "http://www.bedrift6.d3-101.usn/mail/?_task=mail&_mbox=INBOX" "Mozilla/5.0 (Windows NT 10.0; Win64; x64; rv:132.0) Gecko/20100101 Firefox/132.0"
10.250.100.56 - - [07/Nov/2024:11:14:49 +0100] "POST /mail/?_task=mail&_action=refresh HTTP/1.1" 200 124 "http://www.bedrift6.d3-101.usn/mail/?_task=mail&_mbox=INBOX" "Mozilla/5.0 (Windows NT 10.0; Win64; x64; rv:132.0) Gecko/20100101 Firefox/132.0"
10.250.100.56 - - [07/Nov/2024:11:15:49 +0100] "POST /mail/?_task=mail&_action=refresh HTTP/1.1" 200 125 "http://www.bedrift6.d3-101.usn/mail/?_task=mail&_mbox=INBOX" "Mozilla/5.0 (Windows NT 10.0; Win64; x64; rv:132.0) Gecko/20100101 Firefox/132.0"
10.250.100.56 - - [07/Nov/2024:11:16:50 +0100] "POST /mail/?_task=mail&_action=refresh HTTP/1.1" 200 124 "http://www.bedrift6.d3-101.usn/mail/?_task=mail&_mbox=INBOX" "Mozilla/5.0 (Windows NT 10.0; Win64; x64; rv:132.0) Gecko/20100101 Firefox/132.0"
10.250.100.56 - - [07/Nov/2024:11:17:50 +0100] "POST /mail/?_task=mail&_action=refresh HTTP/1.1" 200 125 "http://www.bedrift6.d3-101.usn/mail/?_task=mail&_mbox=INBOX" "Mozilla/5.0 (Windows NT 10.0; Win64; x64; rv:132.0) Gecko/20100101 Firefox/132.0"
10.250.100.56 - - [07/Nov/2024:11:18:50 +0100] "POST /mail/?_task=mail&_action=refresh HTTP/1.1" 200 125 "http://www.bedrift6.d3-101.usn/mail/?_task=mail&_mbox=INBOX" "Mozilla/5.0 (Windows NT 10.0; Win64; x64; rv:132.0) Gecko/20100101 Firefox/132.0"
10.250.100.186 - - [07/Nov/2024:11:19:06 +0100] "GET / HTTP/1.1" 200 2788 "-" "Mozilla/5.0 (Windows NT 10.0; Win64; x64) AppleWebKit/537.36 (KHTML, like Gecko) Chrome/130.0.0.0 Safari/537.36"
10.250.100.186 - - [07/Nov/2024:11:19:06 +0100] "GET /styles.css HTTP/1.1" 404 196 "http://www.bedrift6.d3-101.usn/" "Mozilla/5.0 (Windows NT 10.0; Win64; x64) AppleWebKit/537.36 (KHTML, like Gecko) Chrome/130.0.0.0 Safari/537.36"
10.250.100.56 - - [07/Nov/2024:11:19:51 +0100] "POST /mail/?_task=mail&_action=refresh HTTP/1.1" 200 124 "http://www.bedrift6.d3-101.usn/mail/?_task=mail&_mbox=INBOX" "Mozilla/5.0 (Windows NT 10.0; Win64; x64; rv:132.0) Gecko/20100101 Firefox/132.0"
10.250.100.186 - - [07/Nov/2024:11:19:58 +0100] "-" 408 - "-" "-"
10.250.100.56 - - [07/Nov/2024:11:20:51 +0100] "POST /mail/?_task=mail&_action=refresh HTTP/1.1" 200 125 "http://www.bedrift6.d3-101.usn/mail/?_task=mail&_mbox=INBOX" "Mozilla/5.0 (Windows NT 10.0; Win64; x64; rv:132.0) Gecko/20100101 Firefox/132.0"
10.250.100.56 - - [07/Nov/2024:11:21:51 +0100] "POST /mail/?_task=mail&_action=refresh HTTP/1.1" 200 124 "http://www.bedrift6.d3-101.usn/mail/?_task=mail&_mbox=INBOX" "Mozilla/5.0 (Windows NT 10.0; Win64; x64; rv:132.0) Gecko/20100101 Firefox/132.0"
10.250.100.56 - - [07/Nov/2024:11:22:52 +0100] "POST /mail/?_task=mail&_action=refresh HTTP/1.1" 200 124 "http://www.bedrift6.d3-101.usn/mail/?_task=mail&_mbox=INBOX" "Mozilla/5.0 (Windows NT 10.0; Win64; x64; rv:132.0) Gecko/20100101 Firefox/132.0"
10.250.100.56 - - [07/Nov/2024:11:23:52 +0100] "POST /mail/?_task=mail&_action=refresh HTTP/1.1" 200 125 "http://www.bedrift6.d3-101.usn/mail/?_task=mail&_mbox=INBOX" "Mozilla/5.0 (Windows NT 10.0; Win64; x64; rv:132.0) Gecko/20100101 Firefox/132.0"
10.250.100.56 - - [07/Nov/2024:11:24:52 +0100] "POST /mail/?_task=mail&_action=refresh HTTP/1.1" 200 124 "http://www.bedrift6.d3-101.usn/mail/?_task=mail&_mbox=INBOX" "Mozilla/5.0 (Windows NT 10.0; Win64; x64; rv:132.0) Gecko/20100101 Firefox/132.0"
10.250.100.56 - - [07/Nov/2024:11:25:53 +0100] "POST /mail/?_task=mail&_action=refresh HTTP/1.1" 200 125 "http://www.bedrift6.d3-101.usn/mail/?_task=mail&_mbox=INBOX" "Mozilla/5.0 (Windows NT 10.0; Win64; x64; rv:132.0) Gecko/20100101 Firefox/132.0"
10.250.100.56 - - [07/Nov/2024:11:26:53 +0100] "POST /mail/?_task=mail&_action=refresh HTTP/1.1" 200 125 "http://www.bedrift6.d3-101.usn/mail/?_task=mail&_mbox=INBOX" "Mozilla/5.0 (Windows NT 10.0; Win64; x64; rv:132.0) Gecko/20100101 Firefox/132.0"
10.250.100.56 - - [07/Nov/2024:11:27:53 +0100] "POST /mail/?_task=mail&_action=refresh HTTP/1.1" 200 125 "http://www.bedrift6.d3-101.usn/mail/?_task=mail&_mbox=INBOX" "Mozilla/5.0 (Windows NT 10.0; Win64; x64; rv:132.0) Gecko/20100101 Firefox/132.0"
10.250.100.56 - - [07/Nov/2024:11:28:54 +0100] "POST /mail/?_task=mail&_action=refresh HTTP/1.1" 200 124 "http://www.bedrift6.d3-101.usn/mail/?_task=mail&_mbox=INBOX" "Mozilla/5.0 (Windows NT 10.0; Win64; x64; rv:132.0) Gecko/20100101 Firefox/132.0"
10.250.100.56 - - [07/Nov/2024:11:29:54 +0100] "POST /mail/?_task=mail&_action=refresh HTTP/1.1" 200 124 "http://www.bedrift6.d3-101.usn/mail/?_task=mail&_mbox=INBOX" "Mozilla/5.0 (Windows NT 10.0; Win64; x64; rv:132.0) Gecko/20100101 Firefox/132.0"
10.250.100.56 - - [07/Nov/2024:11:30:54 +0100] "POST /mail/?_task=mail&_action=refresh HTTP/1.1" 200 124 "http://www.bedrift6.d3-101.usn/mail/?_task=mail&_mbox=INBOX" "Mozilla/5.0 (Windows NT 10.0; Win64; x64; rv:132.0) Gecko/20100101 Firefox/132.0"
10.250.100.56 - - [07/Nov/2024:11:31:55 +0100] "POST /mail/?_task=mail&_action=refresh HTTP/1.1" 200 125 "http://www.bedrift6.d3-101.usn/mail/?_task=mail&_mbox=INBOX" "Mozilla/5.0 (Windows NT 10.0; Win64; x64; rv:132.0) Gecko/20100101 Firefox/132.0"
10.250.100.56 - - [07/Nov/2024:11:32:55 +0100] "POST /mail/?_task=mail&_action=refresh HTTP/1.1" 200 124 "http://www.bedrift6.d3-101.usn/mail/?_task=mail&_mbox=INBOX" "Mozilla/5.0 (Windows NT 10.0; Win64; x64; rv:132.0) Gecko/20100101 Firefox/132.0"
10.250.100.186 - - [07/Nov/2024:11:33:53 +0100] "GET /wordpress HTTP/1.1" 301 249 "-" "Mozilla/5.0 (Windows NT 10.0; Win64; x64) AppleWebKit/537.36 (KHTML, like Gecko) Chrome/130.0.0.0 Safari/537.36"
10.250.100.186 - - [07/Nov/2024:11:33:53 +0100] "GET /wordpress/ HTTP/1.1" 403 199 "-" "Mozilla/5.0 (Windows NT 10.0; Win64; x64) AppleWebKit/537.36 (KHTML, like Gecko) Chrome/130.0.0.0 Safari/537.36"
10.250.100.56 - - [07/Nov/2024:11:33:55 +0100] "POST /mail/?_task=mail&_action=refresh HTTP/1.1" 200 124 "http://www.bedrift6.d3-101.usn/mail/?_task=mail&_mbox=INBOX" "Mozilla/5.0 (Windows NT 10.0; Win64; x64; rv:132.0) Gecko/20100101 Firefox/132.0"
10.250.100.186 - - [07/Nov/2024:11:34:44 +0100] "-" 408 - "-" "-"
10.250.100.56 - - [07/Nov/2024:11:34:56 +0100] "POST /mail/?_task=mail&_action=refresh HTTP/1.1" 200 125 "http://www.bedrift6.d3-101.usn/mail/?_task=mail&_mbox=INBOX" "Mozilla/5.0 (Windows NT 10.0; Win64; x64; rv:132.0) Gecko/20100101 Firefox/132.0"
10.250.100.186 - - [07/Nov/2024:11:35:10 +0100] "GET /wordpress/ HTTP/1.1" 403 199 "-" "Mozilla/5.0 (Windows NT 10.0; Win64; x64) AppleWebKit/537.36 (KHTML, like Gecko) Chrome/130.0.0.0 Safari/537.36"
10.250.100.186 - - [07/Nov/2024:11:35:12 +0100] "GET /wordpress/ HTTP/1.1" 403 199 "-" "Mozilla/5.0 (Windows NT 10.0; Win64; x64) AppleWebKit/537.36 (KHTML, like Gecko) Chrome/130.0.0.0 Safari/537.36"
10.250.100.186 - - [07/Nov/2024:11:35:14 +0100] "GET / HTTP/1.1" 304 - "-" "Mozilla/5.0 (Windows NT 10.0; Win64; x64) AppleWebKit/537.36 (KHTML, like Gecko) Chrome/130.0.0.0 Safari/537.36"
10.250.100.186 - - [07/Nov/2024:11:35:14 +0100] "GET /styles.css HTTP/1.1" 404 196 "http://www.bedrift6.d3-101.usn/" "Mozilla/5.0 (Windows NT 10.0; Win64; x64) AppleWebKit/537.36 (KHTML, like Gecko) Chrome/130.0.0.0 Safari/537.36"
10.250.100.186 - - [07/Nov/2024:11:35:53 +0100] "GET / HTTP/1.1" 403 7620 "-" "Mozilla/5.0 (Windows NT 10.0; Win64; x64) AppleWebKit/537.36 (KHTML, like Gecko) Chrome/130.0.0.0 Safari/537.36"
10.250.100.186 - - [07/Nov/2024:11:35:53 +0100] "GET /icons/poweredby.png HTTP/1.1" 200 15443 "http://www.bedrift6.d3-101.usn/" "Mozilla/5.0 (Windows NT 10.0; Win64; x64) AppleWebKit/537.36 (KHTML, like Gecko) Chrome/130.0.0.0 Safari/537.36"
10.250.100.186 - - [07/Nov/2024:11:35:53 +0100] "GET /poweredby.png HTTP/1.1" 200 5714 "http://www.bedrift6.d3-101.usn/" "Mozilla/5.0 (Windows NT 10.0; Win64; x64) AppleWebKit/537.36 (KHTML, like Gecko) Chrome/130.0.0.0 Safari/537.36"
10.250.100.186 - - [07/Nov/2024:11:35:55 +0100] "GET / HTTP/1.1" 403 7620 "-" "Mozilla/5.0 (Windows NT 10.0; Win64; x64) AppleWebKit/537.36 (KHTML, like Gecko) Chrome/130.0.0.0 Safari/537.36"
10.250.100.56 - - [07/Nov/2024:11:35:56 +0100] "POST /mail/?_task=mail&_action=refresh HTTP/1.1" 200 124 "http://www.bedrift6.d3-101.usn/mail/?_task=mail&_mbox=INBOX" "Mozilla/5.0 (Windows NT 10.0; Win64; x64; rv:132.0) Gecko/20100101 Firefox/132.0"
10.250.100.56 - - [07/Nov/2024:11:36:56 +0100] "POST /mail/?_task=mail&_action=refresh HTTP/1.1" 200 124 "http://www.bedrift6.d3-101.usn/mail/?_task=mail&_mbox=INBOX" "Mozilla/5.0 (Windows NT 10.0; Win64; x64; rv:132.0) Gecko/20100101 Firefox/132.0"
10.250.100.186 - - [07/Nov/2024:11:37:05 +0100] "GET /mail/ HTTP/1.1" 200 2106 "-" "Mozilla/5.0 (Windows NT 10.0; Win64; x64) AppleWebKit/537.36 (KHTML, like Gecko) Chrome/130.0.0.0 Safari/537.36"
10.250.100.186 - - [07/Nov/2024:11:37:11 +0100] "GET /wordpress/ HTTP/1.1" 404 196 "-" "Mozilla/5.0 (Windows NT 10.0; Win64; x64) AppleWebKit/537.36 (KHTML, like Gecko) Chrome/130.0.0.0 Safari/537.36"
10.250.100.186 - - [07/Nov/2024:11:37:15 +0100] "GET / HTTP/1.1" 403 7620 "-" "Mozilla/5.0 (Windows NT 10.0; Win64; x64) AppleWebKit/537.36 (KHTML, like Gecko) Chrome/130.0.0.0 Safari/537.36"
10.250.100.56 - - [07/Nov/2024:11:37:29 +0100] "GET /wordpress HTTP/1.1" 404 196 "-" "Mozilla/5.0 (Windows NT 10.0; Win64; x64; rv:132.0) Gecko/20100101 Firefox/132.0"
10.250.100.56 - - [07/Nov/2024:11:37:29 +0100] "GET /favicon.ico HTTP/1.1" 404 196 "http://10.240.0.106/wordpress" "Mozilla/5.0 (Windows NT 10.0; Win64; x64; rv:132.0) Gecko/20100101 Firefox/132.0"
10.250.100.56 - - [07/Nov/2024:11:37:33 +0100] "GET /wordpress HTTP/1.1" 404 196 "-" "Mozilla/5.0 (Windows NT 10.0; Win64; x64; rv:132.0) Gecko/20100101 Firefox/132.0"
10.250.100.56 - - [07/Nov/2024:11:37:35 +0100] "GET /wordpress HTTP/1.1" 404 196 "-" "Mozilla/5.0 (Windows NT 10.0; Win64; x64; rv:132.0) Gecko/20100101 Firefox/132.0"
10.250.100.56 - - [07/Nov/2024:11:37:57 +0100] "POST /mail/?_task=mail&_action=refresh HTTP/1.1" 200 125 "http://www.bedrift6.d3-101.usn/mail/?_task=mail&_mbox=INBOX" "Mozilla/5.0 (Windows NT 10.0; Win64; x64; rv:132.0) Gecko/20100101 Firefox/132.0"
10.250.100.186 - - [07/Nov/2024:11:38:03 +0100] "-" 408 - "-" "-"
10.250.100.56 - - [07/Nov/2024:11:38:57 +0100] "POST /mail/?_task=mail&_action=refresh HTTP/1.1" 200 124 "http://www.bedrift6.d3-101.usn/mail/?_task=mail&_mbox=INBOX" "Mozilla/5.0 (Windows NT 10.0; Win64; x64; rv:132.0) Gecko/20100101 Firefox/132.0"
10.250.100.186 - - [07/Nov/2024:11:39:49 +0100] "GET / HTTP/1.1" 403 7620 "-" "Mozilla/5.0 (Windows NT 10.0; Win64; x64) AppleWebKit/537.36 (KHTML, like Gecko) Chrome/130.0.0.0 Safari/537.36"
10.250.100.186 - - [07/Nov/2024:11:39:50 +0100] "GET / HTTP/1.1" 403 7620 "-" "Mozilla/5.0 (Windows NT 10.0; Win64; x64) AppleWebKit/537.36 (KHTML, like Gecko) Chrome/130.0.0.0 Safari/537.36"
10.250.100.186 - - [07/Nov/2024:11:39:50 +0100] "GET / HTTP/1.1" 403 7620 "-" "Mozilla/5.0 (Windows NT 10.0; Win64; x64) AppleWebKit/537.36 (KHTML, like Gecko) Chrome/130.0.0.0 Safari/537.36"
10.250.100.186 - - [07/Nov/2024:11:39:50 +0100] "GET / HTTP/1.1" 403 7620 "-" "Mozilla/5.0 (Windows NT 10.0; Win64; x64) AppleWebKit/537.36 (KHTML, like Gecko) Chrome/130.0.0.0 Safari/537.36"
10.250.100.186 - - [07/Nov/2024:11:39:50 +0100] "GET / HTTP/1.1" 403 7620 "-" "Mozilla/5.0 (Windows NT 10.0; Win64; x64) AppleWebKit/537.36 (KHTML, like Gecko) Chrome/130.0.0.0 Safari/537.36"
10.250.100.186 - - [07/Nov/2024:11:39:50 +0100] "GET / HTTP/1.1" 403 7620 "-" "Mozilla/5.0 (Windows NT 10.0; Win64; x64) AppleWebKit/537.36 (KHTML, like Gecko) Chrome/130.0.0.0 Safari/537.36"
10.250.100.186 - - [07/Nov/2024:11:39:51 +0100] "GET / HTTP/1.1" 403 7620 "-" "Mozilla/5.0 (Windows NT 10.0; Win64; x64) AppleWebKit/537.36 (KHTML, like Gecko) Chrome/130.0.0.0 Safari/537.36"
10.250.100.56 - - [07/Nov/2024:11:39:57 +0100] "POST /mail/?_task=mail&_action=refresh HTTP/1.1" 200 124 "http://www.bedrift6.d3-101.usn/mail/?_task=mail&_mbox=INBOX" "Mozilla/5.0 (Windows NT 10.0; Win64; x64; rv:132.0) Gecko/20100101 Firefox/132.0"
10.250.100.186 - - [07/Nov/2024:11:40:41 +0100] "-" 408 - "-" "-"
10.250.100.56 - - [07/Nov/2024:11:40:58 +0100] "POST /mail/?_task=mail&_action=refresh HTTP/1.1" 200 124 "http://www.bedrift6.d3-101.usn/mail/?_task=mail&_mbox=INBOX" "Mozilla/5.0 (Windows NT 10.0; Win64; x64; rv:132.0) Gecko/20100101 Firefox/132.0"
10.250.100.186 - - [07/Nov/2024:11:41:12 +0100] "GET /mail/ HTTP/1.1" 200 2106 "-" "Mozilla/5.0 (Windows NT 10.0; Win64; x64) AppleWebKit/537.36 (KHTML, like Gecko) Chrome/130.0.0.0 Safari/537.36"
10.250.100.186 - - [07/Nov/2024:11:41:44 +0100] "GET /mail/ HTTP/1.1" 200 2106 "-" "Mozilla/5.0 (Windows NT 10.0; Win64; x64) AppleWebKit/537.36 (KHTML, like Gecko) Chrome/130.0.0.0 Safari/537.36"
10.250.100.186 - - [07/Nov/2024:11:41:45 +0100] "GET / HTTP/1.1" 403 7620 "-" "Mozilla/5.0 (Windows NT 10.0; Win64; x64) AppleWebKit/537.36 (KHTML, like Gecko) Chrome/130.0.0.0 Safari/537.36"
10.250.100.186 - - [07/Nov/2024:11:41:53 +0100] "GET / HTTP/1.1" 200 2788 "-" "Mozilla/5.0 (Windows NT 10.0; Win64; x64) AppleWebKit/537.36 (KHTML, like Gecko) Chrome/130.0.0.0 Safari/537.36"
10.250.100.186 - - [07/Nov/2024:11:41:53 +0100] "GET /styles.css HTTP/1.1" 404 196 "http://www.bedrift6.d3-101.usn/" "Mozilla/5.0 (Windows NT 10.0; Win64; x64) AppleWebKit/537.36 (KHTML, like Gecko) Chrome/130.0.0.0 Safari/537.36"
10.250.100.56 - - [07/Nov/2024:11:41:58 +0100] "POST /mail/?_task=mail&_action=refresh HTTP/1.1" 200 123 "http://www.bedrift6.d3-101.usn/mail/?_task=mail&_mbox=INBOX" "Mozilla/5.0 (Windows NT 10.0; Win64; x64; rv:132.0) Gecko/20100101 Firefox/132.0"
10.250.100.186 - - [07/Nov/2024:11:42:45 +0100] "-" 408 - "-" "-"
10.250.100.56 - - [07/Nov/2024:11:42:58 +0100] "POST /mail/?_task=mail&_action=refresh HTTP/1.1" 200 123 "http://www.bedrift6.d3-101.usn/mail/?_task=mail&_mbox=INBOX" "Mozilla/5.0 (Windows NT 10.0; Win64; x64; rv:132.0) Gecko/20100101 Firefox/132.0"
10.250.100.186 - - [07/Nov/2024:11:43:43 +0100] "GET / HTTP/1.1" 304 - "-" "Mozilla/5.0 (Windows NT 10.0; Win64; x64) AppleWebKit/537.36 (KHTML, like Gecko) Chrome/130.0.0.0 Safari/537.36"
10.250.100.186 - - [07/Nov/2024:11:43:43 +0100] "GET /styles.css HTTP/1.1" 404 196 "http://www.bedrift6.d3-101.usn/" "Mozilla/5.0 (Windows NT 10.0; Win64; x64) AppleWebKit/537.36 (KHTML, like Gecko) Chrome/130.0.0.0 Safari/537.36"
10.250.100.186 - - [07/Nov/2024:11:43:47 +0100] "GET /mail/ HTTP/1.1" 200 2106 "-" "Mozilla/5.0 (Windows NT 10.0; Win64; x64) AppleWebKit/537.36 (KHTML, like Gecko) Chrome/130.0.0.0 Safari/537.36"
10.250.100.186 - - [07/Nov/2024:11:43:50 +0100] "GET /mail/ HTTP/1.1" 200 2106 "-" "Mozilla/5.0 (Windows NT 10.0; Win64; x64) AppleWebKit/537.36 (KHTML, like Gecko) Chrome/130.0.0.0 Safari/537.36"
10.250.100.186 - - [07/Nov/2024:11:43:53 +0100] "GET /wordpress/ HTTP/1.1" 403 199 "-" "Mozilla/5.0 (Windows NT 10.0; Win64; x64) AppleWebKit/537.36 (KHTML, like Gecko) Chrome/130.0.0.0 Safari/537.36"
10.250.100.56 - - [07/Nov/2024:11:43:59 +0100] "POST /mail/?_task=mail&_action=refresh HTTP/1.1" 200 124 "http://www.bedrift6.d3-101.usn/mail/?_task=mail&_mbox=INBOX" "Mozilla/5.0 (Windows NT 10.0; Win64; x64; rv:132.0) Gecko/20100101 Firefox/132.0"
10.250.100.186 - - [07/Nov/2024:11:44:35 +0100] "-" 408 - "-" "-"
10.250.100.186 - - [07/Nov/2024:11:44:36 +0100] "GET /wordpress/ HTTP/1.1" 403 199 "-" "Mozilla/5.0 (Windows NT 10.0; Win64; x64) AppleWebKit/537.36 (KHTML, like Gecko) Chrome/130.0.0.0 Safari/537.36"
10.250.100.186 - - [07/Nov/2024:11:44:37 +0100] "GET /wordpress/ HTTP/1.1" 403 199 "-" "Mozilla/5.0 (Windows NT 10.0; Win64; x64) AppleWebKit/537.36 (KHTML, like Gecko) Chrome/130.0.0.0 Safari/537.36"
10.250.100.186 - - [07/Nov/2024:11:44:38 +0100] "GET /wordpress/ HTTP/1.1" 403 199 "-" "Mozilla/5.0 (Windows NT 10.0; Win64; x64) AppleWebKit/537.36 (KHTML, like Gecko) Chrome/130.0.0.0 Safari/537.36"
10.250.100.56 - - [07/Nov/2024:11:44:59 +0100] "POST /mail/?_task=mail&_action=refresh HTTP/1.1" 200 124 "http://www.bedrift6.d3-101.usn/mail/?_task=mail&_mbox=INBOX" "Mozilla/5.0 (Windows NT 10.0; Win64; x64; rv:132.0) Gecko/20100101 Firefox/132.0"
10.250.100.186 - - [07/Nov/2024:11:45:16 +0100] "GET /wordpress/ HTTP/1.1" 403 199 "-" "Mozilla/5.0 (Windows NT 10.0; Win64; x64) AppleWebKit/537.36 (KHTML, like Gecko) Chrome/130.0.0.0 Safari/537.36"
10.250.100.56 - - [07/Nov/2024:11:45:59 +0100] "POST /mail/?_task=mail&_action=refresh HTTP/1.1" 200 124 "http://www.bedrift6.d3-101.usn/mail/?_task=mail&_mbox=INBOX" "Mozilla/5.0 (Windows NT 10.0; Win64; x64; rv:132.0) Gecko/20100101 Firefox/132.0"
10.250.100.186 - - [07/Nov/2024:11:46:07 +0100] "-" 408 - "-" "-"
10.250.100.186 - - [07/Nov/2024:11:46:50 +0100] "GET /wordpress/ HTTP/1.1" 404 196 "-" "Mozilla/5.0 (Windows NT 10.0; Win64; x64) AppleWebKit/537.36 (KHTML, like Gecko) Chrome/130.0.0.0 Safari/537.36"
10.250.100.186 - - [07/Nov/2024:11:46:51 +0100] "GET /wordpress/ HTTP/1.1" 404 196 "-" "Mozilla/5.0 (Windows NT 10.0; Win64; x64) AppleWebKit/537.36 (KHTML, like Gecko) Chrome/130.0.0.0 Safari/537.36"
10.250.100.186 - - [07/Nov/2024:11:46:51 +0100] "GET /wordpress/ HTTP/1.1" 404 196 "-" "Mozilla/5.0 (Windows NT 10.0; Win64; x64) AppleWebKit/537.36 (KHTML, like Gecko) Chrome/130.0.0.0 Safari/537.36"
10.250.100.186 - - [07/Nov/2024:11:46:52 +0100] "GET /wordpress/ HTTP/1.1" 404 196 "-" "Mozilla/5.0 (Windows NT 10.0; Win64; x64) AppleWebKit/537.36 (KHTML, like Gecko) Chrome/130.0.0.0 Safari/537.36"
10.250.100.186 - - [07/Nov/2024:11:46:52 +0100] "GET /wordpress/ HTTP/1.1" 404 196 "-" "Mozilla/5.0 (Windows NT 10.0; Win64; x64) AppleWebKit/537.36 (KHTML, like Gecko) Chrome/130.0.0.0 Safari/537.36"
10.250.100.186 - - [07/Nov/2024:11:46:52 +0100] "GET /wordpress/ HTTP/1.1" 404 196 "-" "Mozilla/5.0 (Windows NT 10.0; Win64; x64) AppleWebKit/537.36 (KHTML, like Gecko) Chrome/130.0.0.0 Safari/537.36"
10.250.100.186 - - [07/Nov/2024:11:46:54 +0100] "GET / HTTP/1.1" 304 - "-" "Mozilla/5.0 (Windows NT 10.0; Win64; x64) AppleWebKit/537.36 (KHTML, like Gecko) Chrome/130.0.0.0 Safari/537.36"
10.250.100.186 - - [07/Nov/2024:11:46:54 +0100] "GET /styles.css HTTP/1.1" 404 196 "http://www.bedrift6.d3-101.usn/" "Mozilla/5.0 (Windows NT 10.0; Win64; x64) AppleWebKit/537.36 (KHTML, like Gecko) Chrome/130.0.0.0 Safari/537.36"
10.250.100.186 - - [07/Nov/2024:11:46:59 +0100] "GET /mail/ HTTP/1.1" 200 2106 "-" "Mozilla/5.0 (Windows NT 10.0; Win64; x64) AppleWebKit/537.36 (KHTML, like Gecko) Chrome/130.0.0.0 Safari/537.36"
10.250.100.56 - - [07/Nov/2024:11:47:00 +0100] "POST /mail/?_task=mail&_action=refresh HTTP/1.1" 200 124 "http://www.bedrift6.d3-101.usn/mail/?_task=mail&_mbox=INBOX" "Mozilla/5.0 (Windows NT 10.0; Win64; x64; rv:132.0) Gecko/20100101 Firefox/132.0"
10.250.100.186 - - [07/Nov/2024:11:47:09 +0100] "GET /mail/ HTTP/1.1" 200 2106 "-" "Mozilla/5.0 (Windows NT 10.0; Win64; x64) AppleWebKit/537.36 (KHTML, like Gecko) Chrome/130.0.0.0 Safari/537.36"
10.250.100.186 - - [07/Nov/2024:11:47:11 +0100] "GET /mail/ HTTP/1.1" 200 2106 "-" "Mozilla/5.0 (Windows NT 10.0; Win64; x64) AppleWebKit/537.36 (KHTML, like Gecko) Chrome/130.0.0.0 Safari/537.36"
10.250.100.186 - - [07/Nov/2024:11:47:12 +0100] "GET /styles.css HTTP/1.1" 404 196 "http://www.bedrift6.d3-101.usn/" "Mozilla/5.0 (Windows NT 10.0; Win64; x64) AppleWebKit/537.36 (KHTML, like Gecko) Chrome/130.0.0.0 Safari/537.36"
10.250.100.186 - - [07/Nov/2024:11:47:13 +0100] "GET /wordpress/ HTTP/1.1" 404 196 "-" "Mozilla/5.0 (Windows NT 10.0; Win64; x64) AppleWebKit/537.36 (KHTML, like Gecko) Chrome/130.0.0.0 Safari/537.36"
10.250.100.186 - - [07/Nov/2024:11:47:13 +0100] "GET /wordpress/ HTTP/1.1" 404 196 "-" "Mozilla/5.0 (Windows NT 10.0; Win64; x64) AppleWebKit/537.36 (KHTML, like Gecko) Chrome/130.0.0.0 Safari/537.36"
10.250.100.56 - - [07/Nov/2024:11:48:00 +0100] "POST /mail/?_task=mail&_action=refresh HTTP/1.1" 200 124 "http://www.bedrift6.d3-101.usn/mail/?_task=mail&_mbox=INBOX" "Mozilla/5.0 (Windows NT 10.0; Win64; x64; rv:132.0) Gecko/20100101 Firefox/132.0"
10.250.100.186 - - [07/Nov/2024:11:48:01 +0100] "-" 408 - "-" "-"
10.250.100.186 - - [07/Nov/2024:11:48:02 +0100] "GET /wordpress/ HTTP/1.1" 403 199 "-" "Mozilla/5.0 (Windows NT 10.0; Win64; x64) AppleWebKit/537.36 (KHTML, like Gecko) Chrome/130.0.0.0 Safari/537.36"
10.250.100.186 - - [07/Nov/2024:11:48:54 +0100] "-" 408 - "-" "-"
10.250.100.56 - - [07/Nov/2024:11:49:00 +0100] "POST /mail/?_task=mail&_action=refresh HTTP/1.1" 200 124 "http://www.bedrift6.d3-101.usn/mail/?_task=mail&_mbox=INBOX" "Mozilla/5.0 (Windows NT 10.0; Win64; x64; rv:132.0) Gecko/20100101 Firefox/132.0"
10.250.100.186 - - [07/Nov/2024:11:49:30 +0100] "GET /wordpress/ HTTP/1.1" 403 199 "-" "Mozilla/5.0 (Windows NT 10.0; Win64; x64) AppleWebKit/537.36 (KHTML, like Gecko) Chrome/130.0.0.0 Safari/537.36"
10.250.100.186 - - [07/Nov/2024:11:49:32 +0100] "GET /wordpress/ HTTP/1.1" 403 199 "-" "Mozilla/5.0 (Windows NT 10.0; Win64; x64) AppleWebKit/537.36 (KHTML, like Gecko) Chrome/130.0.0.0 Safari/537.36"
10.250.100.186 - - [07/Nov/2024:11:49:33 +0100] "GET /wordpress/ HTTP/1.1" 403 199 "-" "Mozilla/5.0 (Windows NT 10.0; Win64; x64) AppleWebKit/537.36 (KHTML, like Gecko) Chrome/130.0.0.0 Safari/537.36"
10.250.100.56 - - [07/Nov/2024:11:49:44 +0100] "GET /wordpress HTTP/1.1" 301 238 "-" "Mozilla/5.0 (Windows NT 10.0; Win64; x64; rv:132.0) Gecko/20100101 Firefox/132.0"
10.250.100.56 - - [07/Nov/2024:11:49:44 +0100] "GET /wordpress/ HTTP/1.1" 403 199 "-" "Mozilla/5.0 (Windows NT 10.0; Win64; x64; rv:132.0) Gecko/20100101 Firefox/132.0"
10.250.100.56 - - [07/Nov/2024:11:49:44 +0100] "GET /wordpress/ HTTP/1.1" 403 199 "-" "Mozilla/5.0 (Windows NT 10.0; Win64; x64; rv:132.0) Gecko/20100101 Firefox/132.0"
10.250.100.56 - - [07/Nov/2024:11:49:45 +0100] "GET /wordpress/ HTTP/1.1" 403 199 "-" "Mozilla/5.0 (Windows NT 10.0; Win64; x64; rv:132.0) Gecko/20100101 Firefox/132.0"
10.250.100.56 - - [07/Nov/2024:11:49:45 +0100] "GET /wordpress/ HTTP/1.1" 403 199 "-" "Mozilla/5.0 (Windows NT 10.0; Win64; x64; rv:132.0) Gecko/20100101 Firefox/132.0"
10.250.100.56 - - [07/Nov/2024:11:49:48 +0100] "GET / HTTP/1.1" 200 2788 "-" "Mozilla/5.0 (Windows NT 10.0; Win64; x64; rv:132.0) Gecko/20100101 Firefox/132.0"
10.250.100.56 - - [07/Nov/2024:11:49:48 +0100] "GET /styles.css HTTP/1.1" 404 196 "http://10.240.0.106/" "Mozilla/5.0 (Windows NT 10.0; Win64; x64; rv:132.0) Gecko/20100101 Firefox/132.0"
10.250.100.56 - - [07/Nov/2024:11:49:50 +0100] "GET / HTTP/1.1" 304 - "-" "Mozilla/5.0 (Windows NT 10.0; Win64; x64; rv:132.0) Gecko/20100101 Firefox/132.0"
10.250.100.56 - - [07/Nov/2024:11:49:50 +0100] "GET /styles.css HTTP/1.1" 404 196 "http://10.240.0.106/" "Mozilla/5.0 (Windows NT 10.0; Win64; x64; rv:132.0) Gecko/20100101 Firefox/132.0"
10.250.100.56 - - [07/Nov/2024:11:49:50 +0100] "GET / HTTP/1.1" 304 - "-" "Mozilla/5.0 (Windows NT 10.0; Win64; x64; rv:132.0) Gecko/20100101 Firefox/132.0"
10.250.100.56 - - [07/Nov/2024:11:49:50 +0100] "GET /styles.css HTTP/1.1" 404 196 "http://10.240.0.106/" "Mozilla/5.0 (Windows NT 10.0; Win64; x64; rv:132.0) Gecko/20100101 Firefox/132.0"
10.250.100.56 - - [07/Nov/2024:11:49:50 +0100] "GET / HTTP/1.1" 304 - "-" "Mozilla/5.0 (Windows NT 10.0; Win64; x64; rv:132.0) Gecko/20100101 Firefox/132.0"
10.250.100.56 - - [07/Nov/2024:11:49:50 +0100] "GET /styles.css HTTP/1.1" 404 196 "http://10.240.0.106/" "Mozilla/5.0 (Windows NT 10.0; Win64; x64; rv:132.0) Gecko/20100101 Firefox/132.0"
10.250.100.56 - - [07/Nov/2024:11:49:50 +0100] "GET / HTTP/1.1" 304 - "-" "Mozilla/5.0 (Windows NT 10.0; Win64; x64; rv:132.0) Gecko/20100101 Firefox/132.0"
10.250.100.56 - - [07/Nov/2024:11:49:50 +0100] "GET /styles.css HTTP/1.1" 404 196 "http://10.240.0.106/" "Mozilla/5.0 (Windows NT 10.0; Win64; x64; rv:132.0) Gecko/20100101 Firefox/132.0"
10.250.100.56 - - [07/Nov/2024:11:49:50 +0100] "GET / HTTP/1.1" 304 - "-" "Mozilla/5.0 (Windows NT 10.0; Win64; x64; rv:132.0) Gecko/20100101 Firefox/132.0"
10.250.100.56 - - [07/Nov/2024:11:49:50 +0100] "GET /styles.css HTTP/1.1" 404 196 "http://10.240.0.106/" "Mozilla/5.0 (Windows NT 10.0; Win64; x64; rv:132.0) Gecko/20100101 Firefox/132.0"
10.250.100.56 - - [07/Nov/2024:11:49:55 +0100] "GET /mail/?_task=mail&_mbox=INBOX HTTP/1.1" 200 8637 "http://www.bedrift6.d3-101.usn/mail/?_task=login" "Mozilla/5.0 (Windows NT 10.0; Win64; x64; rv:132.0) Gecko/20100101 Firefox/132.0"
10.250.100.56 - - [07/Nov/2024:11:49:55 +0100] "GET /mail/?_task=mail&_action=getunread&_page=1&_remote=1&_unlock=0&_=1730976586922 HTTP/1.1" 200 89 "http://www.bedrift6.d3-101.usn/mail/?_task=mail&_mbox=INBOX" "Mozilla/5.0 (Windows NT 10.0; Win64; x64; rv:132.0) Gecko/20100101 Firefox/132.0"
10.250.100.56 - - [07/Nov/2024:11:49:55 +0100] "GET /mail/?_task=mail&_action=list&_refresh=1&_layout=widescreen&_mbox=INBOX&_remote=1&_unlock=loading1730976586968&_=1730976586921 HTTP/1.1" 200 732 "http://www.bedrift6.d3-101.usn/mail/?_task=mail&_mbox=INBOX" "Mozilla/5.0 (Windows NT 10.0; Win64; x64; rv:132.0) Gecko/20100101 Firefox/132.0"
10.250.100.56 - - [07/Nov/2024:11:49:56 +0100] "GET /mail/?_task=mail&_mbox=INBOX HTTP/1.1" 200 8637 "http://www.bedrift6.d3-101.usn/mail/?_task=login" "Mozilla/5.0 (Windows NT 10.0; Win64; x64; rv:132.0) Gecko/20100101 Firefox/132.0"
10.250.100.56 - - [07/Nov/2024:11:49:56 +0100] "GET /mail/?_task=mail&_action=getunread&_page=1&_remote=1&_unlock=0&_=1730976587715 HTTP/1.1" 200 89 "http://www.bedrift6.d3-101.usn/mail/?_task=mail&_mbox=INBOX" "Mozilla/5.0 (Windows NT 10.0; Win64; x64; rv:132.0) Gecko/20100101 Firefox/132.0"
10.250.100.56 - - [07/Nov/2024:11:49:56 +0100] "GET /mail/?_task=mail&_action=list&_refresh=1&_layout=widescreen&_mbox=INBOX&_remote=1&_unlock=loading1730976587761&_=1730976587714 HTTP/1.1" 200 732 "http://www.bedrift6.d3-101.usn/mail/?_task=mail&_mbox=INBOX" "Mozilla/5.0 (Windows NT 10.0; Win64; x64; rv:132.0) Gecko/20100101 Firefox/132.0"
10.250.100.186 - - [07/Nov/2024:11:50:22 +0100] "-" 408 - "-" "-"
10.250.100.186 - - [07/Nov/2024:11:50:30 +0100] "GET /wordpress/ HTTP/1.1" 302 - "-" "Mozilla/5.0 (Windows NT 10.0; Win64; x64) AppleWebKit/537.36 (KHTML, like Gecko) Chrome/130.0.0.0 Safari/537.36"
10.250.100.186 - - [07/Nov/2024:11:50:30 +0100] "GET /wordpress/wp-admin/install.php HTTP/1.1" 200 7332 "-" "Mozilla/5.0 (Windows NT 10.0; Win64; x64) AppleWebKit/537.36 (KHTML, like Gecko) Chrome/130.0.0.0 Safari/537.36"
10.250.100.186 - - [07/Nov/2024:11:50:30 +0100] "GET /wordpress/wp-includes/css/dashicons.min.css?ver=6.6.2 HTTP/1.1" 200 59016 "http://www.bedrift6.d3-101.usn/wordpress/wp-admin/install.php" "Mozilla/5.0 (Windows NT 10.0; Win64; x64) AppleWebKit/537.36 (KHTML, like Gecko) Chrome/130.0.0.0 Safari/537.36"
10.250.100.186 - - [07/Nov/2024:11:50:30 +0100] "GET /wordpress/wp-includes/css/buttons.min.css?ver=6.6.2 HTTP/1.1" 200 6061 "http://www.bedrift6.d3-101.usn/wordpress/wp-admin/install.php" "Mozilla/5.0 (Windows NT 10.0; Win64; x64) AppleWebKit/537.36 (KHTML, like Gecko) Chrome/130.0.0.0 Safari/537.36"
10.250.100.186 - - [07/Nov/2024:11:50:30 +0100] "GET /wordpress/wp-admin/css/forms.min.css?ver=6.6.2 HTTP/1.1" 200 28559 "http://www.bedrift6.d3-101.usn/wordpress/wp-admin/install.php" "Mozilla/5.0 (Windows NT 10.0; Win64; x64) AppleWebKit/537.36 (KHTML, like Gecko) Chrome/130.0.0.0 Safari/537.36"
10.250.100.186 - - [07/Nov/2024:11:50:30 +0100] "GET /wordpress/wp-admin/css/l10n.min.css?ver=6.6.2 HTTP/1.1" 200 3200 "http://www.bedrift6.d3-101.usn/wordpress/wp-admin/install.php" "Mozilla/5.0 (Windows NT 10.0; Win64; x64) AppleWebKit/537.36 (KHTML, like Gecko) Chrome/130.0.0.0 Safari/537.36"
10.250.100.186 - - [07/Nov/2024:11:50:30 +0100] "GET /wordpress/wp-admin/css/install.min.css?ver=6.6.2 HTTP/1.1" 200 5067 "http://www.bedrift6.d3-101.usn/wordpress/wp-admin/install.php" "Mozilla/5.0 (Windows NT 10.0; Win64; x64) AppleWebKit/537.36 (KHTML, like Gecko) Chrome/130.0.0.0 Safari/537.36"
10.250.100.186 - - [07/Nov/2024:11:50:30 +0100] "GET /wordpress/wp-includes/js/jquery/jquery-migrate.min.js?ver=3.4.1 HTTP/1.1" 200 13577 "http://www.bedrift6.d3-101.usn/wordpress/wp-admin/install.php" "Mozilla/5.0 (Windows NT 10.0; Win64; x64) AppleWebKit/537.36 (KHTML, like Gecko) Chrome/130.0.0.0 Safari/537.36"
10.250.100.186 - - [07/Nov/2024:11:50:30 +0100] "GET /wordpress/wp-includes/js/jquery/jquery.min.js?ver=3.7.1 HTTP/1.1" 200 87553 "http://www.bedrift6.d3-101.usn/wordpress/wp-admin/install.php" "Mozilla/5.0 (Windows NT 10.0; Win64; x64) AppleWebKit/537.36 (KHTML, like Gecko) Chrome/130.0.0.0 Safari/537.36"
10.250.100.186 - - [07/Nov/2024:11:50:30 +0100] "GET /wordpress/wp-includes/js/zxcvbn-async.min.js?ver=1.0 HTTP/1.1" 200 351 "http://www.bedrift6.d3-101.usn/wordpress/wp-admin/install.php" "Mozilla/5.0 (Windows NT 10.0; Win64; x64) AppleWebKit/537.36 (KHTML, like Gecko) Chrome/130.0.0.0 Safari/537.36"
10.250.100.186 - - [07/Nov/2024:11:50:30 +0100] "GET /wordpress/wp-includes/js/dist/hooks.min.js?ver=2810c76e705dd1a53b18 HTTP/1.1" 200 4307 "http://www.bedrift6.d3-101.usn/wordpress/wp-admin/install.php" "Mozilla/5.0 (Windows NT 10.0; Win64; x64) AppleWebKit/537.36 (KHTML, like Gecko) Chrome/130.0.0.0 Safari/537.36"
10.250.100.186 - - [07/Nov/2024:11:50:30 +0100] "GET /wordpress/wp-includes/js/dist/i18n.min.js?ver=5e580eb46a90c2b997e6 HTTP/1.1" 200 9141 "http://www.bedrift6.d3-101.usn/wordpress/wp-admin/install.php" "Mozilla/5.0 (Windows NT 10.0; Win64; x64) AppleWebKit/537.36 (KHTML, like Gecko) Chrome/130.0.0.0 Safari/537.36"
10.250.100.186 - - [07/Nov/2024:11:50:30 +0100] "GET /wordpress/wp-admin/js/password-strength-meter.min.js?ver=6.6.2 HTTP/1.1" 200 1123 "http://www.bedrift6.d3-101.usn/wordpress/wp-admin/install.php" "Mozilla/5.0 (Windows NT 10.0; Win64; x64) AppleWebKit/537.36 (KHTML, like Gecko) Chrome/130.0.0.0 Safari/537.36"
10.250.100.186 - - [07/Nov/2024:11:50:30 +0100] "GET /wordpress/wp-includes/js/underscore.min.js?ver=1.13.4 HTTP/1.1" 200 18833 "http://www.bedrift6.d3-101.usn/wordpress/wp-admin/install.php" "Mozilla/5.0 (Windows NT 10.0; Win64; x64) AppleWebKit/537.36 (KHTML, like Gecko) Chrome/130.0.0.0 Safari/537.36"
10.250.100.186 - - [07/Nov/2024:11:50:30 +0100] "GET /wordpress/wp-admin/js/user-profile.min.js?ver=6.6.2 HTTP/1.1" 200 6507 "http://www.bedrift6.d3-101.usn/wordpress/wp-admin/install.php" "Mozilla/5.0 (Windows NT 10.0; Win64; x64) AppleWebKit/537.36 (KHTML, like Gecko) Chrome/130.0.0.0 Safari/537.36"
10.250.100.186 - - [07/Nov/2024:11:50:30 +0100] "GET /wordpress/wp-includes/js/wp-util.min.js?ver=6.6.2 HTTP/1.1" 200 1426 "http://www.bedrift6.d3-101.usn/wordpress/wp-admin/install.php" "Mozilla/5.0 (Windows NT 10.0; Win64; x64) AppleWebKit/537.36 (KHTML, like Gecko) Chrome/130.0.0.0 Safari/537.36"
10.250.100.186 - - [07/Nov/2024:11:50:30 +0100] "GET /wordpress/wp-admin/images/wordpress-logo.svg?ver=20131107 HTTP/1.1" 200 1521 "http://www.bedrift6.d3-101.usn/wordpress/wp-admin/css/install.min.css?ver=6.6.2" "Mozilla/5.0 (Windows NT 10.0; Win64; x64) AppleWebKit/537.36 (KHTML, like Gecko) Chrome/130.0.0.0 Safari/537.36"
10.250.100.186 - - [07/Nov/2024:11:50:30 +0100] "GET /wordpress/wp-includes/js/zxcvbn.min.js HTTP/1.1" 200 822237 "http://www.bedrift6.d3-101.usn/wordpress/wp-admin/install.php" "Mozilla/5.0 (Windows NT 10.0; Win64; x64) AppleWebKit/537.36 (KHTML, like Gecko) Chrome/130.0.0.0 Safari/537.36"
10.250.100.56 - - [07/Nov/2024:11:51:04 +0100] "POST /mail/?_task=mail&_action=refresh HTTP/1.1" 200 124 "http://www.bedrift6.d3-101.usn/mail/?_task=mail&_mbox=INBOX" "Mozilla/5.0 (Windows NT 10.0; Win64; x64; rv:132.0) Gecko/20100101 Firefox/132.0"
10.250.100.56 - - [07/Nov/2024:11:52:04 +0100] "POST /mail/?_task=mail&_action=refresh HTTP/1.1" 200 124 "http://www.bedrift6.d3-101.usn/mail/?_task=mail&_mbox=INBOX" "Mozilla/5.0 (Windows NT 10.0; Win64; x64; rv:132.0) Gecko/20100101 Firefox/132.0"
10.250.100.56 - - [07/Nov/2024:11:52:17 +0100] "GET / HTTP/1.1" 200 2788 "-" "Mozilla/5.0 (Windows NT 10.0; Win64; x64; rv:132.0) Gecko/20100101 Firefox/132.0"
10.250.100.56 - - [07/Nov/2024:11:52:17 +0100] "GET /styles.css HTTP/1.1" 404 196 "http://10.240.0.106/" "Mozilla/5.0 (Windows NT 10.0; Win64; x64; rv:132.0) Gecko/20100101 Firefox/132.0"
10.250.100.186 - - [07/Nov/2024:11:52:37 +0100] "POST /wordpress/wp-admin/install.php?step=2 HTTP/1.1" 200 1288 "http://www.bedrift6.d3-101.usn/wordpress/wp-admin/install.php" "Mozilla/5.0 (Windows NT 10.0; Win64; x64) AppleWebKit/537.36 (KHTML, like Gecko) Chrome/130.0.0.0 Safari/537.36"
10.250.100.186 - - [07/Nov/2024:11:52:34 +0100] "POST /wordpress/wp-admin/install.php?step=2 HTTP/1.1" 200 4104 "http://www.bedrift6.d3-101.usn/wordpress/wp-admin/install.php" "Mozilla/5.0 (Windows NT 10.0; Win64; x64) AppleWebKit/537.36 (KHTML, like Gecko) Chrome/130.0.0.0 Safari/537.36"
10.250.100.186 - - [07/Nov/2024:11:52:44 +0100] "GET /wordpress/wp-login.php HTTP/1.1" 200 4283 "http://www.bedrift6.d3-101.usn/wordpress/wp-admin/install.php?step=2" "Mozilla/5.0 (Windows NT 10.0; Win64; x64) AppleWebKit/537.36 (KHTML, like Gecko) Chrome/130.0.0.0 Safari/537.36"
10.250.100.186 - - [07/Nov/2024:11:52:44 +0100] "GET /wordpress/wp-admin/load-scripts.php?c=0&load%5Bchunk_0%5D=jquery-core,jquery-migrate,zxcvbn-async,wp-hooks&ver=6.6.2 HTTP/1.1" 200 105792 "http://www.bedrift6.d3-101.usn/wordpress/wp-login.php" "Mozilla/5.0 (Windows NT 10.0; Win64; x64) AppleWebKit/537.36 (KHTML, like Gecko) Chrome/130.0.0.0 Safari/537.36"
10.250.100.186 - - [07/Nov/2024:11:52:44 +0100] "GET /wordpress/wp-admin/load-styles.php?c=0&dir=ltr&load%5Bchunk_0%5D=dashicons,buttons,forms,l10n,login&ver=6.6.2 HTTP/1.1" 200 103294 "http://www.bedrift6.d3-101.usn/wordpress/wp-login.php" "Mozilla/5.0 (Windows NT 10.0; Win64; x64) AppleWebKit/537.36 (KHTML, like Gecko) Chrome/130.0.0.0 Safari/537.36"
10.250.100.186 - - [07/Nov/2024:11:52:50 +0100] "POST /wordpress/wp-login.php HTTP/1.1" 302 - "http://www.bedrift6.d3-101.usn/wordpress/wp-login.php" "Mozilla/5.0 (Windows NT 10.0; Win64; x64) AppleWebKit/537.36 (KHTML, like Gecko) Chrome/130.0.0.0 Safari/537.36"
10.250.100.186 - - [07/Nov/2024:11:52:51 +0100] "POST /wordpress/wp-login.php HTTP/1.1" 302 - "http://www.bedrift6.d3-101.usn/wordpress/wp-login.php" "Mozilla/5.0 (Windows NT 10.0; Win64; x64) AppleWebKit/537.36 (KHTML, like Gecko) Chrome/130.0.0.0 Safari/537.36"
10.250.100.186 - - [07/Nov/2024:11:52:52 +0100] "GET /wordpress/wp-includes/js/thickbox/thickbox.css?ver=6.6.2 HTTP/1.1" 200 2659 "http://www.bedrift6.d3-101.usn/wordpress/wp-admin/" "Mozilla/5.0 (Windows NT 10.0; Win64; x64) AppleWebKit/537.36 (KHTML, like Gecko) Chrome/130.0.0.0 Safari/537.36"
10.250.100.186 - - [07/Nov/2024:11:52:52 +0100] "GET /wordpress/wp-admin/load-scripts.php?c=0&load%5Bchunk_0%5D=jquery-core,jquery-migrate,utils&ver=6.6.2 HTTP/1.1" 200 102997 "http://www.bedrift6.d3-101.usn/wordpress/wp-admin/" "Mozilla/5.0 (Windows NT 10.0; Win64; x64) AppleWebKit/537.36 (KHTML, like Gecko) Chrome/130.0.0.0 Safari/537.36"
10.250.100.186 - - [07/Nov/2024:11:52:52 +0100] "GET /wordpress/wp-includes/css/editor.min.css?ver=6.6.2 HTTP/1.1" 200 26956 "http://www.bedrift6.d3-101.usn/wordpress/wp-admin/" "Mozilla/5.0 (Windows NT 10.0; Win64; x64) AppleWebKit/537.36 (KHTML, like Gecko) Chrome/130.0.0.0 Safari/537.36"
10.250.100.186 - - [07/Nov/2024:11:52:52 +0100] "GET /wordpress/wp-admin/load-styles.php?c=0&dir=ltr&load%5Bchunk_0%5D=dashicons,admin-bar,site-health,common,forms,admin-menu,dashboard,list-tables,edit,revisions,media,themes,about,nav-menus,wp-poi&load%5Bchunk_1%5D=nter,widgets,site-icon,l10n,buttons,wp-auth-check&ver=6.6.2 HTTP/1.1" 200 400455 "http://www.bedrift6.d3-101.usn/wordpress/wp-admin/" "Mozilla/5.0 (Windows NT 10.0; Win64; x64) AppleWebKit/537.36 (KHTML, like Gecko) Chrome/130.0.0.0 Safari/537.36"
10.250.100.186 - - [07/Nov/2024:11:52:50 +0100] "GET /wordpress/wp-admin/ HTTP/1.1" 200 15888 "http://www.bedrift6.d3-101.usn/wordpress/wp-login.php" "Mozilla/5.0 (Windows NT 10.0; Win64; x64) AppleWebKit/537.36 (KHTML, like Gecko) Chrome/130.0.0.0 Safari/537.36"
10.250.100.186 - - [07/Nov/2024:11:52:51 +0100] "GET /wordpress/wp-admin/ HTTP/1.1" 200 73263 "http://www.bedrift6.d3-101.usn/wordpress/wp-login.php" "Mozilla/5.0 (Windows NT 10.0; Win64; x64) AppleWebKit/537.36 (KHTML, like Gecko) Chrome/130.0.0.0 Safari/537.36"
10.250.100.186 - - [07/Nov/2024:11:52:52 +0100] "GET /wordpress/wp-admin/js/common.min.js?ver=6.6.2 HTTP/1.1" 200 22454 "http://www.bedrift6.d3-101.usn/wordpress/wp-admin/" "Mozilla/5.0 (Windows NT 10.0; Win64; x64) AppleWebKit/537.36 (KHTML, like Gecko) Chrome/130.0.0.0 Safari/537.36"
10.250.100.186 - - [07/Nov/2024:11:52:52 +0100] "GET /wordpress/wp-includes/js/admin-bar.min.js?ver=6.6.2 HTTP/1.1" 200 3487 "http://www.bedrift6.d3-101.usn/wordpress/wp-admin/" "Mozilla/5.0 (Windows NT 10.0; Win64; x64) AppleWebKit/537.36 (KHTML, like Gecko) Chrome/130.0.0.0 Safari/537.36"
10.250.100.186 - - [07/Nov/2024:11:52:52 +0100] "GET /wordpress/wp-includes/js/hoverintent-js.min.js?ver=2.2.1 HTTP/1.1" 200 1718 "http://www.bedrift6.d3-101.usn/wordpress/wp-admin/" "Mozilla/5.0 (Windows NT 10.0; Win64; x64) AppleWebKit/537.36 (KHTML, like Gecko) Chrome/130.0.0.0 Safari/537.36"
10.250.100.186 - - [07/Nov/2024:11:52:52 +0100] "GET /wordpress/wp-includes/js/clipboard.min.js?ver=2.0.11 HTTP/1.1" 200 9009 "http://www.bedrift6.d3-101.usn/wordpress/wp-admin/" "Mozilla/5.0 (Windows NT 10.0; Win64; x64) AppleWebKit/537.36 (KHTML, like Gecko) Chrome/130.0.0.0 Safari/537.36"
10.250.100.186 - - [07/Nov/2024:11:52:52 +0100] "GET /wordpress/wp-admin/load-scripts.php?c=0&load%5Bchunk_0%5D=hoverIntent,wp-hooks&ver=6.6.2 HTTP/1.1" 200 5808 "http://www.bedrift6.d3-101.usn/wordpress/wp-admin/" "Mozilla/5.0 (Windows NT 10.0; Win64; x64) AppleWebKit/537.36 (KHTML, like Gecko) Chrome/130.0.0.0 Safari/537.36"
10.250.100.186 - - [07/Nov/2024:11:52:52 +0100] "GET /wordpress/wp-includes/js/dist/dom-ready.min.js?ver=f77871ff7694fffea381 HTTP/1.1" 200 457 "http://www.bedrift6.d3-101.usn/wordpress/wp-admin/" "Mozilla/5.0 (Windows NT 10.0; Win64; x64) AppleWebKit/537.36 (KHTML, like Gecko) Chrome/130.0.0.0 Safari/537.36"
10.250.100.186 - - [07/Nov/2024:11:52:52 +0100] "GET /wordpress/wp-includes/js/dist/a11y.min.js?ver=d90eebea464f6c09bfd5 HTTP/1.1" 200 2358 "http://www.bedrift6.d3-101.usn/wordpress/wp-admin/" "Mozilla/5.0 (Windows NT 10.0; Win64; x64) AppleWebKit/537.36 (KHTML, like Gecko) Chrome/130.0.0.0 Safari/537.36"
10.250.100.186 - - [07/Nov/2024:11:52:52 +0100] "GET /wordpress/wp-includes/js/api-request.min.js?ver=6.6.2 HTTP/1.1" 200 1023 "http://www.bedrift6.d3-101.usn/wordpress/wp-admin/" "Mozilla/5.0 (Windows NT 10.0; Win64; x64) AppleWebKit/537.36 (KHTML, like Gecko) Chrome/130.0.0.0 Safari/537.36"
10.250.100.186 - - [07/Nov/2024:11:52:52 +0100] "GET /wordpress/wp-includes/js/dist/url.min.js?ver=36ae0e4dd9043bb8749b HTTP/1.1" 200 8226 "http://www.bedrift6.d3-101.usn/wordpress/wp-admin/" "Mozilla/5.0 (Windows NT 10.0; Win64; x64) AppleWebKit/537.36 (KHTML, like Gecko) Chrome/130.0.0.0 Safari/537.36"
