10.250.100.186 - - [07/Nov/2024:12:24:50 +0100] "GET /wordpress/index.php?rest_route=%2Fwp%2Fv2%2Fmedia&search=%2F(mail&per_page=20&_locale=user HTTP/1.1" 200 2 "http://www.bedrift6.d3-101.usn/wordpress/wp-admin/site-editor.php?postType=wp_template&postId=twentytwentytwo%2F%2Fpage&canvas=edit" "Mozilla/5.0 (Windows NT 10.0; Win64; x64) AppleWebKit/537.36 (KHTML, like Gecko) Chrome/130.0.0.0 Safari/537.36"
10.250.100.186 - - [07/Nov/2024:12:24:52 +0100] "POST /wordpress/wp-admin/admin-ajax.php HTTP/1.1" 200 47 "http://www.bedrift6.d3-101.usn/wordpress/wp-admin/site-editor.php?return=http%3A%2F%2Fwww.bedrift6.d3-101.usn%2Fwordpress%2Fwp-admin%2Fthemes.php&canvas=edit" "Mozilla/5.0 (Windows NT 10.0; Win64; x64) AppleWebKit/537.36 (KHTML, like Gecko) Chrome/130.0.0.0 Safari/537.36"
10.250.100.186 - - [07/Nov/2024:12:24:53 +0100] "GET /wordpress/index.php?rest_route=%2Fwp%2Fv2%2Fsearch&search=%2Fmai&per_page=20&type=term&_locale=user HTTP/1.1" 200 2 "http://www.bedrift6.d3-101.usn/wordpress/wp-admin/site-editor.php?postType=wp_template&postId=twentytwentytwo%2F%2Fpage&canvas=edit" "Mozilla/5.0 (Windows NT 10.0; Win64; x64) AppleWebKit/537.36 (KHTML, like Gecko) Chrome/130.0.0.0 Safari/537.36"
10.250.100.186 - - [07/Nov/2024:12:24:53 +0100] "GET /wordpress/index.php?rest_route=%2Fwp%2Fv2%2Fsearch&search=%2Fmai&per_page=20&type=post&_locale=user HTTP/1.1" 200 2 "http://www.bedrift6.d3-101.usn/wordpress/wp-admin/site-editor.php?postType=wp_template&postId=twentytwentytwo%2F%2Fpage&canvas=edit" "Mozilla/5.0 (Windows NT 10.0; Win64; x64) AppleWebKit/537.36 (KHTML, like Gecko) Chrome/130.0.0.0 Safari/537.36"
10.250.100.186 - - [07/Nov/2024:12:24:53 +0100] "GET /wordpress/index.php?rest_route=%2Fwp%2Fv2%2Fsearch&search=%2Fmai&per_page=20&type=post-format&_locale=user HTTP/1.1" 200 2 "http://www.bedrift6.d3-101.usn/wordpress/wp-admin/site-editor.php?postType=wp_template&postId=twentytwentytwo%2F%2Fpage&canvas=edit" "Mozilla/5.0 (Windows NT 10.0; Win64; x64) AppleWebKit/537.36 (KHTML, like Gecko) Chrome/130.0.0.0 Safari/537.36"
10.250.100.186 - - [07/Nov/2024:12:24:53 +0100] "GET /wordpress/index.php?rest_route=%2Fwp%2Fv2%2Fmedia&search=%2Fmai&per_page=20&_locale=user HTTP/1.1" 200 2 "http://www.bedrift6.d3-101.usn/wordpress/wp-admin/site-editor.php?postType=wp_template&postId=twentytwentytwo%2F%2Fpage&canvas=edit" "Mozilla/5.0 (Windows NT 10.0; Win64; x64) AppleWebKit/537.36 (KHTML, like Gecko) Chrome/130.0.0.0 Safari/537.36"
10.250.100.186 - - [07/Nov/2024:12:24:53 +0100] "GET /wordpress/index.php?rest_route=%2Fwp%2Fv2%2Fmedia&search=%2Fmail&per_page=20&_locale=user HTTP/1.1" 200 2 "http://www.bedrift6.d3-101.usn/wordpress/wp-admin/site-editor.php?postType=wp_template&postId=twentytwentytwo%2F%2Fpage&canvas=edit" "Mozilla/5.0 (Windows NT 10.0; Win64; x64) AppleWebKit/537.36 (KHTML, like Gecko) Chrome/130.0.0.0 Safari/537.36"
10.250.100.186 - - [07/Nov/2024:12:24:53 +0100] "GET /wordpress/index.php?rest_route=%2Fwp%2Fv2%2Fsearch&search=%2Fmail&per_page=20&type=post-format&_locale=user HTTP/1.1" 200 2 "http://www.bedrift6.d3-101.usn/wordpress/wp-admin/site-editor.php?postType=wp_template&postId=twentytwentytwo%2F%2Fpage&canvas=edit" "Mozilla/5.0 (Windows NT 10.0; Win64; x64) AppleWebKit/537.36 (KHTML, like Gecko) Chrome/130.0.0.0 Safari/537.36"
10.250.100.186 - - [07/Nov/2024:12:24:53 +0100] "GET /wordpress/index.php?rest_route=%2Fwp%2Fv2%2Fsearch&search=%2Fmail&per_page=20&type=post&_locale=user HTTP/1.1" 200 2 "http://www.bedrift6.d3-101.usn/wordpress/wp-admin/site-editor.php?postType=wp_template&postId=twentytwentytwo%2F%2Fpage&canvas=edit" "Mozilla/5.0 (Windows NT 10.0; Win64; x64) AppleWebKit/537.36 (KHTML, like Gecko) Chrome/130.0.0.0 Safari/537.36"
10.250.100.186 - - [07/Nov/2024:12:24:53 +0100] "GET /wordpress/index.php?rest_route=%2Fwp%2Fv2%2Fsearch&search=%2Fmail&per_page=20&type=term&_locale=user HTTP/1.1" 200 2 "http://www.bedrift6.d3-101.usn/wordpress/wp-admin/site-editor.php?postType=wp_template&postId=twentytwentytwo%2F%2Fpage&canvas=edit" "Mozilla/5.0 (Windows NT 10.0; Win64; x64) AppleWebKit/537.36 (KHTML, like Gecko) Chrome/130.0.0.0 Safari/537.36"
10.250.100.56 - - [07/Nov/2024:12:24:53 +0100] "GET / HTTP/1.1" 200 48564 "-" "Mozilla/5.0 (Windows NT 10.0; Win64; x64; rv:132.0) Gecko/20100101 Firefox/132.0"
10.250.100.56 - - [07/Nov/2024:12:24:55 +0100] "GET / HTTP/1.1" 200 48564 "-" "Mozilla/5.0 (Windows NT 10.0; Win64; x64; rv:132.0) Gecko/20100101 Firefox/132.0"
10.250.100.56 - - [07/Nov/2024:12:24:55 +0100] "GET /favicon.ico HTTP/1.1" 404 196 "http://www.bedrift6.d3-101.usn/" "Mozilla/5.0 (Windows NT 10.0; Win64; x64; rv:132.0) Gecko/20100101 Firefox/132.0"
10.250.100.186 - - [07/Nov/2024:12:24:57 +0100] "POST /wordpress/index.php?rest_route=%2Fwp%2Fv2%2Ftemplate-parts%2Ftwentytwentytwo%2F%2Fheader&_locale=user HTTP/1.1" 200 3200 "http://www.bedrift6.d3-101.usn/wordpress/wp-admin/site-editor.php?postType=wp_template&postId=twentytwentytwo%2F%2Fpage&canvas=edit" "Mozilla/5.0 (Windows NT 10.0; Win64; x64) AppleWebKit/537.36 (KHTML, like Gecko) Chrome/130.0.0.0 Safari/537.36"
10.250.100.56 - - [07/Nov/2024:12:24:57 +0100] "GET /www.bedrift6.d3-101.usn/mail HTTP/1.1" 404 196 "http://www.bedrift6.d3-101.usn/" "Mozilla/5.0 (Windows NT 10.0; Win64; x64; rv:132.0) Gecko/20100101 Firefox/132.0"
10.250.100.56 - - [07/Nov/2024:12:25:00 +0100] "GET / HTTP/1.1" 200 48541 "-" "Mozilla/5.0 (Windows NT 10.0; Win64; x64; rv:132.0) Gecko/20100101 Firefox/132.0"
10.250.100.56 - - [07/Nov/2024:12:25:01 +0100] "GET /mail/ HTTP/1.1" 200 2106 "http://www.bedrift6.d3-101.usn/" "Mozilla/5.0 (Windows NT 10.0; Win64; x64; rv:132.0) Gecko/20100101 Firefox/132.0"
10.250.100.56 - - [07/Nov/2024:12:25:01 +0100] "GET /mail/skins/elastic/fonts/roboto-v19-regular.woff2 HTTP/1.1" 200 51116 "http://www.bedrift6.d3-101.usn/mail/skins/elastic/styles/styles.css?s=1601206718" "Mozilla/5.0 (Windows NT 10.0; Win64; x64; rv:132.0) Gecko/20100101 Firefox/132.0"
10.250.100.56 - - [07/Nov/2024:12:25:15 +0100] "GET / HTTP/1.1" 200 48541 "-" "Mozilla/5.0 (Windows NT 10.0; Win64; x64; rv:132.0) Gecko/20100101 Firefox/132.0"
10.250.100.56 - - [07/Nov/2024:12:25:15 +0100] "GET /favicon.ico HTTP/1.1" 404 196 "http://www.bedrift6.d3-101.usn/" "Mozilla/5.0 (Windows NT 10.0; Win64; x64; rv:132.0) Gecko/20100101 Firefox/132.0"
10.250.100.56 - - [07/Nov/2024:12:25:15 +0100] "GET / HTTP/1.1" 200 48541 "-" "Mozilla/5.0 (Windows NT 10.0; Win64; x64; rv:132.0) Gecko/20100101 Firefox/132.0"
10.250.100.56 - - [07/Nov/2024:12:25:15 +0100] "GET / HTTP/1.1" 200 48541 "-" "Mozilla/5.0 (Windows NT 10.0; Win64; x64; rv:132.0) Gecko/20100101 Firefox/132.0"
10.250.100.56 - - [07/Nov/2024:12:25:16 +0100] "GET / HTTP/1.1" 200 48541 "-" "Mozilla/5.0 (Windows NT 10.0; Win64; x64; rv:132.0) Gecko/20100101 Firefox/132.0"
10.250.100.186 - - [07/Nov/2024:12:25:33 +0100] "POST /wordpress/wp-admin/admin-ajax.php HTTP/1.1" 200 47 "http://www.bedrift6.d3-101.usn/wordpress/wp-admin/site-editor.php?postType=wp_template&postId=twentytwentytwo%2F%2Fpage&canvas=edit" "Mozilla/5.0 (Windows NT 10.0; Win64; x64) AppleWebKit/537.36 (KHTML, like Gecko) Chrome/130.0.0.0 Safari/537.36"
10.250.100.56 - - [07/Nov/2024:12:26:01 +0100] "GET / HTTP/1.1" 200 48541 "-" "Mozilla/5.0 (Windows NT 10.0; Win64; x64; rv:132.0) Gecko/20100101 Firefox/132.0"
10.250.100.56 - - [07/Nov/2024:12:26:01 +0100] "GET /favicon.ico HTTP/1.1" 404 196 "http://www.bedrift6.d3-101.usn/" "Mozilla/5.0 (Windows NT 10.0; Win64; x64; rv:132.0) Gecko/20100101 Firefox/132.0"
10.250.100.56 - - [07/Nov/2024:12:26:02 +0100] "GET / HTTP/1.1" 200 48541 "-" "Mozilla/5.0 (Windows NT 10.0; Win64; x64; rv:132.0) Gecko/20100101 Firefox/132.0"
10.250.100.56 - - [07/Nov/2024:12:26:02 +0100] "GET /favicon.ico HTTP/1.1" 404 196 "http://www.bedrift6.d3-101.usn/" "Mozilla/5.0 (Windows NT 10.0; Win64; x64; rv:132.0) Gecko/20100101 Firefox/132.0"
10.250.100.56 - - [07/Nov/2024:12:26:02 +0100] "GET / HTTP/1.1" 200 48599 "-" "Mozilla/5.0 (Windows NT 10.0; Win64; x64; rv:132.0) Gecko/20100101 Firefox/132.0"
10.250.100.186 - - [07/Nov/2024:12:26:02 +0100] "POST /wordpress/index.php?rest_route=%2Fwp%2Fv2%2Ftemplate-parts%2Ftwentytwentytwo%2F%2Fheader&_locale=user HTTP/1.1" 200 3261 "http://www.bedrift6.d3-101.usn/wordpress/wp-admin/site-editor.php?postType=wp_template&postId=twentytwentytwo%2F%2Fpage&canvas=edit" "Mozilla/5.0 (Windows NT 10.0; Win64; x64) AppleWebKit/537.36 (KHTML, like Gecko) Chrome/130.0.0.0 Safari/537.36"
10.250.100.56 - - [07/Nov/2024:12:26:02 +0100] "GET / HTTP/1.1" 200 48599 "-" "Mozilla/5.0 (Windows NT 10.0; Win64; x64; rv:132.0) Gecko/20100101 Firefox/132.0"
10.250.100.56 - - [07/Nov/2024:12:26:02 +0100] "GET / HTTP/1.1" 200 48599 "-" "Mozilla/5.0 (Windows NT 10.0; Win64; x64; rv:132.0) Gecko/20100101 Firefox/132.0"
10.250.100.56 - - [07/Nov/2024:12:26:03 +0100] "GET / HTTP/1.1" 200 48599 "-" "Mozilla/5.0 (Windows NT 10.0; Win64; x64; rv:132.0) Gecko/20100101 Firefox/132.0"
10.250.100.56 - - [07/Nov/2024:12:26:03 +0100] "GET / HTTP/1.1" 200 48599 "-" "Mozilla/5.0 (Windows NT 10.0; Win64; x64; rv:132.0) Gecko/20100101 Firefox/132.0"
10.250.100.186 - - [07/Nov/2024:12:26:12 +0100] "GET /wordpress/index.php?rest_route=%2Fwp%2Fv2%2Fsearch&search=&per_page=20&type=post&subtype=page&_locale=user HTTP/1.1" 200 479 "http://www.bedrift6.d3-101.usn/wordpress/wp-admin/site-editor.php?postType=wp_template&postId=twentytwentytwo%2F%2Fpage&canvas=edit" "Mozilla/5.0 (Windows NT 10.0; Win64; x64) AppleWebKit/537.36 (KHTML, like Gecko) Chrome/130.0.0.0 Safari/537.36"
10.250.100.56 - - [07/Nov/2024:12:26:20 +0100] "GET / HTTP/1.1" 200 48599 "-" "Mozilla/5.0 (Windows NT 10.0; Win64; x64; rv:132.0) Gecko/20100101 Firefox/132.0"
10.250.100.56 - - [07/Nov/2024:12:26:20 +0100] "GET /favicon.ico HTTP/1.1" 404 196 "http://www.bedrift6.d3-101.usn/" "Mozilla/5.0 (Windows NT 10.0; Win64; x64; rv:132.0) Gecko/20100101 Firefox/132.0"
10.250.100.56 - - [07/Nov/2024:12:26:21 +0100] "GET / HTTP/1.1" 200 48599 "-" "Mozilla/5.0 (Windows NT 10.0; Win64; x64; rv:132.0) Gecko/20100101 Firefox/132.0"
10.250.100.56 - - [07/Nov/2024:12:26:21 +0100] "GET / HTTP/1.1" 200 48599 "-" "Mozilla/5.0 (Windows NT 10.0; Win64; x64; rv:132.0) Gecko/20100101 Firefox/132.0"
10.250.100.56 - - [07/Nov/2024:12:26:21 +0100] "GET / HTTP/1.1" 200 48700 "-" "Mozilla/5.0 (Windows NT 10.0; Win64; x64; rv:132.0) Gecko/20100101 Firefox/132.0"
10.250.100.186 - - [07/Nov/2024:12:26:21 +0100] "POST /wordpress/index.php?rest_route=%2Fwp%2Fv2%2Ftemplate-parts%2Ftwentytwentytwo%2F%2Fheader&_locale=user HTTP/1.1" 200 3367 "http://www.bedrift6.d3-101.usn/wordpress/wp-admin/site-editor.php?postType=wp_template&postId=twentytwentytwo%2F%2Fpage&canvas=edit" "Mozilla/5.0 (Windows NT 10.0; Win64; x64) AppleWebKit/537.36 (KHTML, like Gecko) Chrome/130.0.0.0 Safari/537.36"
10.250.100.56 - - [07/Nov/2024:12:26:21 +0100] "GET / HTTP/1.1" 200 48700 "-" "Mozilla/5.0 (Windows NT 10.0; Win64; x64; rv:132.0) Gecko/20100101 Firefox/132.0"
10.250.100.56 - - [07/Nov/2024:12:26:22 +0100] "GET / HTTP/1.1" 200 48700 "-" "Mozilla/5.0 (Windows NT 10.0; Win64; x64; rv:132.0) Gecko/20100101 Firefox/132.0"
10.250.100.56 - - [07/Nov/2024:12:26:22 +0100] "GET / HTTP/1.1" 200 48700 "-" "Mozilla/5.0 (Windows NT 10.0; Win64; x64; rv:132.0) Gecko/20100101 Firefox/132.0"
10.250.100.56 - - [07/Nov/2024:12:26:22 +0100] "GET / HTTP/1.1" 200 48700 "-" "Mozilla/5.0 (Windows NT 10.0; Win64; x64; rv:132.0) Gecko/20100101 Firefox/132.0"
10.250.100.56 - - [07/Nov/2024:12:26:22 +0100] "GET / HTTP/1.1" 200 48700 "-" "Mozilla/5.0 (Windows NT 10.0; Win64; x64; rv:132.0) Gecko/20100101 Firefox/132.0"
10.250.100.186 - - [07/Nov/2024:12:26:33 +0100] "POST /wordpress/wp-admin/admin-ajax.php HTTP/1.1" 200 47 "http://www.bedrift6.d3-101.usn/wordpress/wp-admin/site-editor.php?postType=wp_template&postId=twentytwentytwo%2F%2Fpage&canvas=edit" "Mozilla/5.0 (Windows NT 10.0; Win64; x64) AppleWebKit/537.36 (KHTML, like Gecko) Chrome/130.0.0.0 Safari/537.36"
10.250.100.56 - - [07/Nov/2024:12:26:46 +0100] "GET / HTTP/1.1" 200 48700 "-" "Mozilla/5.0 (Windows NT 10.0; Win64; x64; rv:132.0) Gecko/20100101 Firefox/132.0"
10.250.100.56 - - [07/Nov/2024:12:26:46 +0100] "GET / HTTP/1.1" 200 48700 "-" "Mozilla/5.0 (Windows NT 10.0; Win64; x64; rv:132.0) Gecko/20100101 Firefox/132.0"
10.250.100.56 - - [07/Nov/2024:12:26:46 +0100] "GET / HTTP/1.1" 200 48700 "-" "Mozilla/5.0 (Windows NT 10.0; Win64; x64; rv:132.0) Gecko/20100101 Firefox/132.0"
10.250.100.56 - - [07/Nov/2024:12:26:47 +0100] "GET / HTTP/1.1" 200 48700 "-" "Mozilla/5.0 (Windows NT 10.0; Win64; x64; rv:132.0) Gecko/20100101 Firefox/132.0"
10.250.100.56 - - [07/Nov/2024:12:26:47 +0100] "GET / HTTP/1.1" 200 48700 "-" "Mozilla/5.0 (Windows NT 10.0; Win64; x64; rv:132.0) Gecko/20100101 Firefox/132.0"
10.250.100.56 - - [07/Nov/2024:12:26:48 +0100] "GET / HTTP/1.1" 200 48700 "-" "Mozilla/5.0 (Windows NT 10.0; Win64; x64; rv:132.0) Gecko/20100101 Firefox/132.0"
10.250.100.56 - - [07/Nov/2024:12:26:48 +0100] "GET / HTTP/1.1" 200 48700 "-" "Mozilla/5.0 (Windows NT 10.0; Win64; x64; rv:132.0) Gecko/20100101 Firefox/132.0"
10.250.100.56 - - [07/Nov/2024:12:26:48 +0100] "GET / HTTP/1.1" 200 48700 "-" "Mozilla/5.0 (Windows NT 10.0; Win64; x64; rv:132.0) Gecko/20100101 Firefox/132.0"
10.250.100.56 - - [07/Nov/2024:12:26:48 +0100] "GET / HTTP/1.1" 200 48700 "-" "Mozilla/5.0 (Windows NT 10.0; Win64; x64; rv:132.0) Gecko/20100101 Firefox/132.0"
10.250.100.56 - - [07/Nov/2024:12:26:49 +0100] "GET / HTTP/1.1" 200 48700 "-" "Mozilla/5.0 (Windows NT 10.0; Win64; x64; rv:132.0) Gecko/20100101 Firefox/132.0"
10.250.100.56 - - [07/Nov/2024:12:26:49 +0100] "GET / HTTP/1.1" 200 48700 "-" "Mozilla/5.0 (Windows NT 10.0; Win64; x64; rv:132.0) Gecko/20100101 Firefox/132.0"
10.250.100.56 - - [07/Nov/2024:12:26:50 +0100] "GET / HTTP/1.1" 200 48700 "-" "Mozilla/5.0 (Windows NT 10.0; Win64; x64; rv:132.0) Gecko/20100101 Firefox/132.0"
10.250.100.56 - - [07/Nov/2024:12:26:51 +0100] "GET / HTTP/1.1" 200 48700 "-" "Mozilla/5.0 (Windows NT 10.0; Win64; x64; rv:132.0) Gecko/20100101 Firefox/132.0"
10.250.100.56 - - [07/Nov/2024:12:26:51 +0100] "GET / HTTP/1.1" 200 48700 "-" "Mozilla/5.0 (Windows NT 10.0; Win64; x64; rv:132.0) Gecko/20100101 Firefox/132.0"
10.250.100.56 - - [07/Nov/2024:12:26:51 +0100] "GET / HTTP/1.1" 200 48700 "-" "Mozilla/5.0 (Windows NT 10.0; Win64; x64; rv:132.0) Gecko/20100101 Firefox/132.0"
10.250.100.56 - - [07/Nov/2024:12:26:51 +0100] "GET / HTTP/1.1" 200 48700 "-" "Mozilla/5.0 (Windows NT 10.0; Win64; x64; rv:132.0) Gecko/20100101 Firefox/132.0"
10.250.100.56 - - [07/Nov/2024:12:26:52 +0100] "GET / HTTP/1.1" 200 48700 "-" "Mozilla/5.0 (Windows NT 10.0; Win64; x64; rv:132.0) Gecko/20100101 Firefox/132.0"
10.250.100.56 - - [07/Nov/2024:12:26:53 +0100] "GET / HTTP/1.1" 200 48700 "-" "Mozilla/5.0 (Windows NT 10.0; Win64; x64; rv:132.0) Gecko/20100101 Firefox/132.0"
10.250.100.186 - - [07/Nov/2024:12:26:53 +0100] "POST /wordpress/wp-admin/admin-ajax.php HTTP/1.1" 200 47 "http://www.bedrift6.d3-101.usn/wordpress/wp-admin/site-editor.php?return=http%3A%2F%2Fwww.bedrift6.d3-101.usn%2Fwordpress%2Fwp-admin%2Fthemes.php&canvas=edit" "Mozilla/5.0 (Windows NT 10.0; Win64; x64) AppleWebKit/537.36 (KHTML, like Gecko) Chrome/130.0.0.0 Safari/537.36"
10.250.100.56 - - [07/Nov/2024:12:26:53 +0100] "GET / HTTP/1.1" 200 48700 "-" "Mozilla/5.0 (Windows NT 10.0; Win64; x64; rv:132.0) Gecko/20100101 Firefox/132.0"
10.250.100.56 - - [07/Nov/2024:12:26:53 +0100] "GET / HTTP/1.1" 200 48700 "-" "Mozilla/5.0 (Windows NT 10.0; Win64; x64; rv:132.0) Gecko/20100101 Firefox/132.0"
10.250.100.56 - - [07/Nov/2024:12:26:53 +0100] "GET / HTTP/1.1" 200 48700 "-" "Mozilla/5.0 (Windows NT 10.0; Win64; x64; rv:132.0) Gecko/20100101 Firefox/132.0"
10.250.100.56 - - [07/Nov/2024:12:26:54 +0100] "GET / HTTP/1.1" 200 48700 "-" "Mozilla/5.0 (Windows NT 10.0; Win64; x64; rv:132.0) Gecko/20100101 Firefox/132.0"
10.250.100.56 - - [07/Nov/2024:12:26:54 +0100] "GET / HTTP/1.1" 200 48700 "-" "Mozilla/5.0 (Windows NT 10.0; Win64; x64; rv:132.0) Gecko/20100101 Firefox/132.0"
10.250.100.56 - - [07/Nov/2024:12:26:54 +0100] "GET / HTTP/1.1" 200 48700 "-" "Mozilla/5.0 (Windows NT 10.0; Win64; x64; rv:132.0) Gecko/20100101 Firefox/132.0"
10.250.100.56 - - [07/Nov/2024:12:26:54 +0100] "GET / HTTP/1.1" 200 48700 "-" "Mozilla/5.0 (Windows NT 10.0; Win64; x64; rv:132.0) Gecko/20100101 Firefox/132.0"
10.250.100.56 - - [07/Nov/2024:12:26:54 +0100] "GET / HTTP/1.1" 200 48700 "-" "Mozilla/5.0 (Windows NT 10.0; Win64; x64; rv:132.0) Gecko/20100101 Firefox/132.0"
10.250.100.186 - - [07/Nov/2024:12:26:54 +0100] "POST /wordpress/index.php?rest_route=%2Fwp%2Fv2%2Ftemplate-parts%2Ftwentytwentytwo%2F%2Fheader&_locale=user HTTP/1.1" 200 3385 "http://www.bedrift6.d3-101.usn/wordpress/wp-admin/site-editor.php?postType=wp_template&postId=twentytwentytwo%2F%2Fpage&canvas=edit" "Mozilla/5.0 (Windows NT 10.0; Win64; x64) AppleWebKit/537.36 (KHTML, like Gecko) Chrome/130.0.0.0 Safari/537.36"
10.250.100.56 - - [07/Nov/2024:12:26:55 +0100] "GET / HTTP/1.1" 200 48717 "-" "Mozilla/5.0 (Windows NT 10.0; Win64; x64; rv:132.0) Gecko/20100101 Firefox/132.0"
10.250.100.56 - - [07/Nov/2024:12:26:55 +0100] "GET / HTTP/1.1" 200 48717 "-" "Mozilla/5.0 (Windows NT 10.0; Win64; x64; rv:132.0) Gecko/20100101 Firefox/132.0"
10.250.100.56 - - [07/Nov/2024:12:26:55 +0100] "GET / HTTP/1.1" 200 48717 "-" "Mozilla/5.0 (Windows NT 10.0; Win64; x64; rv:132.0) Gecko/20100101 Firefox/132.0"
10.250.100.56 - - [07/Nov/2024:12:26:55 +0100] "GET / HTTP/1.1" 200 48717 "-" "Mozilla/5.0 (Windows NT 10.0; Win64; x64; rv:132.0) Gecko/20100101 Firefox/132.0"
10.250.100.56 - - [07/Nov/2024:12:26:56 +0100] "GET / HTTP/1.1" 200 48717 "-" "Mozilla/5.0 (Windows NT 10.0; Win64; x64; rv:132.0) Gecko/20100101 Firefox/132.0"
10.250.100.56 - - [07/Nov/2024:12:26:56 +0100] "GET / HTTP/1.1" 200 48717 "-" "Mozilla/5.0 (Windows NT 10.0; Win64; x64; rv:132.0) Gecko/20100101 Firefox/132.0"
10.250.100.56 - - [07/Nov/2024:12:26:56 +0100] "GET / HTTP/1.1" 200 48717 "-" "Mozilla/5.0 (Windows NT 10.0; Win64; x64; rv:132.0) Gecko/20100101 Firefox/132.0"
10.250.100.56 - - [07/Nov/2024:12:26:57 +0100] "GET / HTTP/1.1" 200 48717 "-" "Mozilla/5.0 (Windows NT 10.0; Win64; x64; rv:132.0) Gecko/20100101 Firefox/132.0"
10.250.100.56 - - [07/Nov/2024:12:26:57 +0100] "GET / HTTP/1.1" 200 48717 "-" "Mozilla/5.0 (Windows NT 10.0; Win64; x64; rv:132.0) Gecko/20100101 Firefox/132.0"
10.250.100.56 - - [07/Nov/2024:12:26:57 +0100] "GET / HTTP/1.1" 200 48717 "-" "Mozilla/5.0 (Windows NT 10.0; Win64; x64; rv:132.0) Gecko/20100101 Firefox/132.0"
10.250.100.56 - - [07/Nov/2024:12:27:00 +0100] "GET /mail/ HTTP/1.1" 200 2106 "http://www.bedrift6.d3-101.usn/" "Mozilla/5.0 (Windows NT 10.0; Win64; x64; rv:132.0) Gecko/20100101 Firefox/132.0"
10.250.100.186 - - [07/Nov/2024:12:27:33 +0100] "POST /wordpress/wp-admin/admin-ajax.php HTTP/1.1" 200 47 "http://www.bedrift6.d3-101.usn/wordpress/wp-admin/site-editor.php?postType=wp_template&postId=twentytwentytwo%2F%2Fpage&canvas=edit" "Mozilla/5.0 (Windows NT 10.0; Win64; x64) AppleWebKit/537.36 (KHTML, like Gecko) Chrome/130.0.0.0 Safari/537.36"
10.250.100.186 - - [07/Nov/2024:12:28:33 +0100] "POST /wordpress/wp-admin/admin-ajax.php HTTP/1.1" 200 47 "http://www.bedrift6.d3-101.usn/wordpress/wp-admin/site-editor.php?postType=wp_template&postId=twentytwentytwo%2F%2Fpage&canvas=edit" "Mozilla/5.0 (Windows NT 10.0; Win64; x64) AppleWebKit/537.36 (KHTML, like Gecko) Chrome/130.0.0.0 Safari/537.36"
10.250.100.186 - - [07/Nov/2024:12:28:36 +0100] "GET /wordpress/index.php?rest_route=/wp/v2/template-parts&context=edit&per_page=100&_locale=user HTTP/1.1" 200 11468 "http://www.bedrift6.d3-101.usn/wordpress/wp-admin/site-editor.php?postType=wp_template&postId=twentytwentytwo%2F%2Fpage&canvas=edit" "Mozilla/5.0 (Windows NT 10.0; Win64; x64) AppleWebKit/537.36 (KHTML, like Gecko) Chrome/130.0.0.0 Safari/537.36"
10.250.100.186 - - [07/Nov/2024:12:28:54 +0100] "POST /wordpress/wp-admin/admin-ajax.php HTTP/1.1" 200 47 "http://www.bedrift6.d3-101.usn/wordpress/wp-admin/site-editor.php?return=http%3A%2F%2Fwww.bedrift6.d3-101.usn%2Fwordpress%2Fwp-admin%2Fthemes.php&canvas=edit" "Mozilla/5.0 (Windows NT 10.0; Win64; x64) AppleWebKit/537.36 (KHTML, like Gecko) Chrome/130.0.0.0 Safari/537.36"
10.250.100.186 - - [07/Nov/2024:12:29:27 +0100] "POST /wordpress/wp-admin/admin-ajax.php HTTP/1.1" 200 26 "http://www.bedrift6.d3-101.usn/wordpress/wp-admin/site-editor.php?postType=wp_template&postId=twentytwentytwo%2F%2Fpage&canvas=edit" "Mozilla/5.0 (Windows NT 10.0; Win64; x64) AppleWebKit/537.36 (KHTML, like Gecko) Chrome/130.0.0.0 Safari/537.36"
10.250.100.186 - - [07/Nov/2024:12:29:33 +0100] "POST /wordpress/wp-admin/admin-ajax.php HTTP/1.1" 200 47 "http://www.bedrift6.d3-101.usn/wordpress/wp-admin/site-editor.php?postType=wp_template&postId=twentytwentytwo%2F%2Fpage&canvas=edit" "Mozilla/5.0 (Windows NT 10.0; Win64; x64) AppleWebKit/537.36 (KHTML, like Gecko) Chrome/130.0.0.0 Safari/537.36"
10.250.100.186 - - [07/Nov/2024:12:29:44 +0100] "POST /wordpress/wp-admin/admin-ajax.php HTTP/1.1" 200 26 "http://www.bedrift6.d3-101.usn/wordpress/wp-admin/site-editor.php?postType=wp_template&postId=twentytwentytwo%2F%2Fpage&canvas=edit" "Mozilla/5.0 (Windows NT 10.0; Win64; x64) AppleWebKit/537.36 (KHTML, like Gecko) Chrome/130.0.0.0 Safari/537.36"
10.250.100.186 - - [07/Nov/2024:12:29:57 +0100] "POST /wordpress/wp-admin/admin-ajax.php HTTP/1.1" 200 26 "http://www.bedrift6.d3-101.usn/wordpress/wp-admin/site-editor.php?postType=wp_template&postId=twentytwentytwo%2F%2Fpage&canvas=edit" "Mozilla/5.0 (Windows NT 10.0; Win64; x64) AppleWebKit/537.36 (KHTML, like Gecko) Chrome/130.0.0.0 Safari/537.36"
10.250.100.186 - - [07/Nov/2024:12:30:33 +0100] "POST /wordpress/wp-admin/admin-ajax.php HTTP/1.1" 200 47 "http://www.bedrift6.d3-101.usn/wordpress/wp-admin/site-editor.php?postType=wp_template&postId=twentytwentytwo%2F%2Fpage&canvas=edit" "Mozilla/5.0 (Windows NT 10.0; Win64; x64) AppleWebKit/537.36 (KHTML, like Gecko) Chrome/130.0.0.0 Safari/537.36"
10.250.100.186 - - [07/Nov/2024:12:30:55 +0100] "POST /wordpress/wp-admin/admin-ajax.php HTTP/1.1" 200 47 "http://www.bedrift6.d3-101.usn/wordpress/wp-admin/site-editor.php?return=http%3A%2F%2Fwww.bedrift6.d3-101.usn%2Fwordpress%2Fwp-admin%2Fthemes.php&canvas=edit" "Mozilla/5.0 (Windows NT 10.0; Win64; x64) AppleWebKit/537.36 (KHTML, like Gecko) Chrome/130.0.0.0 Safari/537.36"
10.250.100.186 - - [07/Nov/2024:12:31:18 +0100] "POST /wordpress/index.php?rest_route=%2Fwp%2Fv2%2Ftemplate-parts%2Ftwentytwentytwo%2F%2Fheader&_locale=user HTTP/1.1" 200 3933 "http://www.bedrift6.d3-101.usn/wordpress/wp-admin/site-editor.php?postType=wp_template&postId=twentytwentytwo%2F%2Fpage&canvas=edit" "Mozilla/5.0 (Windows NT 10.0; Win64; x64) AppleWebKit/537.36 (KHTML, like Gecko) Chrome/130.0.0.0 Safari/537.36"
10.250.100.186 - - [07/Nov/2024:12:31:18 +0100] "GET /wordpress/index.php?rest_route=/wp/v2/template-parts&context=edit&per_page=100&_locale=user HTTP/1.1" 200 12016 "http://www.bedrift6.d3-101.usn/wordpress/wp-admin/site-editor.php?postType=wp_template&postId=twentytwentytwo%2F%2Fpage&canvas=edit" "Mozilla/5.0 (Windows NT 10.0; Win64; x64) AppleWebKit/537.36 (KHTML, like Gecko) Chrome/130.0.0.0 Safari/537.36"
10.250.100.56 - - [07/Nov/2024:12:31:20 +0100] "GET / HTTP/1.1" 200 48621 "-" "Mozilla/5.0 (Windows NT 10.0; Win64; x64; rv:132.0) Gecko/20100101 Firefox/132.0"
10.250.100.56 - - [07/Nov/2024:12:31:25 +0100] "GET /mail/ HTTP/1.1" 200 2106 "http://www.bedrift6.d3-101.usn/" "Mozilla/5.0 (Windows NT 10.0; Win64; x64; rv:132.0) Gecko/20100101 Firefox/132.0"
10.250.100.186 - - [07/Nov/2024:12:31:31 +0100] "POST /wordpress/index.php?rest_route=%2Fwp%2Fv2%2Ftemplate-parts%2Ftwentytwentytwo%2F%2Fheader&_locale=user HTTP/1.1" 400 144 "http://www.bedrift6.d3-101.usn/wordpress/wp-admin/site-editor.php?postType=wp_template&postId=twentytwentytwo%2F%2Fpage&canvas=edit" "Mozilla/5.0 (Windows NT 10.0; Win64; x64) AppleWebKit/537.36 (KHTML, like Gecko) Chrome/130.0.0.0 Safari/537.36"
10.250.100.186 - - [07/Nov/2024:12:32:15 +0100] "GET /wordpress/wp-admin/site-editor.php?postType=wp_template&postId=twentytwentytwo%2F%2Fpage&canvas=edit HTTP/1.1" 200 396581 "-" "Mozilla/5.0 (Windows NT 10.0; Win64; x64) AppleWebKit/537.36 (KHTML, like Gecko) Chrome/130.0.0.0 Safari/537.36"
10.250.100.186 - - [07/Nov/2024:12:32:16 +0100] "GET /wordpress/index.php?rest_route=%2F&_fields=description%2Cgmt_offset%2Chome%2Cname%2Csite_icon%2Csite_icon_url%2Csite_logo%2Ctimezone_string%2Curl&_locale=user HTTP/1.1" 200 227 "http://www.bedrift6.d3-101.usn/wordpress/wp-admin/site-editor.php?postType=wp_template&postId=twentytwentytwo%2F%2Fpage&canvas=edit" "Mozilla/5.0 (Windows NT 10.0; Win64; x64) AppleWebKit/537.36 (KHTML, like Gecko) Chrome/130.0.0.0 Safari/537.36"
10.250.100.186 - - [07/Nov/2024:12:32:16 +0100] "OPTIONS /wordpress/index.php?rest_route=%2Fwp%2Fv2%2Fsettings&_locale=user HTTP/1.1" 200 5227 "http://www.bedrift6.d3-101.usn/wordpress/wp-admin/site-editor.php?postType=wp_template&postId=twentytwentytwo%2F%2Fpage&canvas=edit" "Mozilla/5.0 (Windows NT 10.0; Win64; x64) AppleWebKit/537.36 (KHTML, like Gecko) Chrome/130.0.0.0 Safari/537.36"
10.250.100.186 - - [07/Nov/2024:12:32:16 +0100] "GET /wordpress/index.php?rest_route=%2Fwp%2Fv2%2Ftypes&context=view&_locale=user HTTP/1.1" 200 6267 "http://www.bedrift6.d3-101.usn/wordpress/wp-admin/site-editor.php?postType=wp_template&postId=twentytwentytwo%2F%2Fpage&canvas=edit" "Mozilla/5.0 (Windows NT 10.0; Win64; x64) AppleWebKit/537.36 (KHTML, like Gecko) Chrome/130.0.0.0 Safari/537.36"
10.250.100.186 - - [07/Nov/2024:12:32:16 +0100] "OPTIONS /wordpress/index.php?rest_route=%2Fwp%2Fv2%2Fsettings&_locale=user HTTP/1.1" 200 5227 "http://www.bedrift6.d3-101.usn/wordpress/wp-admin/site-editor.php?postType=wp_template&postId=twentytwentytwo%2F%2Fpage&canvas=edit" "Mozilla/5.0 (Windows NT 10.0; Win64; x64) AppleWebKit/537.36 (KHTML, like Gecko) Chrome/130.0.0.0 Safari/537.36"
10.250.100.186 - - [07/Nov/2024:12:32:16 +0100] "GET /wordpress/index.php?rest_route=%2Fwp%2Fv2%2Fsettings&_locale=user HTTP/1.1" 200 459 "http://www.bedrift6.d3-101.usn/wordpress/wp-admin/site-editor.php?postType=wp_template&postId=twentytwentytwo%2F%2Fpage&canvas=edit" "Mozilla/5.0 (Windows NT 10.0; Win64; x64) AppleWebKit/537.36 (KHTML, like Gecko) Chrome/130.0.0.0 Safari/537.36"
10.250.100.186 - - [07/Nov/2024:12:32:16 +0100] "GET /wordpress/index.php?rest_route=%2Fwp%2Fv2%2Ftypes&context=view&_locale=user HTTP/1.1" 200 6267 "http://www.bedrift6.d3-101.usn/wordpress/wp-admin/site-editor.php?postType=wp_template&postId=twentytwentytwo%2F%2Fpage&canvas=edit" "Mozilla/5.0 (Windows NT 10.0; Win64; x64) AppleWebKit/537.36 (KHTML, like Gecko) Chrome/130.0.0.0 Safari/537.36"
10.250.100.186 - - [07/Nov/2024:12:32:16 +0100] "GET /wordpress/index.php?rest_route=%2Fwp%2Fv2%2Fsettings&_locale=user HTTP/1.1" 200 459 "http://www.bedrift6.d3-101.usn/wordpress/wp-admin/site-editor.php?postType=wp_template&postId=twentytwentytwo%2F%2Fpage&canvas=edit" "Mozilla/5.0 (Windows NT 10.0; Win64; x64) AppleWebKit/537.36 (KHTML, like Gecko) Chrome/130.0.0.0 Safari/537.36"
10.250.100.186 - - [07/Nov/2024:12:32:16 +0100] "OPTIONS /wordpress/index.php?rest_route=%2Fwp%2Fv2%2Fsettings&_locale=user HTTP/1.1" 200 5227 "http://www.bedrift6.d3-101.usn/wordpress/wp-admin/site-editor.php?postType=wp_template&postId=twentytwentytwo%2F%2Fpage&canvas=edit" "Mozilla/5.0 (Windows NT 10.0; Win64; x64) AppleWebKit/537.36 (KHTML, like Gecko) Chrome/130.0.0.0 Safari/537.36"
10.250.100.186 - - [07/Nov/2024:12:32:16 +0100] "OPTIONS /wordpress/index.php?rest_route=%2Fwp%2Fv2%2Fpages&_locale=user HTTP/1.1" 200 12584 "http://www.bedrift6.d3-101.usn/wordpress/wp-admin/site-editor.php?postType=wp_template&postId=twentytwentytwo%2F%2Fpage&canvas=edit" "Mozilla/5.0 (Windows NT 10.0; Win64; x64) AppleWebKit/537.36 (KHTML, like Gecko) Chrome/130.0.0.0 Safari/537.36"
10.250.100.186 - - [07/Nov/2024:12:32:16 +0100] "GET /wordpress/index.php?rest_route=%2Fwp%2Fv2%2Fblock-patterns%2Fcategories&_locale=user HTTP/1.1" 200 1990 "http://www.bedrift6.d3-101.usn/wordpress/wp-admin/site-editor.php?postType=wp_template&postId=twentytwentytwo%2F%2Fpage&canvas=edit" "Mozilla/5.0 (Windows NT 10.0; Win64; x64) AppleWebKit/537.36 (KHTML, like Gecko) Chrome/130.0.0.0 Safari/537.36"
10.250.100.186 - - [07/Nov/2024:12:32:16 +0100] "OPTIONS /wordpress/index.php?rest_route=%2Fwp%2Fv2%2Ftemplates&_locale=user HTTP/1.1" 200 5087 "http://www.bedrift6.d3-101.usn/wordpress/wp-admin/site-editor.php?postType=wp_template&postId=twentytwentytwo%2F%2Fpage&canvas=edit" "Mozilla/5.0 (Windows NT 10.0; Win64; x64) AppleWebKit/537.36 (KHTML, like Gecko) Chrome/130.0.0.0 Safari/537.36"
10.250.100.186 - - [07/Nov/2024:12:32:16 +0100] "GET /wordpress/index.php?rest_route=%2Fwp%2Fv2%2Ftaxonomies&context=view&_locale=user HTTP/1.1" 200 1919 "http://www.bedrift6.d3-101.usn/wordpress/wp-admin/site-editor.php?postType=wp_template&postId=twentytwentytwo%2F%2Fpage&canvas=edit" "Mozilla/5.0 (Windows NT 10.0; Win64; x64) AppleWebKit/537.36 (KHTML, like Gecko) Chrome/130.0.0.0 Safari/537.36"
10.250.100.186 - - [07/Nov/2024:12:32:16 +0100] "OPTIONS /wordpress/index.php?rest_route=%2Fwp%2Fv2%2F&_locale=user HTTP/1.1" 200 285 "http://www.bedrift6.d3-101.usn/wordpress/wp-admin/site-editor.php?postType=wp_template&postId=twentytwentytwo%2F%2Fpage&canvas=edit" "Mozilla/5.0 (Windows NT 10.0; Win64; x64) AppleWebKit/537.36 (KHTML, like Gecko) Chrome/130.0.0.0 Safari/537.36"
10.250.100.186 - - [07/Nov/2024:12:32:16 +0100] "GET /wordpress/index.php?rest_route=/wp/v2/taxonomies&context=edit&per_page=100&_locale=user HTTP/1.1" 200 8536 "http://www.bedrift6.d3-101.usn/wordpress/wp-admin/site-editor.php?postType=wp_template&postId=twentytwentytwo%2F%2Fpage&canvas=edit" "Mozilla/5.0 (Windows NT 10.0; Win64; x64) AppleWebKit/537.36 (KHTML, like Gecko) Chrome/130.0.0.0 Safari/537.36"
10.250.100.186 - - [07/Nov/2024:12:32:16 +0100] "GET /wordpress/index.php?rest_route=%2F&_fields=description%2Cgmt_offset%2Chome%2Cname%2Csite_icon%2Csite_icon_url%2Csite_logo%2Ctimezone_string%2Curl&_locale=user HTTP/1.1" 200 227 "http://www.bedrift6.d3-101.usn/wordpress/wp-admin/site-editor.php?postType=wp_template&postId=twentytwentytwo%2F%2Fpage&canvas=edit" "Mozilla/5.0 (Windows NT 10.0; Win64; x64) AppleWebKit/537.36 (KHTML, like Gecko) Chrome/130.0.0.0 Safari/537.36"
10.250.100.186 - - [07/Nov/2024:12:32:17 +0100] "GET /wordpress/index.php?rest_route=%2Fwp%2Fv2%2Ftypes&context=view&_locale=user HTTP/1.1" 200 6267 "http://www.bedrift6.d3-101.usn/wordpress/wp-admin/site-editor.php?postType=wp_template&postId=twentytwentytwo%2F%2Fpage&canvas=edit" "Mozilla/5.0 (Windows NT 10.0; Win64; x64) AppleWebKit/537.36 (KHTML, like Gecko) Chrome/130.0.0.0 Safari/537.36"
10.250.100.186 - - [07/Nov/2024:12:32:16 +0100] "GET /wordpress/index.php?rest_route=%2Fwp%2Fv2%2Fusers&context=view&who=authors&per_page=50&_fields=id%2Cname&_locale=user HTTP/1.1" 200 23 "http://www.bedrift6.d3-101.usn/wordpress/wp-admin/site-editor.php?postType=wp_template&postId=twentytwentytwo%2F%2Fpage&canvas=edit" "Mozilla/5.0 (Windows NT 10.0; Win64; x64) AppleWebKit/537.36 (KHTML, like Gecko) Chrome/130.0.0.0 Safari/537.36"
10.250.100.186 - - [07/Nov/2024:12:32:17 +0100] "GET /wordpress/index.php?rest_route=/wp/v2/wp_pattern_category&context=view&per_page=100&_fields=id%2Cname%2Cdescription%2Cslug&_locale=user HTTP/1.1" 200 2 "http://www.bedrift6.d3-101.usn/wordpress/wp-admin/site-editor.php?postType=wp_template&postId=twentytwentytwo%2F%2Fpage&canvas=edit" "Mozilla/5.0 (Windows NT 10.0; Win64; x64) AppleWebKit/537.36 (KHTML, like Gecko) Chrome/130.0.0.0 Safari/537.36"
10.250.100.186 - - [07/Nov/2024:12:32:17 +0100] "GET /wordpress/index.php?rest_route=/wp/v2/blocks&context=edit&per_page=100&_locale=user HTTP/1.1" 200 2 "http://www.bedrift6.d3-101.usn/wordpress/wp-admin/site-editor.php?postType=wp_template&postId=twentytwentytwo%2F%2Fpage&canvas=edit" "Mozilla/5.0 (Windows NT 10.0; Win64; x64) AppleWebKit/537.36 (KHTML, like Gecko) Chrome/130.0.0.0 Safari/537.36"
10.250.100.186 - - [07/Nov/2024:12:32:16 +0100] "GET /wordpress/index.php?rest_route=%2Fwp%2Fv2%2Fblock-patterns%2Fpatterns&_locale=user HTTP/1.1" 200 325854 "http://www.bedrift6.d3-101.usn/wordpress/wp-admin/site-editor.php?postType=wp_template&postId=twentytwentytwo%2F%2Fpage&canvas=edit" "Mozilla/5.0 (Windows NT 10.0; Win64; x64) AppleWebKit/537.36 (KHTML, like Gecko) Chrome/130.0.0.0 Safari/537.36"
10.250.100.186 - - [07/Nov/2024:12:32:18 +0100] "GET /wordpress/index.php?rest_route=/wp/v2/pages&context=view&parent=0&order=asc&orderby=id&per_page=100&_locale=user HTTP/1.1" 200 3154 "http://www.bedrift6.d3-101.usn/wordpress/wp-admin/site-editor.php?postType=wp_template&postId=twentytwentytwo%2F%2Fpage&canvas=edit" "Mozilla/5.0 (Windows NT 10.0; Win64; x64) AppleWebKit/537.36 (KHTML, like Gecko) Chrome/130.0.0.0 Safari/537.36"
10.250.100.186 - - [07/Nov/2024:12:32:18 +0100] "GET /wordpress/index.php?rest_route=/wp/v2/menus&context=view&per_page=100&_locale=user HTTP/1.1" 200 2 "http://www.bedrift6.d3-101.usn/wordpress/wp-admin/site-editor.php?postType=wp_template&postId=twentytwentytwo%2F%2Fpage&canvas=edit" "Mozilla/5.0 (Windows NT 10.0; Win64; x64) AppleWebKit/537.36 (KHTML, like Gecko) Chrome/130.0.0.0 Safari/537.36"
10.250.100.186 - - [07/Nov/2024:12:32:18 +0100] "GET /wordpress/index.php?rest_route=%2Fwp%2Fv2%2Fpages&context=edit&per_page=100&_fields=id%2Clink%2Cmenu_order%2Cparent%2Ctitle%2Ctype&orderby=menu_order&order=asc&_locale=user HTTP/1.1" 200 170 "http://www.bedrift6.d3-101.usn/wordpress/wp-admin/site-editor.php?postType=wp_template&postId=twentytwentytwo%2F%2Fpage&canvas=edit" "Mozilla/5.0 (Windows NT 10.0; Win64; x64) AppleWebKit/537.36 (KHTML, like Gecko) Chrome/130.0.0.0 Safari/537.36"
10.250.100.56 - - [07/Nov/2024:12:32:20 +0100] "GET / HTTP/1.1" 200 48621 "-" "Mozilla/5.0 (Windows NT 10.0; Win64; x64; rv:132.0) Gecko/20100101 Firefox/132.0"
10.250.100.186 - - [07/Nov/2024:12:32:24 +0100] "POST /wordpress/index.php?rest_route=%2Fwp%2Fv2%2Ftemplate-parts%2Ftwentytwentytwo%2F%2Fheader&_locale=user HTTP/1.1" 200 3748 "http://www.bedrift6.d3-101.usn/wordpress/wp-admin/site-editor.php?postType=wp_template&postId=twentytwentytwo%2F%2Fpage&canvas=edit" "Mozilla/5.0 (Windows NT 10.0; Win64; x64) AppleWebKit/537.36 (KHTML, like Gecko) Chrome/130.0.0.0 Safari/537.36"
10.250.100.56 - - [07/Nov/2024:12:32:27 +0100] "GET / HTTP/1.1" 200 48445 "-" "Mozilla/5.0 (Windows NT 10.0; Win64; x64; rv:132.0) Gecko/20100101 Firefox/132.0"
10.250.100.56 - - [07/Nov/2024:12:32:28 +0100] "GET /mail/ HTTP/1.1" 200 2106 "http://www.bedrift6.d3-101.usn/" "Mozilla/5.0 (Windows NT 10.0; Win64; x64; rv:132.0) Gecko/20100101 Firefox/132.0"
10.250.100.186 - - [07/Nov/2024:12:32:42 +0100] "POST /wordpress/index.php?rest_route=%2Fwp%2Fv2%2Ftemplate-parts%2Ftwentytwentytwo%2F%2Fheader&_locale=user HTTP/1.1" 200 3689 "http://www.bedrift6.d3-101.usn/wordpress/wp-admin/site-editor.php?postType=wp_template&postId=twentytwentytwo%2F%2Fpage&canvas=edit" "Mozilla/5.0 (Windows NT 10.0; Win64; x64) AppleWebKit/537.36 (KHTML, like Gecko) Chrome/130.0.0.0 Safari/537.36"
10.250.100.56 - - [07/Nov/2024:12:32:46 +0100] "GET / HTTP/1.1" 200 48425 "-" "Mozilla/5.0 (Windows NT 10.0; Win64; x64; rv:132.0) Gecko/20100101 Firefox/132.0"
10.250.100.186 - - [07/Nov/2024:12:33:05 +0100] "GET /wordpress/index.php?rest_route=%2Fwp%2Fv2%2Fmedia&search=%2Fv&per_page=20&_locale=user HTTP/1.1" 200 2 "http://www.bedrift6.d3-101.usn/wordpress/wp-admin/site-editor.php?postType=wp_template&postId=twentytwentytwo%2F%2Fpage&canvas=edit" "Mozilla/5.0 (Windows NT 10.0; Win64; x64) AppleWebKit/537.36 (KHTML, like Gecko) Chrome/130.0.0.0 Safari/537.36"
10.250.100.186 - - [07/Nov/2024:12:33:05 +0100] "GET /wordpress/index.php?rest_route=%2Fwp%2Fv2%2Fsearch&search=%2Fv&per_page=20&type=post&_locale=user HTTP/1.1" 200 2 "http://www.bedrift6.d3-101.usn/wordpress/wp-admin/site-editor.php?postType=wp_template&postId=twentytwentytwo%2F%2Fpage&canvas=edit" "Mozilla/5.0 (Windows NT 10.0; Win64; x64) AppleWebKit/537.36 (KHTML, like Gecko) Chrome/130.0.0.0 Safari/537.36"
10.250.100.186 - - [07/Nov/2024:12:33:05 +0100] "GET /wordpress/index.php?rest_route=%2Fwp%2Fv2%2Fsearch&search=%2Fv&per_page=20&type=post-format&_locale=user HTTP/1.1" 200 2 "http://www.bedrift6.d3-101.usn/wordpress/wp-admin/site-editor.php?postType=wp_template&postId=twentytwentytwo%2F%2Fpage&canvas=edit" "Mozilla/5.0 (Windows NT 10.0; Win64; x64) AppleWebKit/537.36 (KHTML, like Gecko) Chrome/130.0.0.0 Safari/537.36"
10.250.100.186 - - [07/Nov/2024:12:33:05 +0100] "GET /wordpress/index.php?rest_route=%2Fwp%2Fv2%2Fsearch&search=%2Fv&per_page=20&type=term&_locale=user HTTP/1.1" 200 2 "http://www.bedrift6.d3-101.usn/wordpress/wp-admin/site-editor.php?postType=wp_template&postId=twentytwentytwo%2F%2Fpage&canvas=edit" "Mozilla/5.0 (Windows NT 10.0; Win64; x64) AppleWebKit/537.36 (KHTML, like Gecko) Chrome/130.0.0.0 Safari/537.36"
10.250.100.186 - - [07/Nov/2024:12:33:05 +0100] "GET /wordpress/index.php?rest_route=%2Fwp%2Fv2%2Fsearch&search=%2Fwp&per_page=20&type=term&_locale=user HTTP/1.1" 200 2 "http://www.bedrift6.d3-101.usn/wordpress/wp-admin/site-editor.php?postType=wp_template&postId=twentytwentytwo%2F%2Fpage&canvas=edit" "Mozilla/5.0 (Windows NT 10.0; Win64; x64) AppleWebKit/537.36 (KHTML, like Gecko) Chrome/130.0.0.0 Safari/537.36"
10.250.100.186 - - [07/Nov/2024:12:33:05 +0100] "GET /wordpress/index.php?rest_route=%2Fwp%2Fv2%2Fsearch&search=%2Fwp&per_page=20&type=post-format&_locale=user HTTP/1.1" 200 2 "http://www.bedrift6.d3-101.usn/wordpress/wp-admin/site-editor.php?postType=wp_template&postId=twentytwentytwo%2F%2Fpage&canvas=edit" "Mozilla/5.0 (Windows NT 10.0; Win64; x64) AppleWebKit/537.36 (KHTML, like Gecko) Chrome/130.0.0.0 Safari/537.36"
10.250.100.186 - - [07/Nov/2024:12:33:05 +0100] "GET /wordpress/index.php?rest_route=%2Fwp%2Fv2%2Fmedia&search=%2Fwp&per_page=20&_locale=user HTTP/1.1" 200 2 "http://www.bedrift6.d3-101.usn/wordpress/wp-admin/site-editor.php?postType=wp_template&postId=twentytwentytwo%2F%2Fpage&canvas=edit" "Mozilla/5.0 (Windows NT 10.0; Win64; x64) AppleWebKit/537.36 (KHTML, like Gecko) Chrome/130.0.0.0 Safari/537.36"
10.250.100.186 - - [07/Nov/2024:12:33:05 +0100] "GET /wordpress/index.php?rest_route=%2Fwp%2Fv2%2Fsearch&search=%2Fwp&per_page=20&type=post&_locale=user HTTP/1.1" 200 952 "http://www.bedrift6.d3-101.usn/wordpress/wp-admin/site-editor.php?postType=wp_template&postId=twentytwentytwo%2F%2Fpage&canvas=edit" "Mozilla/5.0 (Windows NT 10.0; Win64; x64) AppleWebKit/537.36 (KHTML, like Gecko) Chrome/130.0.0.0 Safari/537.36"
10.250.100.186 - - [07/Nov/2024:12:33:06 +0100] "GET /wordpress/index.php?rest_route=%2Fwp%2Fv2%2Fsearch&search=%2Fwp-&per_page=20&type=post&_locale=user HTTP/1.1" 200 479 "http://www.bedrift6.d3-101.usn/wordpress/wp-admin/site-editor.php?postType=wp_template&postId=twentytwentytwo%2F%2Fpage&canvas=edit" "Mozilla/5.0 (Windows NT 10.0; Win64; x64) AppleWebKit/537.36 (KHTML, like Gecko) Chrome/130.0.0.0 Safari/537.36"
10.250.100.186 - - [07/Nov/2024:12:33:06 +0100] "GET /wordpress/index.php?rest_route=%2Fwp%2Fv2%2Fsearch&search=%2Fwp-&per_page=20&type=term&_locale=user HTTP/1.1" 200 2 "http://www.bedrift6.d3-101.usn/wordpress/wp-admin/site-editor.php?postType=wp_template&postId=twentytwentytwo%2F%2Fpage&canvas=edit" "Mozilla/5.0 (Windows NT 10.0; Win64; x64) AppleWebKit/537.36 (KHTML, like Gecko) Chrome/130.0.0.0 Safari/537.36"
10.250.100.186 - - [07/Nov/2024:12:33:06 +0100] "GET /wordpress/index.php?rest_route=%2Fwp%2Fv2%2Fsearch&search=%2Fwp-&per_page=20&type=post-format&_locale=user HTTP/1.1" 200 2 "http://www.bedrift6.d3-101.usn/wordpress/wp-admin/site-editor.php?postType=wp_template&postId=twentytwentytwo%2F%2Fpage&canvas=edit" "Mozilla/5.0 (Windows NT 10.0; Win64; x64) AppleWebKit/537.36 (KHTML, like Gecko) Chrome/130.0.0.0 Safari/537.36"
10.250.100.186 - - [07/Nov/2024:12:33:06 +0100] "GET /wordpress/index.php?rest_route=%2Fwp%2Fv2%2Fmedia&search=%2Fwp-&per_page=20&_locale=user HTTP/1.1" 200 2 "http://www.bedrift6.d3-101.usn/wordpress/wp-admin/site-editor.php?postType=wp_template&postId=twentytwentytwo%2F%2Fpage&canvas=edit" "Mozilla/5.0 (Windows NT 10.0; Win64; x64) AppleWebKit/537.36 (KHTML, like Gecko) Chrome/130.0.0.0 Safari/537.36"
10.250.100.186 - - [07/Nov/2024:12:33:06 +0100] "GET /wordpress/index.php?rest_route=%2Fwp%2Fv2%2Fsearch&search=%2Fwp-ad&per_page=20&type=post&_locale=user HTTP/1.1" 200 479 "http://www.bedrift6.d3-101.usn/wordpress/wp-admin/site-editor.php?postType=wp_template&postId=twentytwentytwo%2F%2Fpage&canvas=edit" "Mozilla/5.0 (Windows NT 10.0; Win64; x64) AppleWebKit/537.36 (KHTML, like Gecko) Chrome/130.0.0.0 Safari/537.36"
10.250.100.186 - - [07/Nov/2024:12:33:06 +0100] "GET /wordpress/index.php?rest_route=%2Fwp%2Fv2%2Fmedia&search=%2Fwp-ad&per_page=20&_locale=user HTTP/1.1" 200 2 "http://www.bedrift6.d3-101.usn/wordpress/wp-admin/site-editor.php?postType=wp_template&postId=twentytwentytwo%2F%2Fpage&canvas=edit" "Mozilla/5.0 (Windows NT 10.0; Win64; x64) AppleWebKit/537.36 (KHTML, like Gecko) Chrome/130.0.0.0 Safari/537.36"
10.250.100.186 - - [07/Nov/2024:12:33:06 +0100] "GET /wordpress/index.php?rest_route=%2Fwp%2Fv2%2Fsearch&search=%2Fwp-ad&per_page=20&type=post-format&_locale=user HTTP/1.1" 200 2 "http://www.bedrift6.d3-101.usn/wordpress/wp-admin/site-editor.php?postType=wp_template&postId=twentytwentytwo%2F%2Fpage&canvas=edit" "Mozilla/5.0 (Windows NT 10.0; Win64; x64) AppleWebKit/537.36 (KHTML, like Gecko) Chrome/130.0.0.0 Safari/537.36"
10.250.100.186 - - [07/Nov/2024:12:33:06 +0100] "GET /wordpress/index.php?rest_route=%2Fwp%2Fv2%2Fsearch&search=%2Fwp-ad&per_page=20&type=term&_locale=user HTTP/1.1" 200 2 "http://www.bedrift6.d3-101.usn/wordpress/wp-admin/site-editor.php?postType=wp_template&postId=twentytwentytwo%2F%2Fpage&canvas=edit" "Mozilla/5.0 (Windows NT 10.0; Win64; x64) AppleWebKit/537.36 (KHTML, like Gecko) Chrome/130.0.0.0 Safari/537.36"
10.250.100.186 - - [07/Nov/2024:12:33:07 +0100] "GET /wordpress/index.php?rest_route=%2Fwp%2Fv2%2Fmedia&search=%2Fwp-adm&per_page=20&_locale=user HTTP/1.1" 200 2 "http://www.bedrift6.d3-101.usn/wordpress/wp-admin/site-editor.php?postType=wp_template&postId=twentytwentytwo%2F%2Fpage&canvas=edit" "Mozilla/5.0 (Windows NT 10.0; Win64; x64) AppleWebKit/537.36 (KHTML, like Gecko) Chrome/130.0.0.0 Safari/537.36"
10.250.100.186 - - [07/Nov/2024:12:33:07 +0100] "GET /wordpress/index.php?rest_route=%2Fwp%2Fv2%2Fsearch&search=%2Fwp-adm&per_page=20&type=post-format&_locale=user HTTP/1.1" 200 2 "http://www.bedrift6.d3-101.usn/wordpress/wp-admin/site-editor.php?postType=wp_template&postId=twentytwentytwo%2F%2Fpage&canvas=edit" "Mozilla/5.0 (Windows NT 10.0; Win64; x64) AppleWebKit/537.36 (KHTML, like Gecko) Chrome/130.0.0.0 Safari/537.36"
10.250.100.186 - - [07/Nov/2024:12:33:07 +0100] "GET /wordpress/index.php?rest_route=%2Fwp%2Fv2%2Fsearch&search=%2Fwp-adm&per_page=20&type=post&_locale=user HTTP/1.1" 200 479 "http://www.bedrift6.d3-101.usn/wordpress/wp-admin/site-editor.php?postType=wp_template&postId=twentytwentytwo%2F%2Fpage&canvas=edit" "Mozilla/5.0 (Windows NT 10.0; Win64; x64) AppleWebKit/537.36 (KHTML, like Gecko) Chrome/130.0.0.0 Safari/537.36"
10.250.100.186 - - [07/Nov/2024:12:33:07 +0100] "GET /wordpress/index.php?rest_route=%2Fwp%2Fv2%2Fsearch&search=%2Fwp-adm&per_page=20&type=term&_locale=user HTTP/1.1" 200 2 "http://www.bedrift6.d3-101.usn/wordpress/wp-admin/site-editor.php?postType=wp_template&postId=twentytwentytwo%2F%2Fpage&canvas=edit" "Mozilla/5.0 (Windows NT 10.0; Win64; x64) AppleWebKit/537.36 (KHTML, like Gecko) Chrome/130.0.0.0 Safari/537.36"
10.250.100.186 - - [07/Nov/2024:12:33:08 +0100] "GET /wordpress/index.php?rest_route=%2Fwp%2Fv2%2Fsearch&search=%2Fwp-admin&per_page=20&type=post-format&_locale=user HTTP/1.1" 200 2 "http://www.bedrift6.d3-101.usn/wordpress/wp-admin/site-editor.php?postType=wp_template&postId=twentytwentytwo%2F%2Fpage&canvas=edit" "Mozilla/5.0 (Windows NT 10.0; Win64; x64) AppleWebKit/537.36 (KHTML, like Gecko) Chrome/130.0.0.0 Safari/537.36"
10.250.100.186 - - [07/Nov/2024:12:33:08 +0100] "GET /wordpress/index.php?rest_route=%2Fwp%2Fv2%2Fmedia&search=%2Fwp-admin&per_page=20&_locale=user HTTP/1.1" 200 2 "http://www.bedrift6.d3-101.usn/wordpress/wp-admin/site-editor.php?postType=wp_template&postId=twentytwentytwo%2F%2Fpage&canvas=edit" "Mozilla/5.0 (Windows NT 10.0; Win64; x64) AppleWebKit/537.36 (KHTML, like Gecko) Chrome/130.0.0.0 Safari/537.36"
10.250.100.186 - - [07/Nov/2024:12:33:08 +0100] "GET /wordpress/index.php?rest_route=%2Fwp%2Fv2%2Fsearch&search=%2Fwp-admin&per_page=20&type=term&_locale=user HTTP/1.1" 200 2 "http://www.bedrift6.d3-101.usn/wordpress/wp-admin/site-editor.php?postType=wp_template&postId=twentytwentytwo%2F%2Fpage&canvas=edit" "Mozilla/5.0 (Windows NT 10.0; Win64; x64) AppleWebKit/537.36 (KHTML, like Gecko) Chrome/130.0.0.0 Safari/537.36"
10.250.100.186 - - [07/Nov/2024:12:33:08 +0100] "GET /wordpress/index.php?rest_route=%2Fwp%2Fv2%2Fsearch&search=%2Fwp-admin&per_page=20&type=post&_locale=user HTTP/1.1" 200 479 "http://www.bedrift6.d3-101.usn/wordpress/wp-admin/site-editor.php?postType=wp_template&postId=twentytwentytwo%2F%2Fpage&canvas=edit" "Mozilla/5.0 (Windows NT 10.0; Win64; x64) AppleWebKit/537.36 (KHTML, like Gecko) Chrome/130.0.0.0 Safari/537.36"
10.250.100.186 - - [07/Nov/2024:12:33:10 +0100] "GET /wordpress/index.php?rest_route=%2Fwp%2Fv2%2Fmedia&search=%2Fwp-ad&per_page=20&_locale=user HTTP/1.1" 200 2 "http://www.bedrift6.d3-101.usn/wordpress/wp-admin/site-editor.php?postType=wp_template&postId=twentytwentytwo%2F%2Fpage&canvas=edit" "Mozilla/5.0 (Windows NT 10.0; Win64; x64) AppleWebKit/537.36 (KHTML, like Gecko) Chrome/130.0.0.0 Safari/537.36"
10.250.100.186 - - [07/Nov/2024:12:33:10 +0100] "GET /wordpress/index.php?rest_route=%2Fwp%2Fv2%2Fsearch&search=%2Fwp-ad&per_page=20&type=term&_locale=user HTTP/1.1" 200 2 "http://www.bedrift6.d3-101.usn/wordpress/wp-admin/site-editor.php?postType=wp_template&postId=twentytwentytwo%2F%2Fpage&canvas=edit" "Mozilla/5.0 (Windows NT 10.0; Win64; x64) AppleWebKit/537.36 (KHTML, like Gecko) Chrome/130.0.0.0 Safari/537.36"
10.250.100.186 - - [07/Nov/2024:12:33:10 +0100] "GET /wordpress/index.php?rest_route=%2Fwp%2Fv2%2Fsearch&search=%2Fwp-ad&per_page=20&type=post-format&_locale=user HTTP/1.1" 200 2 "http://www.bedrift6.d3-101.usn/wordpress/wp-admin/site-editor.php?postType=wp_template&postId=twentytwentytwo%2F%2Fpage&canvas=edit" "Mozilla/5.0 (Windows NT 10.0; Win64; x64) AppleWebKit/537.36 (KHTML, like Gecko) Chrome/130.0.0.0 Safari/537.36"
10.250.100.186 - - [07/Nov/2024:12:33:10 +0100] "GET /wordpress/index.php?rest_route=%2Fwp%2Fv2%2Fsearch&search=%2Fwp-ad&per_page=20&type=post&_locale=user HTTP/1.1" 200 479 "http://www.bedrift6.d3-101.usn/wordpress/wp-admin/site-editor.php?postType=wp_template&postId=twentytwentytwo%2F%2Fpage&canvas=edit" "Mozilla/5.0 (Windows NT 10.0; Win64; x64) AppleWebKit/537.36 (KHTML, like Gecko) Chrome/130.0.0.0 Safari/537.36"
10.250.100.186 - - [07/Nov/2024:12:33:10 +0100] "GET /wordpress/index.php?rest_route=%2Fwp%2Fv2%2Fsearch&search=%2Fwp-a&per_page=20&type=post-format&_locale=user HTTP/1.1" 200 2 "http://www.bedrift6.d3-101.usn/wordpress/wp-admin/site-editor.php?postType=wp_template&postId=twentytwentytwo%2F%2Fpage&canvas=edit" "Mozilla/5.0 (Windows NT 10.0; Win64; x64) AppleWebKit/537.36 (KHTML, like Gecko) Chrome/130.0.0.0 Safari/537.36"
10.250.100.186 - - [07/Nov/2024:12:33:10 +0100] "GET /wordpress/index.php?rest_route=%2Fwp%2Fv2%2Fsearch&search=%2Fwp-a&per_page=20&type=term&_locale=user HTTP/1.1" 200 2 "http://www.bedrift6.d3-101.usn/wordpress/wp-admin/site-editor.php?postType=wp_template&postId=twentytwentytwo%2F%2Fpage&canvas=edit" "Mozilla/5.0 (Windows NT 10.0; Win64; x64) AppleWebKit/537.36 (KHTML, like Gecko) Chrome/130.0.0.0 Safari/537.36"
10.250.100.186 - - [07/Nov/2024:12:33:10 +0100] "GET /wordpress/index.php?rest_route=%2Fwp%2Fv2%2Fsearch&search=%2Fwp-a&per_page=20&type=post&_locale=user HTTP/1.1" 200 479 "http://www.bedrift6.d3-101.usn/wordpress/wp-admin/site-editor.php?postType=wp_template&postId=twentytwentytwo%2F%2Fpage&canvas=edit" "Mozilla/5.0 (Windows NT 10.0; Win64; x64) AppleWebKit/537.36 (KHTML, like Gecko) Chrome/130.0.0.0 Safari/537.36"
10.250.100.186 - - [07/Nov/2024:12:33:10 +0100] "GET /wordpress/index.php?rest_route=%2Fwp%2Fv2%2Fmedia&search=%2Fwp-a&per_page=20&_locale=user HTTP/1.1" 200 2 "http://www.bedrift6.d3-101.usn/wordpress/wp-admin/site-editor.php?postType=wp_template&postId=twentytwentytwo%2F%2Fpage&canvas=edit" "Mozilla/5.0 (Windows NT 10.0; Win64; x64) AppleWebKit/537.36 (KHTML, like Gecko) Chrome/130.0.0.0 Safari/537.36"
10.250.100.186 - - [07/Nov/2024:12:33:11 +0100] "GET /wordpress/index.php?rest_route=%2Fwp%2Fv2%2Fsearch&search=%2Fwp-&per_page=20&type=post&_locale=user HTTP/1.1" 200 479 "http://www.bedrift6.d3-101.usn/wordpress/wp-admin/site-editor.php?postType=wp_template&postId=twentytwentytwo%2F%2Fpage&canvas=edit" "Mozilla/5.0 (Windows NT 10.0; Win64; x64) AppleWebKit/537.36 (KHTML, like Gecko) Chrome/130.0.0.0 Safari/537.36"
10.250.100.186 - - [07/Nov/2024:12:33:11 +0100] "GET /wordpress/index.php?rest_route=%2Fwp%2Fv2%2Fmedia&search=%2Fwp-&per_page=20&_locale=user HTTP/1.1" 200 2 "http://www.bedrift6.d3-101.usn/wordpress/wp-admin/site-editor.php?postType=wp_template&postId=twentytwentytwo%2F%2Fpage&canvas=edit" "Mozilla/5.0 (Windows NT 10.0; Win64; x64) AppleWebKit/537.36 (KHTML, like Gecko) Chrome/130.0.0.0 Safari/537.36"
10.250.100.186 - - [07/Nov/2024:12:33:11 +0100] "GET /wordpress/index.php?rest_route=%2Fwp%2Fv2%2Fsearch&search=%2Fwp-&per_page=20&type=post-format&_locale=user HTTP/1.1" 200 2 "http://www.bedrift6.d3-101.usn/wordpress/wp-admin/site-editor.php?postType=wp_template&postId=twentytwentytwo%2F%2Fpage&canvas=edit" "Mozilla/5.0 (Windows NT 10.0; Win64; x64) AppleWebKit/537.36 (KHTML, like Gecko) Chrome/130.0.0.0 Safari/537.36"
